20:12:39 **** Clean-only build of configuration Debug for project Test_I2C ****
"\"C:\\DAVEv4\\DAVE-4.3.2\\eclipse\\ARM-GCC-49\\bin\\make\"" --output-sync -j8 clean 
rm -rf  ./Startup/startup_XMC4500.o ./Startup/system_XMC4500.o  ./Libraries/XMCLib/src/xmc4_eru.o ./Libraries/XMCLib/src/xmc4_flash.o ./Libraries/XMCLib/src/xmc4_gpio.o ./Libraries/XMCLib/src/xmc4_rtc.o ./Libraries/XMCLib/src/xmc4_scu.o ./Libraries/XMCLib/src/xmc_can.o ./Libraries/XMCLib/src/xmc_ccu4.o ./Libraries/XMCLib/src/xmc_ccu8.o ./Libraries/XMCLib/src/xmc_common.o ./Libraries/XMCLib/src/xmc_dac.o ./Libraries/XMCLib/src/xmc_dma.o ./Libraries/XMCLib/src/xmc_dsd.o ./Libraries/XMCLib/src/xmc_ebu.o ./Libraries/XMCLib/src/xmc_ecat.o ./Libraries/XMCLib/src/xmc_eru.o ./Libraries/XMCLib/src/xmc_eth_mac.o ./Libraries/XMCLib/src/xmc_fce.o ./Libraries/XMCLib/src/xmc_gpio.o ./Libraries/XMCLib/src/xmc_hrpwm.o ./Libraries/XMCLib/src/xmc_i2c.o ./Libraries/XMCLib/src/xmc_i2s.o ./Libraries/XMCLib/src/xmc_ledts.o ./Libraries/XMCLib/src/xmc_posif.o ./Libraries/XMCLib/src/xmc_rtc.o ./Libraries/XMCLib/src/xmc_sdmmc.o ./Libraries/XMCLib/src/xmc_spi.o ./Libraries/XMCLib/src/xmc_uart.o ./Libraries/XMCLib/src/xmc_usbd.o ./Libraries/XMCLib/src/xmc_usbh.o ./Libraries/XMCLib/src/xmc_usic.o ./Libraries/XMCLib/src/xmc_vadc.o ./Libraries/XMCLib/src/xmc_wdt.o  ./Libraries/Newlib/syscalls.o  ./Dave/Generated/UART/uart.o ./Dave/Generated/UART/uart_conf.o  ./Dave/Generated/I2C_MASTER/i2c_master.o ./Dave/Generated/I2C_MASTER/i2c_master_conf.o  ./Dave/Generated/DIGITAL_IO/digital_io.o ./Dave/Generated/DIGITAL_IO/digital_io_conf.o  ./Dave/Generated/CPU_CTRL_XMC4/cpu_ctrl_xmc4.o ./Dave/Generated/CPU_CTRL_XMC4/cpu_ctrl_xmc4_conf.o  ./Dave/Generated/CLOCK_XMC4/clock_xmc4.o ./Dave/Generated/CLOCK_XMC4/clock_xmc4_conf.o  ./Dave/Generated/DAVE.o  ./main.o  Test_I2C.hex  Test_I2C.lst  Test_I2C.siz  ./Startup/startup_XMC4500.d  ./Startup/system_XMC4500.d  ./Libraries/XMCLib/src/xmc4_eru.d ./Libraries/XMCLib/src/xmc4_flash.d ./Libraries/XMCLib/src/xmc4_gpio.d ./Libraries/XMCLib/src/xmc4_rtc.d ./Libraries/XMCLib/src/xmc4_scu.d ./Libraries/XMCLib/src/xmc_can.d ./Libraries/XMCLib/src/xmc_ccu4.d ./Libraries/XMCLib/src/xmc_ccu8.d ./Libraries/XMCLib/src/xmc_common.d ./Libraries/XMCLib/src/xmc_dac.d ./Libraries/XMCLib/src/xmc_dma.d ./Libraries/XMCLib/src/xmc_dsd.d ./Libraries/XMCLib/src/xmc_ebu.d ./Libraries/XMCLib/src/xmc_ecat.d ./Libraries/XMCLib/src/xmc_eru.d ./Libraries/XMCLib/src/xmc_eth_mac.d ./Libraries/XMCLib/src/xmc_fce.d ./Libraries/XMCLib/src/xmc_gpio.d ./Libraries/XMCLib/src/xmc_hrpwm.d ./Libraries/XMCLib/src/xmc_i2c.d ./Libraries/XMCLib/src/xmc_i2s.d ./Libraries/XMCLib/src/xmc_ledts.d ./Libraries/XMCLib/src/xmc_posif.d ./Libraries/XMCLib/src/xmc_rtc.d ./Libraries/XMCLib/src/xmc_sdmmc.d ./Libraries/XMCLib/src/xmc_spi.d ./Libraries/XMCLib/src/xmc_uart.d ./Libraries/XMCLib/src/xmc_usbd.d ./Libraries/XMCLib/src/xmc_usbh.d ./Libraries/XMCLib/src/xmc_usic.d ./Libraries/XMCLib/src/xmc_vadc.d ./Libraries/XMCLib/src/xmc_wdt.d  ./Libraries/Newlib/syscalls.d  ./Dave/Generated/UART/uart.d ./Dave/Generated/UART/uart_conf.d  ./Dave/Generated/I2C_MASTER/i2c_master.d ./Dave/Generated/I2C_MASTER/i2c_master_conf.d  ./Dave/Generated/DIGITAL_IO/digital_io.d ./Dave/Generated/DIGITAL_IO/digital_io_conf.d  ./Dave/Generated/CPU_CTRL_XMC4/cpu_ctrl_xmc4.d ./Dave/Generated/CPU_CTRL_XMC4/cpu_ctrl_xmc4_conf.d  ./Dave/Generated/CLOCK_XMC4/clock_xmc4.d ./Dave/Generated/CLOCK_XMC4/clock_xmc4_conf.d  ./Dave/Generated/DAVE.d  ./main.d  Test_I2C.elf ./Startup/startup_XMC4500.o.lst ./Startup/system_XMC4500.o.lst ./Libraries/XMCLib/src/xmc4_eru.o.lst ./Libraries/XMCLib/src/xmc4_flash.o.lst ./Libraries/XMCLib/src/xmc4_gpio.o.lst ./Libraries/XMCLib/src/xmc4_rtc.o.lst ./Libraries/XMCLib/src/xmc4_scu.o.lst ./Libraries/XMCLib/src/xmc_can.o.lst ./Libraries/XMCLib/src/xmc_ccu4.o.lst ./Libraries/XMCLib/src/xmc_ccu8.o.lst ./Libraries/XMCLib/src/xmc_common.o.lst ./Libraries/XMCLib/src/xmc_dac.o.lst ./Libraries/XMCLib/src/xmc_dma.o.lst ./Libraries/XMCLib/src/xmc_dsd.o.lst ./Libraries/XMCLib/src/xmc_ebu.o.lst ./Libraries/XMCLib/src/xmc_ecat.o.lst ./Libraries/XMCLib/src/xmc_eru.o.lst ./Libraries/XMCLib/src/xmc_eth_mac.o.lst ./Libraries/XMCLib/src/xmc_fce.o.lst ./Libraries/XMCLib/src/xmc_gpio.o.lst ./Libraries/XMCLib/src/xmc_hrpwm.o.lst ./Libraries/XMCLib/src/xmc_i2c.o.lst ./Libraries/XMCLib/src/xmc_i2s.o.lst ./Libraries/XMCLib/src/xmc_ledts.o.lst ./Libraries/XMCLib/src/xmc_posif.o.lst ./Libraries/XMCLib/src/xmc_rtc.o.lst ./Libraries/XMCLib/src/xmc_sdmmc.o.lst ./Libraries/XMCLib/src/xmc_spi.o.lst ./Libraries/XMCLib/src/xmc_uart.o.lst ./Libraries/XMCLib/src/xmc_usbd.o.lst ./Libraries/XMCLib/src/xmc_usbh.o.lst ./Libraries/XMCLib/src/xmc_usic.o.lst ./Libraries/XMCLib/src/xmc_vadc.o.lst ./Libraries/XMCLib/src/xmc_wdt.o.lst ./Libraries/Newlib/syscalls.o.lst ./Dave/Generated/UART/uart.o.lst ./Dave/Generated/UART/uart_conf.o.lst ./Dave/Generated/I2C_MASTER/i2c_master.o.lst ./Dave/Generated/I2C_MASTER/i2c_master_conf.o.lst ./Dave/Generated/DIGITAL_IO/digital_io.o.lst ./Dave/Generated/DIGITAL_IO/digital_io_conf.o.lst ./Dave/Generated/CPU_CTRL_XMC4/cpu_ctrl_xmc4.o.lst ./Dave/Generated/CPU_CTRL_XMC4/cpu_ctrl_xmc4_conf.o.lst ./Dave/Generated/CLOCK_XMC4/clock_xmc4.o.lst ./Dave/Generated/CLOCK_XMC4/clock_xmc4_conf.o.lst ./Dave/Generated/DAVE.o.lst ./main.o.lst  "Test_I2C.map" objects.rsp

20:12:42 **** Build of configuration Debug for project Test_I2C ****
"\"C:\\DAVEv4\\DAVE-4.3.2\\eclipse\\ARM-GCC-49\\bin\\make\"" --output-sync -j8 all 
'Building file: ../Startup/startup_XMC4500.S'
'Invoking: ARM-GCC Assembler'
"C:/DAVEv4/DAVE-4.3.2/eclipse/ARM-GCC-49/bin/arm-none-eabi-gcc" -MMD -MT "Startup/startup_XMC4500.o" -x assembler-with-cpp -DXMC4500_F100x1024 -I"D:/XMC_HandController/DAVE_HandController/Test_I2C/Libraries/XMCLib/inc" -I"D:/XMC_HandController/DAVE_HandController/Test_I2C" -I"D:/XMC_HandController/DAVE_HandController/Test_I2C/Dave/Generated" -Wall -Wa,-adhlns="Startup/startup_XMC4500.o.lst" -mfloat-abi=softfp -c -fmessage-length=0 -MMD -MP -MF"Startup/startup_XMC4500.d" -MT"Startup/startup_XMC4500.d Startup/startup_XMC4500.o" -mcpu=cortex-m4 -mfpu=fpv4-sp-d16 -mthumb -g -gdwarf-2 -o "Startup/startup_XMC4500.o" "../Startup/startup_XMC4500.S" 
'Finished building: ../Startup/startup_XMC4500.S'

'Building file: ../Startup/system_XMC4500.c'
'Invoking: ARM-GCC C Compiler'
"C:/DAVEv4/DAVE-4.3.2/eclipse/ARM-GCC-49/bin/arm-none-eabi-gcc" -MMD -MT "Startup/system_XMC4500.o" -DXMC4500_F100x1024 -I"D:/XMC_HandController/DAVE_HandController/Test_I2C/Libraries/XMCLib/inc" -I"D:/XMC_HandController/DAVE_HandController/Test_I2C/Libraries/CMSIS/Include" -I"D:/XMC_HandController/DAVE_HandController/Test_I2C/Libraries/CMSIS/Infineon/XMC4500_series/Include" -I"D:/XMC_HandController/DAVE_HandController/Test_I2C" -I"D:/XMC_HandController/DAVE_HandController/Test_I2C/Dave/Generated" -I"D:/XMC_HandController/DAVE_HandController/Test_I2C/Libraries" -O0 -ffunction-sections -fdata-sections -Wall -std=gnu99 -mfloat-abi=softfp -Wa,-adhlns="Startup/system_XMC4500.o.lst" -pipe -c -fmessage-length=0 -MMD -MP -MF"Startup/system_XMC4500.d" -MT"Startup/system_XMC4500.d Startup/system_XMC4500.o" -mcpu=cortex-m4 -mfpu=fpv4-sp-d16 -mthumb -g -gdwarf-2 -o "Startup/system_XMC4500.o" "../Startup/system_XMC4500.c" 
'Finished building: ../Startup/system_XMC4500.c'

'Building file: ../Libraries/XMCLib/src/xmc4_eru.c'
'Invoking: ARM-GCC C Compiler'
"C:/DAVEv4/DAVE-4.3.2/eclipse/ARM-GCC-49/bin/arm-none-eabi-gcc" -MMD -MT "Libraries/XMCLib/src/xmc4_eru.o" -DXMC4500_F100x1024 -I"D:/XMC_HandController/DAVE_HandController/Test_I2C/Libraries/XMCLib/inc" -I"D:/XMC_HandController/DAVE_HandController/Test_I2C/Libraries/CMSIS/Include" -I"D:/XMC_HandController/DAVE_HandController/Test_I2C/Libraries/CMSIS/Infineon/XMC4500_series/Include" -I"D:/XMC_HandController/DAVE_HandController/Test_I2C" -I"D:/XMC_HandController/DAVE_HandController/Test_I2C/Dave/Generated" -I"D:/XMC_HandController/DAVE_HandController/Test_I2C/Libraries" -O0 -ffunction-sections -fdata-sections -Wall -std=gnu99 -mfloat-abi=softfp -Wa,-adhlns="Libraries/XMCLib/src/xmc4_eru.o.lst" -pipe -c -fmessage-length=0 -MMD -MP -MF"Libraries/XMCLib/src/xmc4_eru.d" -MT"Libraries/XMCLib/src/xmc4_eru.d Libraries/XMCLib/src/xmc4_eru.o" -mcpu=cortex-m4 -mfpu=fpv4-sp-d16 -mthumb -g -gdwarf-2 -o "Libraries/XMCLib/src/xmc4_eru.o" "../Libraries/XMCLib/src/xmc4_eru.c" 
'Finished building: ../Libraries/XMCLib/src/xmc4_eru.c'

'Building file: ../Libraries/XMCLib/src/xmc4_flash.c'
'Invoking: ARM-GCC C Compiler'
"C:/DAVEv4/DAVE-4.3.2/eclipse/ARM-GCC-49/bin/arm-none-eabi-gcc" -MMD -MT "Libraries/XMCLib/src/xmc4_flash.o" -DXMC4500_F100x1024 -I"D:/XMC_HandController/DAVE_HandController/Test_I2C/Libraries/XMCLib/inc" -I"D:/XMC_HandController/DAVE_HandController/Test_I2C/Libraries/CMSIS/Include" -I"D:/XMC_HandController/DAVE_HandController/Test_I2C/Libraries/CMSIS/Infineon/XMC4500_series/Include" -I"D:/XMC_HandController/DAVE_HandController/Test_I2C" -I"D:/XMC_HandController/DAVE_HandController/Test_I2C/Dave/Generated" -I"D:/XMC_HandController/DAVE_HandController/Test_I2C/Libraries" -O0 -ffunction-sections -fdata-sections -Wall -std=gnu99 -mfloat-abi=softfp -Wa,-adhlns="Libraries/XMCLib/src/xmc4_flash.o.lst" -pipe -c -fmessage-length=0 -MMD -MP -MF"Libraries/XMCLib/src/xmc4_flash.d" -MT"Libraries/XMCLib/src/xmc4_flash.d Libraries/XMCLib/src/xmc4_flash.o" -mcpu=cortex-m4 -mfpu=fpv4-sp-d16 -mthumb -g -gdwarf-2 -o "Libraries/XMCLib/src/xmc4_flash.o" "../Libraries/XMCLib/src/xmc4_flash.c" 
'Finished building: ../Libraries/XMCLib/src/xmc4_flash.c'

'Building file: ../Libraries/XMCLib/src/xmc4_gpio.c'
'Invoking: ARM-GCC C Compiler'
"C:/DAVEv4/DAVE-4.3.2/eclipse/ARM-GCC-49/bin/arm-none-eabi-gcc" -MMD -MT "Libraries/XMCLib/src/xmc4_gpio.o" -DXMC4500_F100x1024 -I"D:/XMC_HandController/DAVE_HandController/Test_I2C/Libraries/XMCLib/inc" -I"D:/XMC_HandController/DAVE_HandController/Test_I2C/Libraries/CMSIS/Include" -I"D:/XMC_HandController/DAVE_HandController/Test_I2C/Libraries/CMSIS/Infineon/XMC4500_series/Include" -I"D:/XMC_HandController/DAVE_HandController/Test_I2C" -I"D:/XMC_HandController/DAVE_HandController/Test_I2C/Dave/Generated" -I"D:/XMC_HandController/DAVE_HandController/Test_I2C/Libraries" -O0 -ffunction-sections -fdata-sections -Wall -std=gnu99 -mfloat-abi=softfp -Wa,-adhlns="Libraries/XMCLib/src/xmc4_gpio.o.lst" -pipe -c -fmessage-length=0 -MMD -MP -MF"Libraries/XMCLib/src/xmc4_gpio.d" -MT"Libraries/XMCLib/src/xmc4_gpio.d Libraries/XMCLib/src/xmc4_gpio.o" -mcpu=cortex-m4 -mfpu=fpv4-sp-d16 -mthumb -g -gdwarf-2 -o "Libraries/XMCLib/src/xmc4_gpio.o" "../Libraries/XMCLib/src/xmc4_gpio.c" 
'Finished building: ../Libraries/XMCLib/src/xmc4_gpio.c'

'Building file: ../Libraries/XMCLib/src/xmc4_rtc.c'
'Invoking: ARM-GCC C Compiler'
"C:/DAVEv4/DAVE-4.3.2/eclipse/ARM-GCC-49/bin/arm-none-eabi-gcc" -MMD -MT "Libraries/XMCLib/src/xmc4_rtc.o" -DXMC4500_F100x1024 -I"D:/XMC_HandController/DAVE_HandController/Test_I2C/Libraries/XMCLib/inc" -I"D:/XMC_HandController/DAVE_HandController/Test_I2C/Libraries/CMSIS/Include" -I"D:/XMC_HandController/DAVE_HandController/Test_I2C/Libraries/CMSIS/Infineon/XMC4500_series/Include" -I"D:/XMC_HandController/DAVE_HandController/Test_I2C" -I"D:/XMC_HandController/DAVE_HandController/Test_I2C/Dave/Generated" -I"D:/XMC_HandController/DAVE_HandController/Test_I2C/Libraries" -O0 -ffunction-sections -fdata-sections -Wall -std=gnu99 -mfloat-abi=softfp -Wa,-adhlns="Libraries/XMCLib/src/xmc4_rtc.o.lst" -pipe -c -fmessage-length=0 -MMD -MP -MF"Libraries/XMCLib/src/xmc4_rtc.d" -MT"Libraries/XMCLib/src/xmc4_rtc.d Libraries/XMCLib/src/xmc4_rtc.o" -mcpu=cortex-m4 -mfpu=fpv4-sp-d16 -mthumb -g -gdwarf-2 -o "Libraries/XMCLib/src/xmc4_rtc.o" "../Libraries/XMCLib/src/xmc4_rtc.c" 
'Finished building: ../Libraries/XMCLib/src/xmc4_rtc.c'

'Building file: ../Libraries/XMCLib/src/xmc4_scu.c'
'Invoking: ARM-GCC C Compiler'
"C:/DAVEv4/DAVE-4.3.2/eclipse/ARM-GCC-49/bin/arm-none-eabi-gcc" -MMD -MT "Libraries/XMCLib/src/xmc4_scu.o" -DXMC4500_F100x1024 -I"D:/XMC_HandController/DAVE_HandController/Test_I2C/Libraries/XMCLib/inc" -I"D:/XMC_HandController/DAVE_HandController/Test_I2C/Libraries/CMSIS/Include" -I"D:/XMC_HandController/DAVE_HandController/Test_I2C/Libraries/CMSIS/Infineon/XMC4500_series/Include" -I"D:/XMC_HandController/DAVE_HandController/Test_I2C" -I"D:/XMC_HandController/DAVE_HandController/Test_I2C/Dave/Generated" -I"D:/XMC_HandController/DAVE_HandController/Test_I2C/Libraries" -O0 -ffunction-sections -fdata-sections -Wall -std=gnu99 -mfloat-abi=softfp -Wa,-adhlns="Libraries/XMCLib/src/xmc4_scu.o.lst" -pipe -c -fmessage-length=0 -MMD -MP -MF"Libraries/XMCLib/src/xmc4_scu.d" -MT"Libraries/XMCLib/src/xmc4_scu.d Libraries/XMCLib/src/xmc4_scu.o" -mcpu=cortex-m4 -mfpu=fpv4-sp-d16 -mthumb -g -gdwarf-2 -o "Libraries/XMCLib/src/xmc4_scu.o" "../Libraries/XMCLib/src/xmc4_scu.c" 
'Finished building: ../Libraries/XMCLib/src/xmc4_scu.c'

'Building file: ../Libraries/XMCLib/src/xmc_can.c'
'Invoking: ARM-GCC C Compiler'
"C:/DAVEv4/DAVE-4.3.2/eclipse/ARM-GCC-49/bin/arm-none-eabi-gcc" -MMD -MT "Libraries/XMCLib/src/xmc_can.o" -DXMC4500_F100x1024 -I"D:/XMC_HandController/DAVE_HandController/Test_I2C/Libraries/XMCLib/inc" -I"D:/XMC_HandController/DAVE_HandController/Test_I2C/Libraries/CMSIS/Include" -I"D:/XMC_HandController/DAVE_HandController/Test_I2C/Libraries/CMSIS/Infineon/XMC4500_series/Include" -I"D:/XMC_HandController/DAVE_HandController/Test_I2C" -I"D:/XMC_HandController/DAVE_HandController/Test_I2C/Dave/Generated" -I"D:/XMC_HandController/DAVE_HandController/Test_I2C/Libraries" -O0 -ffunction-sections -fdata-sections -Wall -std=gnu99 -mfloat-abi=softfp -Wa,-adhlns="Libraries/XMCLib/src/xmc_can.o.lst" -pipe -c -fmessage-length=0 -MMD -MP -MF"Libraries/XMCLib/src/xmc_can.d" -MT"Libraries/XMCLib/src/xmc_can.d Libraries/XMCLib/src/xmc_can.o" -mcpu=cortex-m4 -mfpu=fpv4-sp-d16 -mthumb -g -gdwarf-2 -o "Libraries/XMCLib/src/xmc_can.o" "../Libraries/XMCLib/src/xmc_can.c" 
'Finished building: ../Libraries/XMCLib/src/xmc_can.c'

'Building file: ../Libraries/XMCLib/src/xmc_ccu4.c'
'Invoking: ARM-GCC C Compiler'
"C:/DAVEv4/DAVE-4.3.2/eclipse/ARM-GCC-49/bin/arm-none-eabi-gcc" -MMD -MT "Libraries/XMCLib/src/xmc_ccu4.o" -DXMC4500_F100x1024 -I"D:/XMC_HandController/DAVE_HandController/Test_I2C/Libraries/XMCLib/inc" -I"D:/XMC_HandController/DAVE_HandController/Test_I2C/Libraries/CMSIS/Include" -I"D:/XMC_HandController/DAVE_HandController/Test_I2C/Libraries/CMSIS/Infineon/XMC4500_series/Include" -I"D:/XMC_HandController/DAVE_HandController/Test_I2C" -I"D:/XMC_HandController/DAVE_HandController/Test_I2C/Dave/Generated" -I"D:/XMC_HandController/DAVE_HandController/Test_I2C/Libraries" -O0 -ffunction-sections -fdata-sections -Wall -std=gnu99 -mfloat-abi=softfp -Wa,-adhlns="Libraries/XMCLib/src/xmc_ccu4.o.lst" -pipe -c -fmessage-length=0 -MMD -MP -MF"Libraries/XMCLib/src/xmc_ccu4.d" -MT"Libraries/XMCLib/src/xmc_ccu4.d Libraries/XMCLib/src/xmc_ccu4.o" -mcpu=cortex-m4 -mfpu=fpv4-sp-d16 -mthumb -g -gdwarf-2 -o "Libraries/XMCLib/src/xmc_ccu4.o" "../Libraries/XMCLib/src/xmc_ccu4.c" 
'Finished building: ../Libraries/XMCLib/src/xmc_ccu4.c'

'Building file: ../Libraries/XMCLib/src/xmc_ccu8.c'
'Invoking: ARM-GCC C Compiler'
"C:/DAVEv4/DAVE-4.3.2/eclipse/ARM-GCC-49/bin/arm-none-eabi-gcc" -MMD -MT "Libraries/XMCLib/src/xmc_ccu8.o" -DXMC4500_F100x1024 -I"D:/XMC_HandController/DAVE_HandController/Test_I2C/Libraries/XMCLib/inc" -I"D:/XMC_HandController/DAVE_HandController/Test_I2C/Libraries/CMSIS/Include" -I"D:/XMC_HandController/DAVE_HandController/Test_I2C/Libraries/CMSIS/Infineon/XMC4500_series/Include" -I"D:/XMC_HandController/DAVE_HandController/Test_I2C" -I"D:/XMC_HandController/DAVE_HandController/Test_I2C/Dave/Generated" -I"D:/XMC_HandController/DAVE_HandController/Test_I2C/Libraries" -O0 -ffunction-sections -fdata-sections -Wall -std=gnu99 -mfloat-abi=softfp -Wa,-adhlns="Libraries/XMCLib/src/xmc_ccu8.o.lst" -pipe -c -fmessage-length=0 -MMD -MP -MF"Libraries/XMCLib/src/xmc_ccu8.d" -MT"Libraries/XMCLib/src/xmc_ccu8.d Libraries/XMCLib/src/xmc_ccu8.o" -mcpu=cortex-m4 -mfpu=fpv4-sp-d16 -mthumb -g -gdwarf-2 -o "Libraries/XMCLib/src/xmc_ccu8.o" "../Libraries/XMCLib/src/xmc_ccu8.c" 
'Finished building: ../Libraries/XMCLib/src/xmc_ccu8.c'

'Building file: ../Libraries/XMCLib/src/xmc_common.c'
'Invoking: ARM-GCC C Compiler'
"C:/DAVEv4/DAVE-4.3.2/eclipse/ARM-GCC-49/bin/arm-none-eabi-gcc" -MMD -MT "Libraries/XMCLib/src/xmc_common.o" -DXMC4500_F100x1024 -I"D:/XMC_HandController/DAVE_HandController/Test_I2C/Libraries/XMCLib/inc" -I"D:/XMC_HandController/DAVE_HandController/Test_I2C/Libraries/CMSIS/Include" -I"D:/XMC_HandController/DAVE_HandController/Test_I2C/Libraries/CMSIS/Infineon/XMC4500_series/Include" -I"D:/XMC_HandController/DAVE_HandController/Test_I2C" -I"D:/XMC_HandController/DAVE_HandController/Test_I2C/Dave/Generated" -I"D:/XMC_HandController/DAVE_HandController/Test_I2C/Libraries" -O0 -ffunction-sections -fdata-sections -Wall -std=gnu99 -mfloat-abi=softfp -Wa,-adhlns="Libraries/XMCLib/src/xmc_common.o.lst" -pipe -c -fmessage-length=0 -MMD -MP -MF"Libraries/XMCLib/src/xmc_common.d" -MT"Libraries/XMCLib/src/xmc_common.d Libraries/XMCLib/src/xmc_common.o" -mcpu=cortex-m4 -mfpu=fpv4-sp-d16 -mthumb -g -gdwarf-2 -o "Libraries/XMCLib/src/xmc_common.o" "../Libraries/XMCLib/src/xmc_common.c" 
'Finished building: ../Libraries/XMCLib/src/xmc_common.c'

'Building file: ../Libraries/XMCLib/src/xmc_dac.c'
'Invoking: ARM-GCC C Compiler'
"C:/DAVEv4/DAVE-4.3.2/eclipse/ARM-GCC-49/bin/arm-none-eabi-gcc" -MMD -MT "Libraries/XMCLib/src/xmc_dac.o" -DXMC4500_F100x1024 -I"D:/XMC_HandController/DAVE_HandController/Test_I2C/Libraries/XMCLib/inc" -I"D:/XMC_HandController/DAVE_HandController/Test_I2C/Libraries/CMSIS/Include" -I"D:/XMC_HandController/DAVE_HandController/Test_I2C/Libraries/CMSIS/Infineon/XMC4500_series/Include" -I"D:/XMC_HandController/DAVE_HandController/Test_I2C" -I"D:/XMC_HandController/DAVE_HandController/Test_I2C/Dave/Generated" -I"D:/XMC_HandController/DAVE_HandController/Test_I2C/Libraries" -O0 -ffunction-sections -fdata-sections -Wall -std=gnu99 -mfloat-abi=softfp -Wa,-adhlns="Libraries/XMCLib/src/xmc_dac.o.lst" -pipe -c -fmessage-length=0 -MMD -MP -MF"Libraries/XMCLib/src/xmc_dac.d" -MT"Libraries/XMCLib/src/xmc_dac.d Libraries/XMCLib/src/xmc_dac.o" -mcpu=cortex-m4 -mfpu=fpv4-sp-d16 -mthumb -g -gdwarf-2 -o "Libraries/XMCLib/src/xmc_dac.o" "../Libraries/XMCLib/src/xmc_dac.c" 
'Finished building: ../Libraries/XMCLib/src/xmc_dac.c'

'Building file: ../Libraries/XMCLib/src/xmc_dma.c'
'Invoking: ARM-GCC C Compiler'
"C:/DAVEv4/DAVE-4.3.2/eclipse/ARM-GCC-49/bin/arm-none-eabi-gcc" -MMD -MT "Libraries/XMCLib/src/xmc_dma.o" -DXMC4500_F100x1024 -I"D:/XMC_HandController/DAVE_HandController/Test_I2C/Libraries/XMCLib/inc" -I"D:/XMC_HandController/DAVE_HandController/Test_I2C/Libraries/CMSIS/Include" -I"D:/XMC_HandController/DAVE_HandController/Test_I2C/Libraries/CMSIS/Infineon/XMC4500_series/Include" -I"D:/XMC_HandController/DAVE_HandController/Test_I2C" -I"D:/XMC_HandController/DAVE_HandController/Test_I2C/Dave/Generated" -I"D:/XMC_HandController/DAVE_HandController/Test_I2C/Libraries" -O0 -ffunction-sections -fdata-sections -Wall -std=gnu99 -mfloat-abi=softfp -Wa,-adhlns="Libraries/XMCLib/src/xmc_dma.o.lst" -pipe -c -fmessage-length=0 -MMD -MP -MF"Libraries/XMCLib/src/xmc_dma.d" -MT"Libraries/XMCLib/src/xmc_dma.d Libraries/XMCLib/src/xmc_dma.o" -mcpu=cortex-m4 -mfpu=fpv4-sp-d16 -mthumb -g -gdwarf-2 -o "Libraries/XMCLib/src/xmc_dma.o" "../Libraries/XMCLib/src/xmc_dma.c" 
'Finished building: ../Libraries/XMCLib/src/xmc_dma.c'

'Building file: ../Libraries/XMCLib/src/xmc_dsd.c'
'Invoking: ARM-GCC C Compiler'
"C:/DAVEv4/DAVE-4.3.2/eclipse/ARM-GCC-49/bin/arm-none-eabi-gcc" -MMD -MT "Libraries/XMCLib/src/xmc_dsd.o" -DXMC4500_F100x1024 -I"D:/XMC_HandController/DAVE_HandController/Test_I2C/Libraries/XMCLib/inc" -I"D:/XMC_HandController/DAVE_HandController/Test_I2C/Libraries/CMSIS/Include" -I"D:/XMC_HandController/DAVE_HandController/Test_I2C/Libraries/CMSIS/Infineon/XMC4500_series/Include" -I"D:/XMC_HandController/DAVE_HandController/Test_I2C" -I"D:/XMC_HandController/DAVE_HandController/Test_I2C/Dave/Generated" -I"D:/XMC_HandController/DAVE_HandController/Test_I2C/Libraries" -O0 -ffunction-sections -fdata-sections -Wall -std=gnu99 -mfloat-abi=softfp -Wa,-adhlns="Libraries/XMCLib/src/xmc_dsd.o.lst" -pipe -c -fmessage-length=0 -MMD -MP -MF"Libraries/XMCLib/src/xmc_dsd.d" -MT"Libraries/XMCLib/src/xmc_dsd.d Libraries/XMCLib/src/xmc_dsd.o" -mcpu=cortex-m4 -mfpu=fpv4-sp-d16 -mthumb -g -gdwarf-2 -o "Libraries/XMCLib/src/xmc_dsd.o" "../Libraries/XMCLib/src/xmc_dsd.c" 
'Finished building: ../Libraries/XMCLib/src/xmc_dsd.c'

'Building file: ../Libraries/XMCLib/src/xmc_ebu.c'
'Invoking: ARM-GCC C Compiler'
"C:/DAVEv4/DAVE-4.3.2/eclipse/ARM-GCC-49/bin/arm-none-eabi-gcc" -MMD -MT "Libraries/XMCLib/src/xmc_ebu.o" -DXMC4500_F100x1024 -I"D:/XMC_HandController/DAVE_HandController/Test_I2C/Libraries/XMCLib/inc" -I"D:/XMC_HandController/DAVE_HandController/Test_I2C/Libraries/CMSIS/Include" -I"D:/XMC_HandController/DAVE_HandController/Test_I2C/Libraries/CMSIS/Infineon/XMC4500_series/Include" -I"D:/XMC_HandController/DAVE_HandController/Test_I2C" -I"D:/XMC_HandController/DAVE_HandController/Test_I2C/Dave/Generated" -I"D:/XMC_HandController/DAVE_HandController/Test_I2C/Libraries" -O0 -ffunction-sections -fdata-sections -Wall -std=gnu99 -mfloat-abi=softfp -Wa,-adhlns="Libraries/XMCLib/src/xmc_ebu.o.lst" -pipe -c -fmessage-length=0 -MMD -MP -MF"Libraries/XMCLib/src/xmc_ebu.d" -MT"Libraries/XMCLib/src/xmc_ebu.d Libraries/XMCLib/src/xmc_ebu.o" -mcpu=cortex-m4 -mfpu=fpv4-sp-d16 -mthumb -g -gdwarf-2 -o "Libraries/XMCLib/src/xmc_ebu.o" "../Libraries/XMCLib/src/xmc_ebu.c" 
'Finished building: ../Libraries/XMCLib/src/xmc_ebu.c'

'Building file: ../Libraries/XMCLib/src/xmc_ecat.c'
'Invoking: ARM-GCC C Compiler'
"C:/DAVEv4/DAVE-4.3.2/eclipse/ARM-GCC-49/bin/arm-none-eabi-gcc" -MMD -MT "Libraries/XMCLib/src/xmc_ecat.o" -DXMC4500_F100x1024 -I"D:/XMC_HandController/DAVE_HandController/Test_I2C/Libraries/XMCLib/inc" -I"D:/XMC_HandController/DAVE_HandController/Test_I2C/Libraries/CMSIS/Include" -I"D:/XMC_HandController/DAVE_HandController/Test_I2C/Libraries/CMSIS/Infineon/XMC4500_series/Include" -I"D:/XMC_HandController/DAVE_HandController/Test_I2C" -I"D:/XMC_HandController/DAVE_HandController/Test_I2C/Dave/Generated" -I"D:/XMC_HandController/DAVE_HandController/Test_I2C/Libraries" -O0 -ffunction-sections -fdata-sections -Wall -std=gnu99 -mfloat-abi=softfp -Wa,-adhlns="Libraries/XMCLib/src/xmc_ecat.o.lst" -pipe -c -fmessage-length=0 -MMD -MP -MF"Libraries/XMCLib/src/xmc_ecat.d" -MT"Libraries/XMCLib/src/xmc_ecat.d Libraries/XMCLib/src/xmc_ecat.o" -mcpu=cortex-m4 -mfpu=fpv4-sp-d16 -mthumb -g -gdwarf-2 -o "Libraries/XMCLib/src/xmc_ecat.o" "../Libraries/XMCLib/src/xmc_ecat.c" 
'Finished building: ../Libraries/XMCLib/src/xmc_ecat.c'

'Building file: ../Libraries/XMCLib/src/xmc_eru.c'
'Invoking: ARM-GCC C Compiler'
"C:/DAVEv4/DAVE-4.3.2/eclipse/ARM-GCC-49/bin/arm-none-eabi-gcc" -MMD -MT "Libraries/XMCLib/src/xmc_eru.o" -DXMC4500_F100x1024 -I"D:/XMC_HandController/DAVE_HandController/Test_I2C/Libraries/XMCLib/inc" -I"D:/XMC_HandController/DAVE_HandController/Test_I2C/Libraries/CMSIS/Include" -I"D:/XMC_HandController/DAVE_HandController/Test_I2C/Libraries/CMSIS/Infineon/XMC4500_series/Include" -I"D:/XMC_HandController/DAVE_HandController/Test_I2C" -I"D:/XMC_HandController/DAVE_HandController/Test_I2C/Dave/Generated" -I"D:/XMC_HandController/DAVE_HandController/Test_I2C/Libraries" -O0 -ffunction-sections -fdata-sections -Wall -std=gnu99 -mfloat-abi=softfp -Wa,-adhlns="Libraries/XMCLib/src/xmc_eru.o.lst" -pipe -c -fmessage-length=0 -MMD -MP -MF"Libraries/XMCLib/src/xmc_eru.d" -MT"Libraries/XMCLib/src/xmc_eru.d Libraries/XMCLib/src/xmc_eru.o" -mcpu=cortex-m4 -mfpu=fpv4-sp-d16 -mthumb -g -gdwarf-2 -o "Libraries/XMCLib/src/xmc_eru.o" "../Libraries/XMCLib/src/xmc_eru.c" 
'Finished building: ../Libraries/XMCLib/src/xmc_eru.c'

'Building file: ../Libraries/XMCLib/src/xmc_eth_mac.c'
'Invoking: ARM-GCC C Compiler'
"C:/DAVEv4/DAVE-4.3.2/eclipse/ARM-GCC-49/bin/arm-none-eabi-gcc" -MMD -MT "Libraries/XMCLib/src/xmc_eth_mac.o" -DXMC4500_F100x1024 -I"D:/XMC_HandController/DAVE_HandController/Test_I2C/Libraries/XMCLib/inc" -I"D:/XMC_HandController/DAVE_HandController/Test_I2C/Libraries/CMSIS/Include" -I"D:/XMC_HandController/DAVE_HandController/Test_I2C/Libraries/CMSIS/Infineon/XMC4500_series/Include" -I"D:/XMC_HandController/DAVE_HandController/Test_I2C" -I"D:/XMC_HandController/DAVE_HandController/Test_I2C/Dave/Generated" -I"D:/XMC_HandController/DAVE_HandController/Test_I2C/Libraries" -O0 -ffunction-sections -fdata-sections -Wall -std=gnu99 -mfloat-abi=softfp -Wa,-adhlns="Libraries/XMCLib/src/xmc_eth_mac.o.lst" -pipe -c -fmessage-length=0 -MMD -MP -MF"Libraries/XMCLib/src/xmc_eth_mac.d" -MT"Libraries/XMCLib/src/xmc_eth_mac.d Libraries/XMCLib/src/xmc_eth_mac.o" -mcpu=cortex-m4 -mfpu=fpv4-sp-d16 -mthumb -g -gdwarf-2 -o "Libraries/XMCLib/src/xmc_eth_mac.o" "../Libraries/XMCLib/src/xmc_eth_mac.c" 
'Finished building: ../Libraries/XMCLib/src/xmc_eth_mac.c'

'Building file: ../Libraries/XMCLib/src/xmc_fce.c'
'Invoking: ARM-GCC C Compiler'
"C:/DAVEv4/DAVE-4.3.2/eclipse/ARM-GCC-49/bin/arm-none-eabi-gcc" -MMD -MT "Libraries/XMCLib/src/xmc_fce.o" -DXMC4500_F100x1024 -I"D:/XMC_HandController/DAVE_HandController/Test_I2C/Libraries/XMCLib/inc" -I"D:/XMC_HandController/DAVE_HandController/Test_I2C/Libraries/CMSIS/Include" -I"D:/XMC_HandController/DAVE_HandController/Test_I2C/Libraries/CMSIS/Infineon/XMC4500_series/Include" -I"D:/XMC_HandController/DAVE_HandController/Test_I2C" -I"D:/XMC_HandController/DAVE_HandController/Test_I2C/Dave/Generated" -I"D:/XMC_HandController/DAVE_HandController/Test_I2C/Libraries" -O0 -ffunction-sections -fdata-sections -Wall -std=gnu99 -mfloat-abi=softfp -Wa,-adhlns="Libraries/XMCLib/src/xmc_fce.o.lst" -pipe -c -fmessage-length=0 -MMD -MP -MF"Libraries/XMCLib/src/xmc_fce.d" -MT"Libraries/XMCLib/src/xmc_fce.d Libraries/XMCLib/src/xmc_fce.o" -mcpu=cortex-m4 -mfpu=fpv4-sp-d16 -mthumb -g -gdwarf-2 -o "Libraries/XMCLib/src/xmc_fce.o" "../Libraries/XMCLib/src/xmc_fce.c" 
'Finished building: ../Libraries/XMCLib/src/xmc_fce.c'

'Building file: ../Libraries/XMCLib/src/xmc_gpio.c'
'Invoking: ARM-GCC C Compiler'
"C:/DAVEv4/DAVE-4.3.2/eclipse/ARM-GCC-49/bin/arm-none-eabi-gcc" -MMD -MT "Libraries/XMCLib/src/xmc_gpio.o" -DXMC4500_F100x1024 -I"D:/XMC_HandController/DAVE_HandController/Test_I2C/Libraries/XMCLib/inc" -I"D:/XMC_HandController/DAVE_HandController/Test_I2C/Libraries/CMSIS/Include" -I"D:/XMC_HandController/DAVE_HandController/Test_I2C/Libraries/CMSIS/Infineon/XMC4500_series/Include" -I"D:/XMC_HandController/DAVE_HandController/Test_I2C" -I"D:/XMC_HandController/DAVE_HandController/Test_I2C/Dave/Generated" -I"D:/XMC_HandController/DAVE_HandController/Test_I2C/Libraries" -O0 -ffunction-sections -fdata-sections -Wall -std=gnu99 -mfloat-abi=softfp -Wa,-adhlns="Libraries/XMCLib/src/xmc_gpio.o.lst" -pipe -c -fmessage-length=0 -MMD -MP -MF"Libraries/XMCLib/src/xmc_gpio.d" -MT"Libraries/XMCLib/src/xmc_gpio.d Libraries/XMCLib/src/xmc_gpio.o" -mcpu=cortex-m4 -mfpu=fpv4-sp-d16 -mthumb -g -gdwarf-2 -o "Libraries/XMCLib/src/xmc_gpio.o" "../Libraries/XMCLib/src/xmc_gpio.c" 
'Finished building: ../Libraries/XMCLib/src/xmc_gpio.c'

'Building file: ../Libraries/XMCLib/src/xmc_hrpwm.c'
'Invoking: ARM-GCC C Compiler'
"C:/DAVEv4/DAVE-4.3.2/eclipse/ARM-GCC-49/bin/arm-none-eabi-gcc" -MMD -MT "Libraries/XMCLib/src/xmc_hrpwm.o" -DXMC4500_F100x1024 -I"D:/XMC_HandController/DAVE_HandController/Test_I2C/Libraries/XMCLib/inc" -I"D:/XMC_HandController/DAVE_HandController/Test_I2C/Libraries/CMSIS/Include" -I"D:/XMC_HandController/DAVE_HandController/Test_I2C/Libraries/CMSIS/Infineon/XMC4500_series/Include" -I"D:/XMC_HandController/DAVE_HandController/Test_I2C" -I"D:/XMC_HandController/DAVE_HandController/Test_I2C/Dave/Generated" -I"D:/XMC_HandController/DAVE_HandController/Test_I2C/Libraries" -O0 -ffunction-sections -fdata-sections -Wall -std=gnu99 -mfloat-abi=softfp -Wa,-adhlns="Libraries/XMCLib/src/xmc_hrpwm.o.lst" -pipe -c -fmessage-length=0 -MMD -MP -MF"Libraries/XMCLib/src/xmc_hrpwm.d" -MT"Libraries/XMCLib/src/xmc_hrpwm.d Libraries/XMCLib/src/xmc_hrpwm.o" -mcpu=cortex-m4 -mfpu=fpv4-sp-d16 -mthumb -g -gdwarf-2 -o "Libraries/XMCLib/src/xmc_hrpwm.o" "../Libraries/XMCLib/src/xmc_hrpwm.c" 
'Finished building: ../Libraries/XMCLib/src/xmc_hrpwm.c'

'Building file: ../Libraries/XMCLib/src/xmc_i2c.c'
'Invoking: ARM-GCC C Compiler'
"C:/DAVEv4/DAVE-4.3.2/eclipse/ARM-GCC-49/bin/arm-none-eabi-gcc" -MMD -MT "Libraries/XMCLib/src/xmc_i2c.o" -DXMC4500_F100x1024 -I"D:/XMC_HandController/DAVE_HandController/Test_I2C/Libraries/XMCLib/inc" -I"D:/XMC_HandController/DAVE_HandController/Test_I2C/Libraries/CMSIS/Include" -I"D:/XMC_HandController/DAVE_HandController/Test_I2C/Libraries/CMSIS/Infineon/XMC4500_series/Include" -I"D:/XMC_HandController/DAVE_HandController/Test_I2C" -I"D:/XMC_HandController/DAVE_HandController/Test_I2C/Dave/Generated" -I"D:/XMC_HandController/DAVE_HandController/Test_I2C/Libraries" -O0 -ffunction-sections -fdata-sections -Wall -std=gnu99 -mfloat-abi=softfp -Wa,-adhlns="Libraries/XMCLib/src/xmc_i2c.o.lst" -pipe -c -fmessage-length=0 -MMD -MP -MF"Libraries/XMCLib/src/xmc_i2c.d" -MT"Libraries/XMCLib/src/xmc_i2c.d Libraries/XMCLib/src/xmc_i2c.o" -mcpu=cortex-m4 -mfpu=fpv4-sp-d16 -mthumb -g -gdwarf-2 -o "Libraries/XMCLib/src/xmc_i2c.o" "../Libraries/XMCLib/src/xmc_i2c.c" 
'Finished building: ../Libraries/XMCLib/src/xmc_i2c.c'

'Building file: ../Libraries/XMCLib/src/xmc_i2s.c'
'Invoking: ARM-GCC C Compiler'
"C:/DAVEv4/DAVE-4.3.2/eclipse/ARM-GCC-49/bin/arm-none-eabi-gcc" -MMD -MT "Libraries/XMCLib/src/xmc_i2s.o" -DXMC4500_F100x1024 -I"D:/XMC_HandController/DAVE_HandController/Test_I2C/Libraries/XMCLib/inc" -I"D:/XMC_HandController/DAVE_HandController/Test_I2C/Libraries/CMSIS/Include" -I"D:/XMC_HandController/DAVE_HandController/Test_I2C/Libraries/CMSIS/Infineon/XMC4500_series/Include" -I"D:/XMC_HandController/DAVE_HandController/Test_I2C" -I"D:/XMC_HandController/DAVE_HandController/Test_I2C/Dave/Generated" -I"D:/XMC_HandController/DAVE_HandController/Test_I2C/Libraries" -O0 -ffunction-sections -fdata-sections -Wall -std=gnu99 -mfloat-abi=softfp -Wa,-adhlns="Libraries/XMCLib/src/xmc_i2s.o.lst" -pipe -c -fmessage-length=0 -MMD -MP -MF"Libraries/XMCLib/src/xmc_i2s.d" -MT"Libraries/XMCLib/src/xmc_i2s.d Libraries/XMCLib/src/xmc_i2s.o" -mcpu=cortex-m4 -mfpu=fpv4-sp-d16 -mthumb -g -gdwarf-2 -o "Libraries/XMCLib/src/xmc_i2s.o" "../Libraries/XMCLib/src/xmc_i2s.c" 
'Finished building: ../Libraries/XMCLib/src/xmc_i2s.c'

'Building file: ../Libraries/XMCLib/src/xmc_ledts.c'
'Invoking: ARM-GCC C Compiler'
"C:/DAVEv4/DAVE-4.3.2/eclipse/ARM-GCC-49/bin/arm-none-eabi-gcc" -MMD -MT "Libraries/XMCLib/src/xmc_ledts.o" -DXMC4500_F100x1024 -I"D:/XMC_HandController/DAVE_HandController/Test_I2C/Libraries/XMCLib/inc" -I"D:/XMC_HandController/DAVE_HandController/Test_I2C/Libraries/CMSIS/Include" -I"D:/XMC_HandController/DAVE_HandController/Test_I2C/Libraries/CMSIS/Infineon/XMC4500_series/Include" -I"D:/XMC_HandController/DAVE_HandController/Test_I2C" -I"D:/XMC_HandController/DAVE_HandController/Test_I2C/Dave/Generated" -I"D:/XMC_HandController/DAVE_HandController/Test_I2C/Libraries" -O0 -ffunction-sections -fdata-sections -Wall -std=gnu99 -mfloat-abi=softfp -Wa,-adhlns="Libraries/XMCLib/src/xmc_ledts.o.lst" -pipe -c -fmessage-length=0 -MMD -MP -MF"Libraries/XMCLib/src/xmc_ledts.d" -MT"Libraries/XMCLib/src/xmc_ledts.d Libraries/XMCLib/src/xmc_ledts.o" -mcpu=cortex-m4 -mfpu=fpv4-sp-d16 -mthumb -g -gdwarf-2 -o "Libraries/XMCLib/src/xmc_ledts.o" "../Libraries/XMCLib/src/xmc_ledts.c" 
'Finished building: ../Libraries/XMCLib/src/xmc_ledts.c'

'Building file: ../Libraries/XMCLib/src/xmc_posif.c'
'Invoking: ARM-GCC C Compiler'
"C:/DAVEv4/DAVE-4.3.2/eclipse/ARM-GCC-49/bin/arm-none-eabi-gcc" -MMD -MT "Libraries/XMCLib/src/xmc_posif.o" -DXMC4500_F100x1024 -I"D:/XMC_HandController/DAVE_HandController/Test_I2C/Libraries/XMCLib/inc" -I"D:/XMC_HandController/DAVE_HandController/Test_I2C/Libraries/CMSIS/Include" -I"D:/XMC_HandController/DAVE_HandController/Test_I2C/Libraries/CMSIS/Infineon/XMC4500_series/Include" -I"D:/XMC_HandController/DAVE_HandController/Test_I2C" -I"D:/XMC_HandController/DAVE_HandController/Test_I2C/Dave/Generated" -I"D:/XMC_HandController/DAVE_HandController/Test_I2C/Libraries" -O0 -ffunction-sections -fdata-sections -Wall -std=gnu99 -mfloat-abi=softfp -Wa,-adhlns="Libraries/XMCLib/src/xmc_posif.o.lst" -pipe -c -fmessage-length=0 -MMD -MP -MF"Libraries/XMCLib/src/xmc_posif.d" -MT"Libraries/XMCLib/src/xmc_posif.d Libraries/XMCLib/src/xmc_posif.o" -mcpu=cortex-m4 -mfpu=fpv4-sp-d16 -mthumb -g -gdwarf-2 -o "Libraries/XMCLib/src/xmc_posif.o" "../Libraries/XMCLib/src/xmc_posif.c" 
'Finished building: ../Libraries/XMCLib/src/xmc_posif.c'

'Building file: ../Libraries/XMCLib/src/xmc_rtc.c'
'Invoking: ARM-GCC C Compiler'
"C:/DAVEv4/DAVE-4.3.2/eclipse/ARM-GCC-49/bin/arm-none-eabi-gcc" -MMD -MT "Libraries/XMCLib/src/xmc_rtc.o" -DXMC4500_F100x1024 -I"D:/XMC_HandController/DAVE_HandController/Test_I2C/Libraries/XMCLib/inc" -I"D:/XMC_HandController/DAVE_HandController/Test_I2C/Libraries/CMSIS/Include" -I"D:/XMC_HandController/DAVE_HandController/Test_I2C/Libraries/CMSIS/Infineon/XMC4500_series/Include" -I"D:/XMC_HandController/DAVE_HandController/Test_I2C" -I"D:/XMC_HandController/DAVE_HandController/Test_I2C/Dave/Generated" -I"D:/XMC_HandController/DAVE_HandController/Test_I2C/Libraries" -O0 -ffunction-sections -fdata-sections -Wall -std=gnu99 -mfloat-abi=softfp -Wa,-adhlns="Libraries/XMCLib/src/xmc_rtc.o.lst" -pipe -c -fmessage-length=0 -MMD -MP -MF"Libraries/XMCLib/src/xmc_rtc.d" -MT"Libraries/XMCLib/src/xmc_rtc.d Libraries/XMCLib/src/xmc_rtc.o" -mcpu=cortex-m4 -mfpu=fpv4-sp-d16 -mthumb -g -gdwarf-2 -o "Libraries/XMCLib/src/xmc_rtc.o" "../Libraries/XMCLib/src/xmc_rtc.c" 
'Finished building: ../Libraries/XMCLib/src/xmc_rtc.c'

'Building file: ../Libraries/XMCLib/src/xmc_sdmmc.c'
'Invoking: ARM-GCC C Compiler'
"C:/DAVEv4/DAVE-4.3.2/eclipse/ARM-GCC-49/bin/arm-none-eabi-gcc" -MMD -MT "Libraries/XMCLib/src/xmc_sdmmc.o" -DXMC4500_F100x1024 -I"D:/XMC_HandController/DAVE_HandController/Test_I2C/Libraries/XMCLib/inc" -I"D:/XMC_HandController/DAVE_HandController/Test_I2C/Libraries/CMSIS/Include" -I"D:/XMC_HandController/DAVE_HandController/Test_I2C/Libraries/CMSIS/Infineon/XMC4500_series/Include" -I"D:/XMC_HandController/DAVE_HandController/Test_I2C" -I"D:/XMC_HandController/DAVE_HandController/Test_I2C/Dave/Generated" -I"D:/XMC_HandController/DAVE_HandController/Test_I2C/Libraries" -O0 -ffunction-sections -fdata-sections -Wall -std=gnu99 -mfloat-abi=softfp -Wa,-adhlns="Libraries/XMCLib/src/xmc_sdmmc.o.lst" -pipe -c -fmessage-length=0 -MMD -MP -MF"Libraries/XMCLib/src/xmc_sdmmc.d" -MT"Libraries/XMCLib/src/xmc_sdmmc.d Libraries/XMCLib/src/xmc_sdmmc.o" -mcpu=cortex-m4 -mfpu=fpv4-sp-d16 -mthumb -g -gdwarf-2 -o "Libraries/XMCLib/src/xmc_sdmmc.o" "../Libraries/XMCLib/src/xmc_sdmmc.c" 
'Finished building: ../Libraries/XMCLib/src/xmc_sdmmc.c'

'Building file: ../Libraries/XMCLib/src/xmc_spi.c'
'Invoking: ARM-GCC C Compiler'
"C:/DAVEv4/DAVE-4.3.2/eclipse/ARM-GCC-49/bin/arm-none-eabi-gcc" -MMD -MT "Libraries/XMCLib/src/xmc_spi.o" -DXMC4500_F100x1024 -I"D:/XMC_HandController/DAVE_HandController/Test_I2C/Libraries/XMCLib/inc" -I"D:/XMC_HandController/DAVE_HandController/Test_I2C/Libraries/CMSIS/Include" -I"D:/XMC_HandController/DAVE_HandController/Test_I2C/Libraries/CMSIS/Infineon/XMC4500_series/Include" -I"D:/XMC_HandController/DAVE_HandController/Test_I2C" -I"D:/XMC_HandController/DAVE_HandController/Test_I2C/Dave/Generated" -I"D:/XMC_HandController/DAVE_HandController/Test_I2C/Libraries" -O0 -ffunction-sections -fdata-sections -Wall -std=gnu99 -mfloat-abi=softfp -Wa,-adhlns="Libraries/XMCLib/src/xmc_spi.o.lst" -pipe -c -fmessage-length=0 -MMD -MP -MF"Libraries/XMCLib/src/xmc_spi.d" -MT"Libraries/XMCLib/src/xmc_spi.d Libraries/XMCLib/src/xmc_spi.o" -mcpu=cortex-m4 -mfpu=fpv4-sp-d16 -mthumb -g -gdwarf-2 -o "Libraries/XMCLib/src/xmc_spi.o" "../Libraries/XMCLib/src/xmc_spi.c" 
'Finished building: ../Libraries/XMCLib/src/xmc_spi.c'

'Building file: ../Libraries/XMCLib/src/xmc_uart.c'
'Invoking: ARM-GCC C Compiler'
"C:/DAVEv4/DAVE-4.3.2/eclipse/ARM-GCC-49/bin/arm-none-eabi-gcc" -MMD -MT "Libraries/XMCLib/src/xmc_uart.o" -DXMC4500_F100x1024 -I"D:/XMC_HandController/DAVE_HandController/Test_I2C/Libraries/XMCLib/inc" -I"D:/XMC_HandController/DAVE_HandController/Test_I2C/Libraries/CMSIS/Include" -I"D:/XMC_HandController/DAVE_HandController/Test_I2C/Libraries/CMSIS/Infineon/XMC4500_series/Include" -I"D:/XMC_HandController/DAVE_HandController/Test_I2C" -I"D:/XMC_HandController/DAVE_HandController/Test_I2C/Dave/Generated" -I"D:/XMC_HandController/DAVE_HandController/Test_I2C/Libraries" -O0 -ffunction-sections -fdata-sections -Wall -std=gnu99 -mfloat-abi=softfp -Wa,-adhlns="Libraries/XMCLib/src/xmc_uart.o.lst" -pipe -c -fmessage-length=0 -MMD -MP -MF"Libraries/XMCLib/src/xmc_uart.d" -MT"Libraries/XMCLib/src/xmc_uart.d Libraries/XMCLib/src/xmc_uart.o" -mcpu=cortex-m4 -mfpu=fpv4-sp-d16 -mthumb -g -gdwarf-2 -o "Libraries/XMCLib/src/xmc_uart.o" "../Libraries/XMCLib/src/xmc_uart.c" 
'Finished building: ../Libraries/XMCLib/src/xmc_uart.c'

'Building file: ../Libraries/XMCLib/src/xmc_usbd.c'
'Invoking: ARM-GCC C Compiler'
"C:/DAVEv4/DAVE-4.3.2/eclipse/ARM-GCC-49/bin/arm-none-eabi-gcc" -MMD -MT "Libraries/XMCLib/src/xmc_usbd.o" -DXMC4500_F100x1024 -I"D:/XMC_HandController/DAVE_HandController/Test_I2C/Libraries/XMCLib/inc" -I"D:/XMC_HandController/DAVE_HandController/Test_I2C/Libraries/CMSIS/Include" -I"D:/XMC_HandController/DAVE_HandController/Test_I2C/Libraries/CMSIS/Infineon/XMC4500_series/Include" -I"D:/XMC_HandController/DAVE_HandController/Test_I2C" -I"D:/XMC_HandController/DAVE_HandController/Test_I2C/Dave/Generated" -I"D:/XMC_HandController/DAVE_HandController/Test_I2C/Libraries" -O0 -ffunction-sections -fdata-sections -Wall -std=gnu99 -mfloat-abi=softfp -Wa,-adhlns="Libraries/XMCLib/src/xmc_usbd.o.lst" -pipe -c -fmessage-length=0 -MMD -MP -MF"Libraries/XMCLib/src/xmc_usbd.d" -MT"Libraries/XMCLib/src/xmc_usbd.d Libraries/XMCLib/src/xmc_usbd.o" -mcpu=cortex-m4 -mfpu=fpv4-sp-d16 -mthumb -g -gdwarf-2 -o "Libraries/XMCLib/src/xmc_usbd.o" "../Libraries/XMCLib/src/xmc_usbd.c" 
'Finished building: ../Libraries/XMCLib/src/xmc_usbd.c'

'Building file: ../Libraries/XMCLib/src/xmc_usbh.c'
'Invoking: ARM-GCC C Compiler'
"C:/DAVEv4/DAVE-4.3.2/eclipse/ARM-GCC-49/bin/arm-none-eabi-gcc" -MMD -MT "Libraries/XMCLib/src/xmc_usbh.o" -DXMC4500_F100x1024 -I"D:/XMC_HandController/DAVE_HandController/Test_I2C/Libraries/XMCLib/inc" -I"D:/XMC_HandController/DAVE_HandController/Test_I2C/Libraries/CMSIS/Include" -I"D:/XMC_HandController/DAVE_HandController/Test_I2C/Libraries/CMSIS/Infineon/XMC4500_series/Include" -I"D:/XMC_HandController/DAVE_HandController/Test_I2C" -I"D:/XMC_HandController/DAVE_HandController/Test_I2C/Dave/Generated" -I"D:/XMC_HandController/DAVE_HandController/Test_I2C/Libraries" -O0 -ffunction-sections -fdata-sections -Wall -std=gnu99 -mfloat-abi=softfp -Wa,-adhlns="Libraries/XMCLib/src/xmc_usbh.o.lst" -pipe -c -fmessage-length=0 -MMD -MP -MF"Libraries/XMCLib/src/xmc_usbh.d" -MT"Libraries/XMCLib/src/xmc_usbh.d Libraries/XMCLib/src/xmc_usbh.o" -mcpu=cortex-m4 -mfpu=fpv4-sp-d16 -mthumb -g -gdwarf-2 -o "Libraries/XMCLib/src/xmc_usbh.o" "../Libraries/XMCLib/src/xmc_usbh.c" 
'Finished building: ../Libraries/XMCLib/src/xmc_usbh.c'

'Building file: ../Libraries/XMCLib/src/xmc_usic.c'
'Invoking: ARM-GCC C Compiler'
"C:/DAVEv4/DAVE-4.3.2/eclipse/ARM-GCC-49/bin/arm-none-eabi-gcc" -MMD -MT "Libraries/XMCLib/src/xmc_usic.o" -DXMC4500_F100x1024 -I"D:/XMC_HandController/DAVE_HandController/Test_I2C/Libraries/XMCLib/inc" -I"D:/XMC_HandController/DAVE_HandController/Test_I2C/Libraries/CMSIS/Include" -I"D:/XMC_HandController/DAVE_HandController/Test_I2C/Libraries/CMSIS/Infineon/XMC4500_series/Include" -I"D:/XMC_HandController/DAVE_HandController/Test_I2C" -I"D:/XMC_HandController/DAVE_HandController/Test_I2C/Dave/Generated" -I"D:/XMC_HandController/DAVE_HandController/Test_I2C/Libraries" -O0 -ffunction-sections -fdata-sections -Wall -std=gnu99 -mfloat-abi=softfp -Wa,-adhlns="Libraries/XMCLib/src/xmc_usic.o.lst" -pipe -c -fmessage-length=0 -MMD -MP -MF"Libraries/XMCLib/src/xmc_usic.d" -MT"Libraries/XMCLib/src/xmc_usic.d Libraries/XMCLib/src/xmc_usic.o" -mcpu=cortex-m4 -mfpu=fpv4-sp-d16 -mthumb -g -gdwarf-2 -o "Libraries/XMCLib/src/xmc_usic.o" "../Libraries/XMCLib/src/xmc_usic.c" 
'Finished building: ../Libraries/XMCLib/src/xmc_usic.c'

'Building file: ../Libraries/XMCLib/src/xmc_vadc.c'
'Invoking: ARM-GCC C Compiler'
"C:/DAVEv4/DAVE-4.3.2/eclipse/ARM-GCC-49/bin/arm-none-eabi-gcc" -MMD -MT "Libraries/XMCLib/src/xmc_vadc.o" -DXMC4500_F100x1024 -I"D:/XMC_HandController/DAVE_HandController/Test_I2C/Libraries/XMCLib/inc" -I"D:/XMC_HandController/DAVE_HandController/Test_I2C/Libraries/CMSIS/Include" -I"D:/XMC_HandController/DAVE_HandController/Test_I2C/Libraries/CMSIS/Infineon/XMC4500_series/Include" -I"D:/XMC_HandController/DAVE_HandController/Test_I2C" -I"D:/XMC_HandController/DAVE_HandController/Test_I2C/Dave/Generated" -I"D:/XMC_HandController/DAVE_HandController/Test_I2C/Libraries" -O0 -ffunction-sections -fdata-sections -Wall -std=gnu99 -mfloat-abi=softfp -Wa,-adhlns="Libraries/XMCLib/src/xmc_vadc.o.lst" -pipe -c -fmessage-length=0 -MMD -MP -MF"Libraries/XMCLib/src/xmc_vadc.d" -MT"Libraries/XMCLib/src/xmc_vadc.d Libraries/XMCLib/src/xmc_vadc.o" -mcpu=cortex-m4 -mfpu=fpv4-sp-d16 -mthumb -g -gdwarf-2 -o "Libraries/XMCLib/src/xmc_vadc.o" "../Libraries/XMCLib/src/xmc_vadc.c" 
'Finished building: ../Libraries/XMCLib/src/xmc_vadc.c'

'Building file: ../Libraries/XMCLib/src/xmc_wdt.c'
'Invoking: ARM-GCC C Compiler'
"C:/DAVEv4/DAVE-4.3.2/eclipse/ARM-GCC-49/bin/arm-none-eabi-gcc" -MMD -MT "Libraries/XMCLib/src/xmc_wdt.o" -DXMC4500_F100x1024 -I"D:/XMC_HandController/DAVE_HandController/Test_I2C/Libraries/XMCLib/inc" -I"D:/XMC_HandController/DAVE_HandController/Test_I2C/Libraries/CMSIS/Include" -I"D:/XMC_HandController/DAVE_HandController/Test_I2C/Libraries/CMSIS/Infineon/XMC4500_series/Include" -I"D:/XMC_HandController/DAVE_HandController/Test_I2C" -I"D:/XMC_HandController/DAVE_HandController/Test_I2C/Dave/Generated" -I"D:/XMC_HandController/DAVE_HandController/Test_I2C/Libraries" -O0 -ffunction-sections -fdata-sections -Wall -std=gnu99 -mfloat-abi=softfp -Wa,-adhlns="Libraries/XMCLib/src/xmc_wdt.o.lst" -pipe -c -fmessage-length=0 -MMD -MP -MF"Libraries/XMCLib/src/xmc_wdt.d" -MT"Libraries/XMCLib/src/xmc_wdt.d Libraries/XMCLib/src/xmc_wdt.o" -mcpu=cortex-m4 -mfpu=fpv4-sp-d16 -mthumb -g -gdwarf-2 -o "Libraries/XMCLib/src/xmc_wdt.o" "../Libraries/XMCLib/src/xmc_wdt.c" 
'Finished building: ../Libraries/XMCLib/src/xmc_wdt.c'

'Building file: ../Libraries/Newlib/syscalls.c'
'Invoking: ARM-GCC C Compiler'
"C:/DAVEv4/DAVE-4.3.2/eclipse/ARM-GCC-49/bin/arm-none-eabi-gcc" -MMD -MT "Libraries/Newlib/syscalls.o" -DXMC4500_F100x1024 -I"D:/XMC_HandController/DAVE_HandController/Test_I2C/Libraries/XMCLib/inc" -I"D:/XMC_HandController/DAVE_HandController/Test_I2C/Libraries/CMSIS/Include" -I"D:/XMC_HandController/DAVE_HandController/Test_I2C/Libraries/CMSIS/Infineon/XMC4500_series/Include" -I"D:/XMC_HandController/DAVE_HandController/Test_I2C" -I"D:/XMC_HandController/DAVE_HandController/Test_I2C/Dave/Generated" -I"D:/XMC_HandController/DAVE_HandController/Test_I2C/Libraries" -O0 -ffunction-sections -fdata-sections -Wall -std=gnu99 -mfloat-abi=softfp -Wa,-adhlns="Libraries/Newlib/syscalls.o.lst" -pipe -c -fmessage-length=0 -MMD -MP -MF"Libraries/Newlib/syscalls.d" -MT"Libraries/Newlib/syscalls.d Libraries/Newlib/syscalls.o" -mcpu=cortex-m4 -mfpu=fpv4-sp-d16 -mthumb -g -gdwarf-2 -o "Libraries/Newlib/syscalls.o" "../Libraries/Newlib/syscalls.c" 
'Finished building: ../Libraries/Newlib/syscalls.c'

'Building file: ../Dave/Generated/UART/uart.c'
'Invoking: ARM-GCC C Compiler'
"C:/DAVEv4/DAVE-4.3.2/eclipse/ARM-GCC-49/bin/arm-none-eabi-gcc" -MMD -MT "Dave/Generated/UART/uart.o" -DXMC4500_F100x1024 -I"D:/XMC_HandController/DAVE_HandController/Test_I2C/Libraries/XMCLib/inc" -I"D:/XMC_HandController/DAVE_HandController/Test_I2C/Libraries/CMSIS/Include" -I"D:/XMC_HandController/DAVE_HandController/Test_I2C/Libraries/CMSIS/Infineon/XMC4500_series/Include" -I"D:/XMC_HandController/DAVE_HandController/Test_I2C" -I"D:/XMC_HandController/DAVE_HandController/Test_I2C/Dave/Generated" -I"D:/XMC_HandController/DAVE_HandController/Test_I2C/Libraries" -O0 -ffunction-sections -fdata-sections -Wall -std=gnu99 -mfloat-abi=softfp -Wa,-adhlns="Dave/Generated/UART/uart.o.lst" -pipe -c -fmessage-length=0 -MMD -MP -MF"Dave/Generated/UART/uart.d" -MT"Dave/Generated/UART/uart.d Dave/Generated/UART/uart.o" -mcpu=cortex-m4 -mfpu=fpv4-sp-d16 -mthumb -g -gdwarf-2 -o "Dave/Generated/UART/uart.o" "../Dave/Generated/UART/uart.c" 
'Finished building: ../Dave/Generated/UART/uart.c'

'Building file: ../Dave/Generated/UART/uart_conf.c'
'Invoking: ARM-GCC C Compiler'
"C:/DAVEv4/DAVE-4.3.2/eclipse/ARM-GCC-49/bin/arm-none-eabi-gcc" -MMD -MT "Dave/Generated/UART/uart_conf.o" -DXMC4500_F100x1024 -I"D:/XMC_HandController/DAVE_HandController/Test_I2C/Libraries/XMCLib/inc" -I"D:/XMC_HandController/DAVE_HandController/Test_I2C/Libraries/CMSIS/Include" -I"D:/XMC_HandController/DAVE_HandController/Test_I2C/Libraries/CMSIS/Infineon/XMC4500_series/Include" -I"D:/XMC_HandController/DAVE_HandController/Test_I2C" -I"D:/XMC_HandController/DAVE_HandController/Test_I2C/Dave/Generated" -I"D:/XMC_HandController/DAVE_HandController/Test_I2C/Libraries" -O0 -ffunction-sections -fdata-sections -Wall -std=gnu99 -mfloat-abi=softfp -Wa,-adhlns="Dave/Generated/UART/uart_conf.o.lst" -pipe -c -fmessage-length=0 -MMD -MP -MF"Dave/Generated/UART/uart_conf.d" -MT"Dave/Generated/UART/uart_conf.d Dave/Generated/UART/uart_conf.o" -mcpu=cortex-m4 -mfpu=fpv4-sp-d16 -mthumb -g -gdwarf-2 -o "Dave/Generated/UART/uart_conf.o" "../Dave/Generated/UART/uart_conf.c" 
'Finished building: ../Dave/Generated/UART/uart_conf.c'

'Building file: ../Dave/Generated/I2C_MASTER/i2c_master.c'
'Invoking: ARM-GCC C Compiler'
"C:/DAVEv4/DAVE-4.3.2/eclipse/ARM-GCC-49/bin/arm-none-eabi-gcc" -MMD -MT "Dave/Generated/I2C_MASTER/i2c_master.o" -DXMC4500_F100x1024 -I"D:/XMC_HandController/DAVE_HandController/Test_I2C/Libraries/XMCLib/inc" -I"D:/XMC_HandController/DAVE_HandController/Test_I2C/Libraries/CMSIS/Include" -I"D:/XMC_HandController/DAVE_HandController/Test_I2C/Libraries/CMSIS/Infineon/XMC4500_series/Include" -I"D:/XMC_HandController/DAVE_HandController/Test_I2C" -I"D:/XMC_HandController/DAVE_HandController/Test_I2C/Dave/Generated" -I"D:/XMC_HandController/DAVE_HandController/Test_I2C/Libraries" -O0 -ffunction-sections -fdata-sections -Wall -std=gnu99 -mfloat-abi=softfp -Wa,-adhlns="Dave/Generated/I2C_MASTER/i2c_master.o.lst" -pipe -c -fmessage-length=0 -MMD -MP -MF"Dave/Generated/I2C_MASTER/i2c_master.d" -MT"Dave/Generated/I2C_MASTER/i2c_master.d Dave/Generated/I2C_MASTER/i2c_master.o" -mcpu=cortex-m4 -mfpu=fpv4-sp-d16 -mthumb -g -gdwarf-2 -o "Dave/Generated/I2C_MASTER/i2c_master.o" "../Dave/Generated/I2C_MASTER/i2c_master.c" 
'Finished building: ../Dave/Generated/I2C_MASTER/i2c_master.c'

'Building file: ../Dave/Generated/I2C_MASTER/i2c_master_conf.c'
'Invoking: ARM-GCC C Compiler'
"C:/DAVEv4/DAVE-4.3.2/eclipse/ARM-GCC-49/bin/arm-none-eabi-gcc" -MMD -MT "Dave/Generated/I2C_MASTER/i2c_master_conf.o" -DXMC4500_F100x1024 -I"D:/XMC_HandController/DAVE_HandController/Test_I2C/Libraries/XMCLib/inc" -I"D:/XMC_HandController/DAVE_HandController/Test_I2C/Libraries/CMSIS/Include" -I"D:/XMC_HandController/DAVE_HandController/Test_I2C/Libraries/CMSIS/Infineon/XMC4500_series/Include" -I"D:/XMC_HandController/DAVE_HandController/Test_I2C" -I"D:/XMC_HandController/DAVE_HandController/Test_I2C/Dave/Generated" -I"D:/XMC_HandController/DAVE_HandController/Test_I2C/Libraries" -O0 -ffunction-sections -fdata-sections -Wall -std=gnu99 -mfloat-abi=softfp -Wa,-adhlns="Dave/Generated/I2C_MASTER/i2c_master_conf.o.lst" -pipe -c -fmessage-length=0 -MMD -MP -MF"Dave/Generated/I2C_MASTER/i2c_master_conf.d" -MT"Dave/Generated/I2C_MASTER/i2c_master_conf.d Dave/Generated/I2C_MASTER/i2c_master_conf.o" -mcpu=cortex-m4 -mfpu=fpv4-sp-d16 -mthumb -g -gdwarf-2 -o "Dave/Generated/I2C_MASTER/i2c_master_conf.o" "../Dave/Generated/I2C_MASTER/i2c_master_conf.c" 
'Finished building: ../Dave/Generated/I2C_MASTER/i2c_master_conf.c'

'Building file: ../Dave/Generated/DIGITAL_IO/digital_io.c'
'Invoking: ARM-GCC C Compiler'
"C:/DAVEv4/DAVE-4.3.2/eclipse/ARM-GCC-49/bin/arm-none-eabi-gcc" -MMD -MT "Dave/Generated/DIGITAL_IO/digital_io.o" -DXMC4500_F100x1024 -I"D:/XMC_HandController/DAVE_HandController/Test_I2C/Libraries/XMCLib/inc" -I"D:/XMC_HandController/DAVE_HandController/Test_I2C/Libraries/CMSIS/Include" -I"D:/XMC_HandController/DAVE_HandController/Test_I2C/Libraries/CMSIS/Infineon/XMC4500_series/Include" -I"D:/XMC_HandController/DAVE_HandController/Test_I2C" -I"D:/XMC_HandController/DAVE_HandController/Test_I2C/Dave/Generated" -I"D:/XMC_HandController/DAVE_HandController/Test_I2C/Libraries" -O0 -ffunction-sections -fdata-sections -Wall -std=gnu99 -mfloat-abi=softfp -Wa,-adhlns="Dave/Generated/DIGITAL_IO/digital_io.o.lst" -pipe -c -fmessage-length=0 -MMD -MP -MF"Dave/Generated/DIGITAL_IO/digital_io.d" -MT"Dave/Generated/DIGITAL_IO/digital_io.d Dave/Generated/DIGITAL_IO/digital_io.o" -mcpu=cortex-m4 -mfpu=fpv4-sp-d16 -mthumb -g -gdwarf-2 -o "Dave/Generated/DIGITAL_IO/digital_io.o" "../Dave/Generated/DIGITAL_IO/digital_io.c" 
'Finished building: ../Dave/Generated/DIGITAL_IO/digital_io.c'

'Building file: ../Dave/Generated/DIGITAL_IO/digital_io_conf.c'
'Invoking: ARM-GCC C Compiler'
"C:/DAVEv4/DAVE-4.3.2/eclipse/ARM-GCC-49/bin/arm-none-eabi-gcc" -MMD -MT "Dave/Generated/DIGITAL_IO/digital_io_conf.o" -DXMC4500_F100x1024 -I"D:/XMC_HandController/DAVE_HandController/Test_I2C/Libraries/XMCLib/inc" -I"D:/XMC_HandController/DAVE_HandController/Test_I2C/Libraries/CMSIS/Include" -I"D:/XMC_HandController/DAVE_HandController/Test_I2C/Libraries/CMSIS/Infineon/XMC4500_series/Include" -I"D:/XMC_HandController/DAVE_HandController/Test_I2C" -I"D:/XMC_HandController/DAVE_HandController/Test_I2C/Dave/Generated" -I"D:/XMC_HandController/DAVE_HandController/Test_I2C/Libraries" -O0 -ffunction-sections -fdata-sections -Wall -std=gnu99 -mfloat-abi=softfp -Wa,-adhlns="Dave/Generated/DIGITAL_IO/digital_io_conf.o.lst" -pipe -c -fmessage-length=0 -MMD -MP -MF"Dave/Generated/DIGITAL_IO/digital_io_conf.d" -MT"Dave/Generated/DIGITAL_IO/digital_io_conf.d Dave/Generated/DIGITAL_IO/digital_io_conf.o" -mcpu=cortex-m4 -mfpu=fpv4-sp-d16 -mthumb -g -gdwarf-2 -o "Dave/Generated/DIGITAL_IO/digital_io_conf.o" "../Dave/Generated/DIGITAL_IO/digital_io_conf.c" 
'Finished building: ../Dave/Generated/DIGITAL_IO/digital_io_conf.c'

'Building file: ../Dave/Generated/CPU_CTRL_XMC4/cpu_ctrl_xmc4.c'
'Invoking: ARM-GCC C Compiler'
"C:/DAVEv4/DAVE-4.3.2/eclipse/ARM-GCC-49/bin/arm-none-eabi-gcc" -MMD -MT "Dave/Generated/CPU_CTRL_XMC4/cpu_ctrl_xmc4.o" -DXMC4500_F100x1024 -I"D:/XMC_HandController/DAVE_HandController/Test_I2C/Libraries/XMCLib/inc" -I"D:/XMC_HandController/DAVE_HandController/Test_I2C/Libraries/CMSIS/Include" -I"D:/XMC_HandController/DAVE_HandController/Test_I2C/Libraries/CMSIS/Infineon/XMC4500_series/Include" -I"D:/XMC_HandController/DAVE_HandController/Test_I2C" -I"D:/XMC_HandController/DAVE_HandController/Test_I2C/Dave/Generated" -I"D:/XMC_HandController/DAVE_HandController/Test_I2C/Libraries" -O0 -ffunction-sections -fdata-sections -Wall -std=gnu99 -mfloat-abi=softfp -Wa,-adhlns="Dave/Generated/CPU_CTRL_XMC4/cpu_ctrl_xmc4.o.lst" -pipe -c -fmessage-length=0 -MMD -MP -MF"Dave/Generated/CPU_CTRL_XMC4/cpu_ctrl_xmc4.d" -MT"Dave/Generated/CPU_CTRL_XMC4/cpu_ctrl_xmc4.d Dave/Generated/CPU_CTRL_XMC4/cpu_ctrl_xmc4.o" -mcpu=cortex-m4 -mfpu=fpv4-sp-d16 -mthumb -g -gdwarf-2 -o "Dave/Generated/CPU_CTRL_XMC4/cpu_ctrl_xmc4.o" "../Dave/Generated/CPU_CTRL_XMC4/cpu_ctrl_xmc4.c" 
'Finished building: ../Dave/Generated/CPU_CTRL_XMC4/cpu_ctrl_xmc4.c'

'Building file: ../Dave/Generated/CPU_CTRL_XMC4/cpu_ctrl_xmc4_conf.c'
'Invoking: ARM-GCC C Compiler'
"C:/DAVEv4/DAVE-4.3.2/eclipse/ARM-GCC-49/bin/arm-none-eabi-gcc" -MMD -MT "Dave/Generated/CPU_CTRL_XMC4/cpu_ctrl_xmc4_conf.o" -DXMC4500_F100x1024 -I"D:/XMC_HandController/DAVE_HandController/Test_I2C/Libraries/XMCLib/inc" -I"D:/XMC_HandController/DAVE_HandController/Test_I2C/Libraries/CMSIS/Include" -I"D:/XMC_HandController/DAVE_HandController/Test_I2C/Libraries/CMSIS/Infineon/XMC4500_series/Include" -I"D:/XMC_HandController/DAVE_HandController/Test_I2C" -I"D:/XMC_HandController/DAVE_HandController/Test_I2C/Dave/Generated" -I"D:/XMC_HandController/DAVE_HandController/Test_I2C/Libraries" -O0 -ffunction-sections -fdata-sections -Wall -std=gnu99 -mfloat-abi=softfp -Wa,-adhlns="Dave/Generated/CPU_CTRL_XMC4/cpu_ctrl_xmc4_conf.o.lst" -pipe -c -fmessage-length=0 -MMD -MP -MF"Dave/Generated/CPU_CTRL_XMC4/cpu_ctrl_xmc4_conf.d" -MT"Dave/Generated/CPU_CTRL_XMC4/cpu_ctrl_xmc4_conf.d Dave/Generated/CPU_CTRL_XMC4/cpu_ctrl_xmc4_conf.o" -mcpu=cortex-m4 -mfpu=fpv4-sp-d16 -mthumb -g -gdwarf-2 -o "Dave/Generated/CPU_CTRL_XMC4/cpu_ctrl_xmc4_conf.o" "../Dave/Generated/CPU_CTRL_XMC4/cpu_ctrl_xmc4_conf.c" 
'Finished building: ../Dave/Generated/CPU_CTRL_XMC4/cpu_ctrl_xmc4_conf.c'

'Building file: ../Dave/Generated/CLOCK_XMC4/clock_xmc4.c'
'Invoking: ARM-GCC C Compiler'
"C:/DAVEv4/DAVE-4.3.2/eclipse/ARM-GCC-49/bin/arm-none-eabi-gcc" -MMD -MT "Dave/Generated/CLOCK_XMC4/clock_xmc4.o" -DXMC4500_F100x1024 -I"D:/XMC_HandController/DAVE_HandController/Test_I2C/Libraries/XMCLib/inc" -I"D:/XMC_HandController/DAVE_HandController/Test_I2C/Libraries/CMSIS/Include" -I"D:/XMC_HandController/DAVE_HandController/Test_I2C/Libraries/CMSIS/Infineon/XMC4500_series/Include" -I"D:/XMC_HandController/DAVE_HandController/Test_I2C" -I"D:/XMC_HandController/DAVE_HandController/Test_I2C/Dave/Generated" -I"D:/XMC_HandController/DAVE_HandController/Test_I2C/Libraries" -O0 -ffunction-sections -fdata-sections -Wall -std=gnu99 -mfloat-abi=softfp -Wa,-adhlns="Dave/Generated/CLOCK_XMC4/clock_xmc4.o.lst" -pipe -c -fmessage-length=0 -MMD -MP -MF"Dave/Generated/CLOCK_XMC4/clock_xmc4.d" -MT"Dave/Generated/CLOCK_XMC4/clock_xmc4.d Dave/Generated/CLOCK_XMC4/clock_xmc4.o" -mcpu=cortex-m4 -mfpu=fpv4-sp-d16 -mthumb -g -gdwarf-2 -o "Dave/Generated/CLOCK_XMC4/clock_xmc4.o" "../Dave/Generated/CLOCK_XMC4/clock_xmc4.c" 
'Finished building: ../Dave/Generated/CLOCK_XMC4/clock_xmc4.c'

'Building file: ../Dave/Generated/CLOCK_XMC4/clock_xmc4_conf.c'
'Invoking: ARM-GCC C Compiler'
"C:/DAVEv4/DAVE-4.3.2/eclipse/ARM-GCC-49/bin/arm-none-eabi-gcc" -MMD -MT "Dave/Generated/CLOCK_XMC4/clock_xmc4_conf.o" -DXMC4500_F100x1024 -I"D:/XMC_HandController/DAVE_HandController/Test_I2C/Libraries/XMCLib/inc" -I"D:/XMC_HandController/DAVE_HandController/Test_I2C/Libraries/CMSIS/Include" -I"D:/XMC_HandController/DAVE_HandController/Test_I2C/Libraries/CMSIS/Infineon/XMC4500_series/Include" -I"D:/XMC_HandController/DAVE_HandController/Test_I2C" -I"D:/XMC_HandController/DAVE_HandController/Test_I2C/Dave/Generated" -I"D:/XMC_HandController/DAVE_HandController/Test_I2C/Libraries" -O0 -ffunction-sections -fdata-sections -Wall -std=gnu99 -mfloat-abi=softfp -Wa,-adhlns="Dave/Generated/CLOCK_XMC4/clock_xmc4_conf.o.lst" -pipe -c -fmessage-length=0 -MMD -MP -MF"Dave/Generated/CLOCK_XMC4/clock_xmc4_conf.d" -MT"Dave/Generated/CLOCK_XMC4/clock_xmc4_conf.d Dave/Generated/CLOCK_XMC4/clock_xmc4_conf.o" -mcpu=cortex-m4 -mfpu=fpv4-sp-d16 -mthumb -g -gdwarf-2 -o "Dave/Generated/CLOCK_XMC4/clock_xmc4_conf.o" "../Dave/Generated/CLOCK_XMC4/clock_xmc4_conf.c" 
'Finished building: ../Dave/Generated/CLOCK_XMC4/clock_xmc4_conf.c'

'Building file: ../Dave/Generated/DAVE.c'
'Invoking: ARM-GCC C Compiler'
"C:/DAVEv4/DAVE-4.3.2/eclipse/ARM-GCC-49/bin/arm-none-eabi-gcc" -MMD -MT "Dave/Generated/DAVE.o" -DXMC4500_F100x1024 -I"D:/XMC_HandController/DAVE_HandController/Test_I2C/Libraries/XMCLib/inc" -I"D:/XMC_HandController/DAVE_HandController/Test_I2C/Libraries/CMSIS/Include" -I"D:/XMC_HandController/DAVE_HandController/Test_I2C/Libraries/CMSIS/Infineon/XMC4500_series/Include" -I"D:/XMC_HandController/DAVE_HandController/Test_I2C" -I"D:/XMC_HandController/DAVE_HandController/Test_I2C/Dave/Generated" -I"D:/XMC_HandController/DAVE_HandController/Test_I2C/Libraries" -O0 -ffunction-sections -fdata-sections -Wall -std=gnu99 -mfloat-abi=softfp -Wa,-adhlns="Dave/Generated/DAVE.o.lst" -pipe -c -fmessage-length=0 -MMD -MP -MF"Dave/Generated/DAVE.d" -MT"Dave/Generated/DAVE.d Dave/Generated/DAVE.o" -mcpu=cortex-m4 -mfpu=fpv4-sp-d16 -mthumb -g -gdwarf-2 -o "Dave/Generated/DAVE.o" "../Dave/Generated/DAVE.c" 
'Finished building: ../Dave/Generated/DAVE.c'

'Building file: ../main.c'
'Invoking: ARM-GCC C Compiler'
"C:/DAVEv4/DAVE-4.3.2/eclipse/ARM-GCC-49/bin/arm-none-eabi-gcc" -MMD -MT "main.o" -DXMC4500_F100x1024 -I"D:/XMC_HandController/DAVE_HandController/Test_I2C/Libraries/XMCLib/inc" -I"D:/XMC_HandController/DAVE_HandController/Test_I2C/Libraries/CMSIS/Include" -I"D:/XMC_HandController/DAVE_HandController/Test_I2C/Libraries/CMSIS/Infineon/XMC4500_series/Include" -I"D:/XMC_HandController/DAVE_HandController/Test_I2C" -I"D:/XMC_HandController/DAVE_HandController/Test_I2C/Dave/Generated" -I"D:/XMC_HandController/DAVE_HandController/Test_I2C/Libraries" -O0 -ffunction-sections -fdata-sections -Wall -std=gnu99 -mfloat-abi=softfp -Wa,-adhlns="main.o.lst" -pipe -c -fmessage-length=0 -MMD -MP -MF"main.d" -MT"main.d main.o" -mcpu=cortex-m4 -mfpu=fpv4-sp-d16 -mthumb -g -gdwarf-2 -o "main.o" "../main.c" 
'Finished building: ../main.c'

'Building target: Test_I2C.elf'
'Invoking: ARM-GCC C Linker'
"C:/DAVEv4/DAVE-4.3.2/eclipse/ARM-GCC-49/bin/arm-none-eabi-gcc" -T"../linker_script.ld" -nostartfiles -Xlinker --gc-sections -specs=nano.specs -specs=nosys.specs -Wl,-Map,"Test_I2C.map" -mfloat-abi=softfp -mfpu=fpv4-sp-d16 -mcpu=cortex-m4 -mthumb -g -gdwarf-2 -o "Test_I2C.elf" "@objects.rsp"  -lm
'Finished building target: Test_I2C.elf'

'Invoking: ARM-GCC Create Flash Image'
"C:/DAVEv4/DAVE-4.3.2/eclipse/ARM-GCC-49/bin/arm-none-eabi-objcopy" -O ihex "Test_I2C.elf" "Test_I2C.hex"
'Finished building: Test_I2C.hex'

'Invoking: ARM-GCC Create Listing'
"C:/DAVEv4/DAVE-4.3.2/eclipse/ARM-GCC-49/bin/arm-none-eabi-objdump" -h -S "Test_I2C.elf" > "Test_I2C.lst"
'Finished building: Test_I2C.lst'

'Invoking: ARM-GCC Print Size'
"C:/DAVEv4/DAVE-4.3.2/eclipse/ARM-GCC-49/bin/arm-none-eabi-size" --format=berkeley "Test_I2C.elf"
   text	   data	    bss	    dec	    hex	filename
  13784	     68	   2104	  15956	   3e54	Test_I2C.elf
'Finished building: Test_I2C.siz'

20:13:42 **** Incremental Build of configuration Debug for project Test_I2C ****
"\"C:\\DAVEv4\\DAVE-4.3.2\\eclipse\\ARM-GCC-49\\bin\\make\"" --output-sync -j8 all 
'Invoking: ARM-GCC Print Size'
"C:/DAVEv4/DAVE-4.3.2/eclipse/ARM-GCC-49/bin/arm-none-eabi-size" --format=berkeley "Test_I2C.elf"
   text	   data	    bss	    dec	    hex	filename
  13784	     68	   2104	  15956	   3e54	Test_I2C.elf
'Finished building: Test_I2C.siz'

20:19:18 **** Incremental Build of configuration Debug for project Test_I2C ****
"\"C:\\DAVEv4\\DAVE-4.3.2\\eclipse\\ARM-GCC-49\\bin\\make\"" --output-sync -j8 all 
../main.c: In function 'main':
'Building file: ../main.c'
../main.c:51:62: warning: passing argument 4 of 'I2C_MASTER_Receive' from incompatible pointer type
'Invoking: ARM-GCC C Compiler'
          I2C_MASTER_Receive(&I2C_MASTER_0,true,SLAVE_ADDRESS,&I2C_Data,1,true,true);
"C:/DAVEv4/DAVE-4.3.2/eclipse/ARM-GCC-49/bin/arm-none-eabi-gcc" -MMD -MT "main.o" -DXMC4500_F100x1024 -I"D:/XMC_HandController/DAVE_HandController/Test_I2C/Libraries/XMCLib/inc" -I"D:/XMC_HandController/DAVE_HandController/Test_I2C/Libraries/CMSIS/Include" -I"D:/XMC_HandController/DAVE_HandController/Test_I2C/Libraries/CMSIS/Infineon/XMC4500_series/Include" -I"D:/XMC_HandController/DAVE_HandController/Test_I2C" -I"D:/XMC_HandController/DAVE_HandController/Test_I2C/Dave/Generated" -I"D:/XMC_HandController/DAVE_HandController/Test_I2C/Libraries" -O0 -ffunction-sections -fdata-sections -Wall -std=gnu99 -mfloat-abi=softfp -Wa,-adhlns="main.o.lst" -pipe -c -fmessage-length=0 -MMD -MP -MF"main.d" -MT"main.d main.o" -mcpu=cortex-m4 -mfpu=fpv4-sp-d16 -mthumb -g -gdwarf-2 -o "main.o" "../main.c" 
                                                              ^
'Finished building: ../main.c'
In file included from D:/XMC_HandController/DAVE_HandController/Test_I2C/Dave/Generated/DAVE.h:64:0,

                 from ../main.c:1:
D:/XMC_HandController/DAVE_HandController/Test_I2C/Dave/Generated/I2C_MASTER/i2c_master.h:360:21: note: expected 'uint8_t *' but argument is of type 'uint8_t (*)[8]'
 I2C_MASTER_STATUS_t I2C_MASTER_Receive(I2C_MASTER_t *handle, bool send_start, const uint32_t address,
                     ^
'Building target: Test_I2C.elf'
'Invoking: ARM-GCC C Linker'
"C:/DAVEv4/DAVE-4.3.2/eclipse/ARM-GCC-49/bin/arm-none-eabi-gcc" -T"../linker_script.ld" -nostartfiles -Xlinker --gc-sections -specs=nano.specs -specs=nosys.specs -Wl,-Map,"Test_I2C.map" -mfloat-abi=softfp -mfpu=fpv4-sp-d16 -mcpu=cortex-m4 -mthumb -g -gdwarf-2 -o "Test_I2C.elf" "@objects.rsp"  -lm
'Finished building target: Test_I2C.elf'

'Invoking: ARM-GCC Create Flash Image'
"C:/DAVEv4/DAVE-4.3.2/eclipse/ARM-GCC-49/bin/arm-none-eabi-objcopy" -O ihex "Test_I2C.elf" "Test_I2C.hex"
'Finished building: Test_I2C.hex'

'Invoking: ARM-GCC Create Listing'
"C:/DAVEv4/DAVE-4.3.2/eclipse/ARM-GCC-49/bin/arm-none-eabi-objdump" -h -S "Test_I2C.elf" > "Test_I2C.lst"
'Finished building: Test_I2C.lst'

'Invoking: ARM-GCC Print Size'
"C:/DAVEv4/DAVE-4.3.2/eclipse/ARM-GCC-49/bin/arm-none-eabi-size" --format=berkeley "Test_I2C.elf"
   text	   data	    bss	    dec	    hex	filename
  13784	     68	   2104	  15956	   3e54	Test_I2C.elf
'Finished building: Test_I2C.siz'

20:19:33 **** Incremental Build of configuration Debug for project Test_I2C ****
"\"C:\\DAVEv4\\DAVE-4.3.2\\eclipse\\ARM-GCC-49\\bin\\make\"" --output-sync -j8 all 
'Invoking: ARM-GCC Print Size'
"C:/DAVEv4/DAVE-4.3.2/eclipse/ARM-GCC-49/bin/arm-none-eabi-size" --format=berkeley "Test_I2C.elf"
   text	   data	    bss	    dec	    hex	filename
  13784	     68	   2104	  15956	   3e54	Test_I2C.elf
'Finished building: Test_I2C.siz'

20:20:35 **** Incremental Build of configuration Debug for project Test_I2C ****
"\"C:\\DAVEv4\\DAVE-4.3.2\\eclipse\\ARM-GCC-49\\bin\\make\"" --output-sync -j8 all 
'Building file: ../main.c'
../main.c: In function 'main':
'Invoking: ARM-GCC C Compiler'
../main.c:45:62: warning: passing argument 4 of 'I2C_MASTER_Receive' from incompatible pointer type
"C:/DAVEv4/DAVE-4.3.2/eclipse/ARM-GCC-49/bin/arm-none-eabi-gcc" -MMD -MT "main.o" -DXMC4500_F100x1024 -I"D:/XMC_HandController/DAVE_HandController/Test_I2C/Libraries/XMCLib/inc" -I"D:/XMC_HandController/DAVE_HandController/Test_I2C/Libraries/CMSIS/Include" -I"D:/XMC_HandController/DAVE_HandController/Test_I2C/Libraries/CMSIS/Infineon/XMC4500_series/Include" -I"D:/XMC_HandController/DAVE_HandController/Test_I2C" -I"D:/XMC_HandController/DAVE_HandController/Test_I2C/Dave/Generated" -I"D:/XMC_HandController/DAVE_HandController/Test_I2C/Libraries" -O0 -ffunction-sections -fdata-sections -Wall -std=gnu99 -mfloat-abi=softfp -Wa,-adhlns="main.o.lst" -pipe -c -fmessage-length=0 -MMD -MP -MF"main.d" -MT"main.d main.o" -mcpu=cortex-m4 -mfpu=fpv4-sp-d16 -mthumb -g -gdwarf-2 -o "main.o" "../main.c" 
          I2C_MASTER_Receive(&I2C_MASTER_0,true,SLAVE_ADDRESS,&I2C_Data,1,true,true);
'Finished building: ../main.c'
                                                              ^

In file included from D:/XMC_HandController/DAVE_HandController/Test_I2C/Dave/Generated/DAVE.h:64:0,
                 from ../main.c:1:
D:/XMC_HandController/DAVE_HandController/Test_I2C/Dave/Generated/I2C_MASTER/i2c_master.h:360:21: note: expected 'uint8_t *' but argument is of type 'uint8_t (*)[8]'
 I2C_MASTER_STATUS_t I2C_MASTER_Receive(I2C_MASTER_t *handle, bool send_start, const uint32_t address,
                     ^
'Building target: Test_I2C.elf'
'Invoking: ARM-GCC C Linker'
"C:/DAVEv4/DAVE-4.3.2/eclipse/ARM-GCC-49/bin/arm-none-eabi-gcc" -T"../linker_script.ld" -nostartfiles -Xlinker --gc-sections -specs=nano.specs -specs=nosys.specs -Wl,-Map,"Test_I2C.map" -mfloat-abi=softfp -mfpu=fpv4-sp-d16 -mcpu=cortex-m4 -mthumb -g -gdwarf-2 -o "Test_I2C.elf" "@objects.rsp"  -lm
'Finished building target: Test_I2C.elf'

'Invoking: ARM-GCC Create Flash Image'
"C:/DAVEv4/DAVE-4.3.2/eclipse/ARM-GCC-49/bin/arm-none-eabi-objcopy" -O ihex "Test_I2C.elf" "Test_I2C.hex"
'Finished building: Test_I2C.hex'

'Invoking: ARM-GCC Create Listing'
"C:/DAVEv4/DAVE-4.3.2/eclipse/ARM-GCC-49/bin/arm-none-eabi-objdump" -h -S "Test_I2C.elf" > "Test_I2C.lst"
'Finished building: Test_I2C.lst'

'Invoking: ARM-GCC Print Size'
"C:/DAVEv4/DAVE-4.3.2/eclipse/ARM-GCC-49/bin/arm-none-eabi-size" --format=berkeley "Test_I2C.elf"
   text	   data	    bss	    dec	    hex	filename
  13784	     68	   2104	  15956	   3e54	Test_I2C.elf
'Finished building: Test_I2C.siz'

