18:07:55 **** Clean-only build of configuration Debug for project UART_Serial_Test ****
"\"C:\\DAVEv4\\DAVE-4.3.2\\eclipse\\ARM-GCC-49\\bin\\make\"" --output-sync -j8 clean 
rm -rf  ./Startup/startup_XMC4500.o ./Startup/system_XMC4500.o  ./Libraries/XMCLib/src/xmc4_eru.o ./Libraries/XMCLib/src/xmc4_flash.o ./Libraries/XMCLib/src/xmc4_gpio.o ./Libraries/XMCLib/src/xmc4_rtc.o ./Libraries/XMCLib/src/xmc4_scu.o ./Libraries/XMCLib/src/xmc_can.o ./Libraries/XMCLib/src/xmc_ccu4.o ./Libraries/XMCLib/src/xmc_ccu8.o ./Libraries/XMCLib/src/xmc_common.o ./Libraries/XMCLib/src/xmc_dac.o ./Libraries/XMCLib/src/xmc_dma.o ./Libraries/XMCLib/src/xmc_dsd.o ./Libraries/XMCLib/src/xmc_ebu.o ./Libraries/XMCLib/src/xmc_ecat.o ./Libraries/XMCLib/src/xmc_eru.o ./Libraries/XMCLib/src/xmc_eth_mac.o ./Libraries/XMCLib/src/xmc_fce.o ./Libraries/XMCLib/src/xmc_gpio.o ./Libraries/XMCLib/src/xmc_hrpwm.o ./Libraries/XMCLib/src/xmc_i2c.o ./Libraries/XMCLib/src/xmc_i2s.o ./Libraries/XMCLib/src/xmc_ledts.o ./Libraries/XMCLib/src/xmc_posif.o ./Libraries/XMCLib/src/xmc_rtc.o ./Libraries/XMCLib/src/xmc_sdmmc.o ./Libraries/XMCLib/src/xmc_spi.o ./Libraries/XMCLib/src/xmc_uart.o ./Libraries/XMCLib/src/xmc_usbd.o ./Libraries/XMCLib/src/xmc_usbh.o ./Libraries/XMCLib/src/xmc_usic.o ./Libraries/XMCLib/src/xmc_vadc.o ./Libraries/XMCLib/src/xmc_wdt.o  ./Libraries/Newlib/syscalls.o  ./Dave/Generated/UART/uart.o ./Dave/Generated/UART/uart_conf.o  ./Dave/Generated/SYSTIMER/systimer.o ./Dave/Generated/SYSTIMER/systimer_conf.o  ./Dave/Generated/DIGITAL_IO/digital_io.o ./Dave/Generated/DIGITAL_IO/digital_io_conf.o  ./Dave/Generated/CPU_CTRL_XMC4/cpu_ctrl_xmc4.o ./Dave/Generated/CPU_CTRL_XMC4/cpu_ctrl_xmc4_conf.o  ./Dave/Generated/CLOCK_XMC4/clock_xmc4.o ./Dave/Generated/CLOCK_XMC4/clock_xmc4_conf.o  ./Dave/Generated/DAVE.o  ./main.o  UART_Serial_Test.hex  UART_Serial_Test.lst  UART_Serial_Test.siz  ./Startup/startup_XMC4500.d  ./Startup/system_XMC4500.d  ./Libraries/XMCLib/src/xmc4_eru.d ./Libraries/XMCLib/src/xmc4_flash.d ./Libraries/XMCLib/src/xmc4_gpio.d ./Libraries/XMCLib/src/xmc4_rtc.d ./Libraries/XMCLib/src/xmc4_scu.d ./Libraries/XMCLib/src/xmc_can.d ./Libraries/XMCLib/src/xmc_ccu4.d ./Libraries/XMCLib/src/xmc_ccu8.d ./Libraries/XMCLib/src/xmc_common.d ./Libraries/XMCLib/src/xmc_dac.d ./Libraries/XMCLib/src/xmc_dma.d ./Libraries/XMCLib/src/xmc_dsd.d ./Libraries/XMCLib/src/xmc_ebu.d ./Libraries/XMCLib/src/xmc_ecat.d ./Libraries/XMCLib/src/xmc_eru.d ./Libraries/XMCLib/src/xmc_eth_mac.d ./Libraries/XMCLib/src/xmc_fce.d ./Libraries/XMCLib/src/xmc_gpio.d ./Libraries/XMCLib/src/xmc_hrpwm.d ./Libraries/XMCLib/src/xmc_i2c.d ./Libraries/XMCLib/src/xmc_i2s.d ./Libraries/XMCLib/src/xmc_ledts.d ./Libraries/XMCLib/src/xmc_posif.d ./Libraries/XMCLib/src/xmc_rtc.d ./Libraries/XMCLib/src/xmc_sdmmc.d ./Libraries/XMCLib/src/xmc_spi.d ./Libraries/XMCLib/src/xmc_uart.d ./Libraries/XMCLib/src/xmc_usbd.d ./Libraries/XMCLib/src/xmc_usbh.d ./Libraries/XMCLib/src/xmc_usic.d ./Libraries/XMCLib/src/xmc_vadc.d ./Libraries/XMCLib/src/xmc_wdt.d  ./Libraries/Newlib/syscalls.d  ./Dave/Generated/UART/uart.d ./Dave/Generated/UART/uart_conf.d  ./Dave/Generated/SYSTIMER/systimer.d ./Dave/Generated/SYSTIMER/systimer_conf.d  ./Dave/Generated/DIGITAL_IO/digital_io.d ./Dave/Generated/DIGITAL_IO/digital_io_conf.d  ./Dave/Generated/CPU_CTRL_XMC4/cpu_ctrl_xmc4.d ./Dave/Generated/CPU_CTRL_XMC4/cpu_ctrl_xmc4_conf.d  ./Dave/Generated/CLOCK_XMC4/clock_xmc4.d ./Dave/Generated/CLOCK_XMC4/clock_xmc4_conf.d  ./Dave/Generated/DAVE.d  ./main.d  UART_Serial_Test.elf ./Startup/startup_XMC4500.o.lst ./Startup/system_XMC4500.o.lst ./Libraries/XMCLib/src/xmc4_eru.o.lst ./Libraries/XMCLib/src/xmc4_flash.o.lst ./Libraries/XMCLib/src/xmc4_gpio.o.lst ./Libraries/XMCLib/src/xmc4_rtc.o.lst ./Libraries/XMCLib/src/xmc4_scu.o.lst ./Libraries/XMCLib/src/xmc_can.o.lst ./Libraries/XMCLib/src/xmc_ccu4.o.lst ./Libraries/XMCLib/src/xmc_ccu8.o.lst ./Libraries/XMCLib/src/xmc_common.o.lst ./Libraries/XMCLib/src/xmc_dac.o.lst ./Libraries/XMCLib/src/xmc_dma.o.lst ./Libraries/XMCLib/src/xmc_dsd.o.lst ./Libraries/XMCLib/src/xmc_ebu.o.lst ./Libraries/XMCLib/src/xmc_ecat.o.lst ./Libraries/XMCLib/src/xmc_eru.o.lst ./Libraries/XMCLib/src/xmc_eth_mac.o.lst ./Libraries/XMCLib/src/xmc_fce.o.lst ./Libraries/XMCLib/src/xmc_gpio.o.lst ./Libraries/XMCLib/src/xmc_hrpwm.o.lst ./Libraries/XMCLib/src/xmc_i2c.o.lst ./Libraries/XMCLib/src/xmc_i2s.o.lst ./Libraries/XMCLib/src/xmc_ledts.o.lst ./Libraries/XMCLib/src/xmc_posif.o.lst ./Libraries/XMCLib/src/xmc_rtc.o.lst ./Libraries/XMCLib/src/xmc_sdmmc.o.lst ./Libraries/XMCLib/src/xmc_spi.o.lst ./Libraries/XMCLib/src/xmc_uart.o.lst ./Libraries/XMCLib/src/xmc_usbd.o.lst ./Libraries/XMCLib/src/xmc_usbh.o.lst ./Libraries/XMCLib/src/xmc_usic.o.lst ./Libraries/XMCLib/src/xmc_vadc.o.lst ./Libraries/XMCLib/src/xmc_wdt.o.lst ./Libraries/Newlib/syscalls.o.lst ./Dave/Generated/UART/uart.o.lst ./Dave/Generated/UART/uart_conf.o.lst ./Dave/Generated/SYSTIMER/systimer.o.lst ./Dave/Generated/SYSTIMER/systimer_conf.o.lst ./Dave/Generated/DIGITAL_IO/digital_io.o.lst ./Dave/Generated/DIGITAL_IO/digital_io_conf.o.lst ./Dave/Generated/CPU_CTRL_XMC4/cpu_ctrl_xmc4.o.lst ./Dave/Generated/CPU_CTRL_XMC4/cpu_ctrl_xmc4_conf.o.lst ./Dave/Generated/CLOCK_XMC4/clock_xmc4.o.lst ./Dave/Generated/CLOCK_XMC4/clock_xmc4_conf.o.lst ./Dave/Generated/DAVE.o.lst ./main.o.lst  "UART_Serial_Test.map" objects.rsp

18:08:04 **** Build of configuration Debug for project UART_Serial_Test ****
"\"C:\\DAVEv4\\DAVE-4.3.2\\eclipse\\ARM-GCC-49\\bin\\make\"" --output-sync -j8 all 
'Building file: ../Startup/startup_XMC4500.S'
'Invoking: ARM-GCC Assembler'
"C:/DAVEv4/DAVE-4.3.2/eclipse/ARM-GCC-49/bin/arm-none-eabi-gcc" -MMD -MT "Startup/startup_XMC4500.o" -x assembler-with-cpp -DXMC4500_F100x1024 -I"D:/XMC_HandController/DAVE_HandController/UART_Serial_Test/Libraries/XMCLib/inc" -I"D:/XMC_HandController/DAVE_HandController/UART_Serial_Test" -I"D:/XMC_HandController/DAVE_HandController/UART_Serial_Test/Dave/Generated" -Wall -Wa,-adhlns="Startup/startup_XMC4500.o.lst" -mfloat-abi=softfp -c -fmessage-length=0 -MMD -MP -MF"Startup/startup_XMC4500.d" -MT"Startup/startup_XMC4500.d Startup/startup_XMC4500.o" -mcpu=cortex-m4 -mfpu=fpv4-sp-d16 -mthumb -g -gdwarf-2 -o "Startup/startup_XMC4500.o" "../Startup/startup_XMC4500.S" 
'Finished building: ../Startup/startup_XMC4500.S'

'Building file: ../Startup/system_XMC4500.c'
'Invoking: ARM-GCC C Compiler'
"C:/DAVEv4/DAVE-4.3.2/eclipse/ARM-GCC-49/bin/arm-none-eabi-gcc" -MMD -MT "Startup/system_XMC4500.o" -DXMC4500_F100x1024 -I"D:/XMC_HandController/DAVE_HandController/UART_Serial_Test/Libraries/XMCLib/inc" -I"D:/XMC_HandController/DAVE_HandController/UART_Serial_Test/Libraries/CMSIS/Include" -I"D:/XMC_HandController/DAVE_HandController/UART_Serial_Test/Libraries/CMSIS/Infineon/XMC4500_series/Include" -I"D:/XMC_HandController/DAVE_HandController/UART_Serial_Test" -I"D:/XMC_HandController/DAVE_HandController/UART_Serial_Test/Dave/Generated" -I"D:/XMC_HandController/DAVE_HandController/UART_Serial_Test/Libraries" -O0 -ffunction-sections -fdata-sections -Wall -std=gnu99 -mfloat-abi=softfp -Wa,-adhlns="Startup/system_XMC4500.o.lst" -pipe -c -fmessage-length=0 -MMD -MP -MF"Startup/system_XMC4500.d" -MT"Startup/system_XMC4500.d Startup/system_XMC4500.o" -mcpu=cortex-m4 -mfpu=fpv4-sp-d16 -mthumb -g -gdwarf-2 -o "Startup/system_XMC4500.o" "../Startup/system_XMC4500.c" 
'Finished building: ../Startup/system_XMC4500.c'

'Building file: ../Libraries/XMCLib/src/xmc4_eru.c'
'Invoking: ARM-GCC C Compiler'
"C:/DAVEv4/DAVE-4.3.2/eclipse/ARM-GCC-49/bin/arm-none-eabi-gcc" -MMD -MT "Libraries/XMCLib/src/xmc4_eru.o" -DXMC4500_F100x1024 -I"D:/XMC_HandController/DAVE_HandController/UART_Serial_Test/Libraries/XMCLib/inc" -I"D:/XMC_HandController/DAVE_HandController/UART_Serial_Test/Libraries/CMSIS/Include" -I"D:/XMC_HandController/DAVE_HandController/UART_Serial_Test/Libraries/CMSIS/Infineon/XMC4500_series/Include" -I"D:/XMC_HandController/DAVE_HandController/UART_Serial_Test" -I"D:/XMC_HandController/DAVE_HandController/UART_Serial_Test/Dave/Generated" -I"D:/XMC_HandController/DAVE_HandController/UART_Serial_Test/Libraries" -O0 -ffunction-sections -fdata-sections -Wall -std=gnu99 -mfloat-abi=softfp -Wa,-adhlns="Libraries/XMCLib/src/xmc4_eru.o.lst" -pipe -c -fmessage-length=0 -MMD -MP -MF"Libraries/XMCLib/src/xmc4_eru.d" -MT"Libraries/XMCLib/src/xmc4_eru.d Libraries/XMCLib/src/xmc4_eru.o" -mcpu=cortex-m4 -mfpu=fpv4-sp-d16 -mthumb -g -gdwarf-2 -o "Libraries/XMCLib/src/xmc4_eru.o" "../Libraries/XMCLib/src/xmc4_eru.c" 
'Finished building: ../Libraries/XMCLib/src/xmc4_eru.c'

'Building file: ../Libraries/XMCLib/src/xmc4_flash.c'
'Invoking: ARM-GCC C Compiler'
"C:/DAVEv4/DAVE-4.3.2/eclipse/ARM-GCC-49/bin/arm-none-eabi-gcc" -MMD -MT "Libraries/XMCLib/src/xmc4_flash.o" -DXMC4500_F100x1024 -I"D:/XMC_HandController/DAVE_HandController/UART_Serial_Test/Libraries/XMCLib/inc" -I"D:/XMC_HandController/DAVE_HandController/UART_Serial_Test/Libraries/CMSIS/Include" -I"D:/XMC_HandController/DAVE_HandController/UART_Serial_Test/Libraries/CMSIS/Infineon/XMC4500_series/Include" -I"D:/XMC_HandController/DAVE_HandController/UART_Serial_Test" -I"D:/XMC_HandController/DAVE_HandController/UART_Serial_Test/Dave/Generated" -I"D:/XMC_HandController/DAVE_HandController/UART_Serial_Test/Libraries" -O0 -ffunction-sections -fdata-sections -Wall -std=gnu99 -mfloat-abi=softfp -Wa,-adhlns="Libraries/XMCLib/src/xmc4_flash.o.lst" -pipe -c -fmessage-length=0 -MMD -MP -MF"Libraries/XMCLib/src/xmc4_flash.d" -MT"Libraries/XMCLib/src/xmc4_flash.d Libraries/XMCLib/src/xmc4_flash.o" -mcpu=cortex-m4 -mfpu=fpv4-sp-d16 -mthumb -g -gdwarf-2 -o "Libraries/XMCLib/src/xmc4_flash.o" "../Libraries/XMCLib/src/xmc4_flash.c" 
'Finished building: ../Libraries/XMCLib/src/xmc4_flash.c'

'Building file: ../Libraries/XMCLib/src/xmc4_gpio.c'
'Invoking: ARM-GCC C Compiler'
"C:/DAVEv4/DAVE-4.3.2/eclipse/ARM-GCC-49/bin/arm-none-eabi-gcc" -MMD -MT "Libraries/XMCLib/src/xmc4_gpio.o" -DXMC4500_F100x1024 -I"D:/XMC_HandController/DAVE_HandController/UART_Serial_Test/Libraries/XMCLib/inc" -I"D:/XMC_HandController/DAVE_HandController/UART_Serial_Test/Libraries/CMSIS/Include" -I"D:/XMC_HandController/DAVE_HandController/UART_Serial_Test/Libraries/CMSIS/Infineon/XMC4500_series/Include" -I"D:/XMC_HandController/DAVE_HandController/UART_Serial_Test" -I"D:/XMC_HandController/DAVE_HandController/UART_Serial_Test/Dave/Generated" -I"D:/XMC_HandController/DAVE_HandController/UART_Serial_Test/Libraries" -O0 -ffunction-sections -fdata-sections -Wall -std=gnu99 -mfloat-abi=softfp -Wa,-adhlns="Libraries/XMCLib/src/xmc4_gpio.o.lst" -pipe -c -fmessage-length=0 -MMD -MP -MF"Libraries/XMCLib/src/xmc4_gpio.d" -MT"Libraries/XMCLib/src/xmc4_gpio.d Libraries/XMCLib/src/xmc4_gpio.o" -mcpu=cortex-m4 -mfpu=fpv4-sp-d16 -mthumb -g -gdwarf-2 -o "Libraries/XMCLib/src/xmc4_gpio.o" "../Libraries/XMCLib/src/xmc4_gpio.c" 
'Finished building: ../Libraries/XMCLib/src/xmc4_gpio.c'

'Building file: ../Libraries/XMCLib/src/xmc4_rtc.c'
'Invoking: ARM-GCC C Compiler'
"C:/DAVEv4/DAVE-4.3.2/eclipse/ARM-GCC-49/bin/arm-none-eabi-gcc" -MMD -MT "Libraries/XMCLib/src/xmc4_rtc.o" -DXMC4500_F100x1024 -I"D:/XMC_HandController/DAVE_HandController/UART_Serial_Test/Libraries/XMCLib/inc" -I"D:/XMC_HandController/DAVE_HandController/UART_Serial_Test/Libraries/CMSIS/Include" -I"D:/XMC_HandController/DAVE_HandController/UART_Serial_Test/Libraries/CMSIS/Infineon/XMC4500_series/Include" -I"D:/XMC_HandController/DAVE_HandController/UART_Serial_Test" -I"D:/XMC_HandController/DAVE_HandController/UART_Serial_Test/Dave/Generated" -I"D:/XMC_HandController/DAVE_HandController/UART_Serial_Test/Libraries" -O0 -ffunction-sections -fdata-sections -Wall -std=gnu99 -mfloat-abi=softfp -Wa,-adhlns="Libraries/XMCLib/src/xmc4_rtc.o.lst" -pipe -c -fmessage-length=0 -MMD -MP -MF"Libraries/XMCLib/src/xmc4_rtc.d" -MT"Libraries/XMCLib/src/xmc4_rtc.d Libraries/XMCLib/src/xmc4_rtc.o" -mcpu=cortex-m4 -mfpu=fpv4-sp-d16 -mthumb -g -gdwarf-2 -o "Libraries/XMCLib/src/xmc4_rtc.o" "../Libraries/XMCLib/src/xmc4_rtc.c" 
'Finished building: ../Libraries/XMCLib/src/xmc4_rtc.c'

'Building file: ../Libraries/XMCLib/src/xmc4_scu.c'
'Invoking: ARM-GCC C Compiler'
"C:/DAVEv4/DAVE-4.3.2/eclipse/ARM-GCC-49/bin/arm-none-eabi-gcc" -MMD -MT "Libraries/XMCLib/src/xmc4_scu.o" -DXMC4500_F100x1024 -I"D:/XMC_HandController/DAVE_HandController/UART_Serial_Test/Libraries/XMCLib/inc" -I"D:/XMC_HandController/DAVE_HandController/UART_Serial_Test/Libraries/CMSIS/Include" -I"D:/XMC_HandController/DAVE_HandController/UART_Serial_Test/Libraries/CMSIS/Infineon/XMC4500_series/Include" -I"D:/XMC_HandController/DAVE_HandController/UART_Serial_Test" -I"D:/XMC_HandController/DAVE_HandController/UART_Serial_Test/Dave/Generated" -I"D:/XMC_HandController/DAVE_HandController/UART_Serial_Test/Libraries" -O0 -ffunction-sections -fdata-sections -Wall -std=gnu99 -mfloat-abi=softfp -Wa,-adhlns="Libraries/XMCLib/src/xmc4_scu.o.lst" -pipe -c -fmessage-length=0 -MMD -MP -MF"Libraries/XMCLib/src/xmc4_scu.d" -MT"Libraries/XMCLib/src/xmc4_scu.d Libraries/XMCLib/src/xmc4_scu.o" -mcpu=cortex-m4 -mfpu=fpv4-sp-d16 -mthumb -g -gdwarf-2 -o "Libraries/XMCLib/src/xmc4_scu.o" "../Libraries/XMCLib/src/xmc4_scu.c" 
'Finished building: ../Libraries/XMCLib/src/xmc4_scu.c'

'Building file: ../Libraries/XMCLib/src/xmc_can.c'
'Invoking: ARM-GCC C Compiler'
"C:/DAVEv4/DAVE-4.3.2/eclipse/ARM-GCC-49/bin/arm-none-eabi-gcc" -MMD -MT "Libraries/XMCLib/src/xmc_can.o" -DXMC4500_F100x1024 -I"D:/XMC_HandController/DAVE_HandController/UART_Serial_Test/Libraries/XMCLib/inc" -I"D:/XMC_HandController/DAVE_HandController/UART_Serial_Test/Libraries/CMSIS/Include" -I"D:/XMC_HandController/DAVE_HandController/UART_Serial_Test/Libraries/CMSIS/Infineon/XMC4500_series/Include" -I"D:/XMC_HandController/DAVE_HandController/UART_Serial_Test" -I"D:/XMC_HandController/DAVE_HandController/UART_Serial_Test/Dave/Generated" -I"D:/XMC_HandController/DAVE_HandController/UART_Serial_Test/Libraries" -O0 -ffunction-sections -fdata-sections -Wall -std=gnu99 -mfloat-abi=softfp -Wa,-adhlns="Libraries/XMCLib/src/xmc_can.o.lst" -pipe -c -fmessage-length=0 -MMD -MP -MF"Libraries/XMCLib/src/xmc_can.d" -MT"Libraries/XMCLib/src/xmc_can.d Libraries/XMCLib/src/xmc_can.o" -mcpu=cortex-m4 -mfpu=fpv4-sp-d16 -mthumb -g -gdwarf-2 -o "Libraries/XMCLib/src/xmc_can.o" "../Libraries/XMCLib/src/xmc_can.c" 
'Finished building: ../Libraries/XMCLib/src/xmc_can.c'

'Building file: ../Libraries/XMCLib/src/xmc_ccu4.c'
'Invoking: ARM-GCC C Compiler'
"C:/DAVEv4/DAVE-4.3.2/eclipse/ARM-GCC-49/bin/arm-none-eabi-gcc" -MMD -MT "Libraries/XMCLib/src/xmc_ccu4.o" -DXMC4500_F100x1024 -I"D:/XMC_HandController/DAVE_HandController/UART_Serial_Test/Libraries/XMCLib/inc" -I"D:/XMC_HandController/DAVE_HandController/UART_Serial_Test/Libraries/CMSIS/Include" -I"D:/XMC_HandController/DAVE_HandController/UART_Serial_Test/Libraries/CMSIS/Infineon/XMC4500_series/Include" -I"D:/XMC_HandController/DAVE_HandController/UART_Serial_Test" -I"D:/XMC_HandController/DAVE_HandController/UART_Serial_Test/Dave/Generated" -I"D:/XMC_HandController/DAVE_HandController/UART_Serial_Test/Libraries" -O0 -ffunction-sections -fdata-sections -Wall -std=gnu99 -mfloat-abi=softfp -Wa,-adhlns="Libraries/XMCLib/src/xmc_ccu4.o.lst" -pipe -c -fmessage-length=0 -MMD -MP -MF"Libraries/XMCLib/src/xmc_ccu4.d" -MT"Libraries/XMCLib/src/xmc_ccu4.d Libraries/XMCLib/src/xmc_ccu4.o" -mcpu=cortex-m4 -mfpu=fpv4-sp-d16 -mthumb -g -gdwarf-2 -o "Libraries/XMCLib/src/xmc_ccu4.o" "../Libraries/XMCLib/src/xmc_ccu4.c" 
'Finished building: ../Libraries/XMCLib/src/xmc_ccu4.c'

'Building file: ../Libraries/XMCLib/src/xmc_ccu8.c'
'Invoking: ARM-GCC C Compiler'
"C:/DAVEv4/DAVE-4.3.2/eclipse/ARM-GCC-49/bin/arm-none-eabi-gcc" -MMD -MT "Libraries/XMCLib/src/xmc_ccu8.o" -DXMC4500_F100x1024 -I"D:/XMC_HandController/DAVE_HandController/UART_Serial_Test/Libraries/XMCLib/inc" -I"D:/XMC_HandController/DAVE_HandController/UART_Serial_Test/Libraries/CMSIS/Include" -I"D:/XMC_HandController/DAVE_HandController/UART_Serial_Test/Libraries/CMSIS/Infineon/XMC4500_series/Include" -I"D:/XMC_HandController/DAVE_HandController/UART_Serial_Test" -I"D:/XMC_HandController/DAVE_HandController/UART_Serial_Test/Dave/Generated" -I"D:/XMC_HandController/DAVE_HandController/UART_Serial_Test/Libraries" -O0 -ffunction-sections -fdata-sections -Wall -std=gnu99 -mfloat-abi=softfp -Wa,-adhlns="Libraries/XMCLib/src/xmc_ccu8.o.lst" -pipe -c -fmessage-length=0 -MMD -MP -MF"Libraries/XMCLib/src/xmc_ccu8.d" -MT"Libraries/XMCLib/src/xmc_ccu8.d Libraries/XMCLib/src/xmc_ccu8.o" -mcpu=cortex-m4 -mfpu=fpv4-sp-d16 -mthumb -g -gdwarf-2 -o "Libraries/XMCLib/src/xmc_ccu8.o" "../Libraries/XMCLib/src/xmc_ccu8.c" 
'Finished building: ../Libraries/XMCLib/src/xmc_ccu8.c'

'Building file: ../Libraries/XMCLib/src/xmc_common.c'
'Invoking: ARM-GCC C Compiler'
"C:/DAVEv4/DAVE-4.3.2/eclipse/ARM-GCC-49/bin/arm-none-eabi-gcc" -MMD -MT "Libraries/XMCLib/src/xmc_common.o" -DXMC4500_F100x1024 -I"D:/XMC_HandController/DAVE_HandController/UART_Serial_Test/Libraries/XMCLib/inc" -I"D:/XMC_HandController/DAVE_HandController/UART_Serial_Test/Libraries/CMSIS/Include" -I"D:/XMC_HandController/DAVE_HandController/UART_Serial_Test/Libraries/CMSIS/Infineon/XMC4500_series/Include" -I"D:/XMC_HandController/DAVE_HandController/UART_Serial_Test" -I"D:/XMC_HandController/DAVE_HandController/UART_Serial_Test/Dave/Generated" -I"D:/XMC_HandController/DAVE_HandController/UART_Serial_Test/Libraries" -O0 -ffunction-sections -fdata-sections -Wall -std=gnu99 -mfloat-abi=softfp -Wa,-adhlns="Libraries/XMCLib/src/xmc_common.o.lst" -pipe -c -fmessage-length=0 -MMD -MP -MF"Libraries/XMCLib/src/xmc_common.d" -MT"Libraries/XMCLib/src/xmc_common.d Libraries/XMCLib/src/xmc_common.o" -mcpu=cortex-m4 -mfpu=fpv4-sp-d16 -mthumb -g -gdwarf-2 -o "Libraries/XMCLib/src/xmc_common.o" "../Libraries/XMCLib/src/xmc_common.c" 
'Finished building: ../Libraries/XMCLib/src/xmc_common.c'

'Building file: ../Libraries/XMCLib/src/xmc_dac.c'
'Invoking: ARM-GCC C Compiler'
"C:/DAVEv4/DAVE-4.3.2/eclipse/ARM-GCC-49/bin/arm-none-eabi-gcc" -MMD -MT "Libraries/XMCLib/src/xmc_dac.o" -DXMC4500_F100x1024 -I"D:/XMC_HandController/DAVE_HandController/UART_Serial_Test/Libraries/XMCLib/inc" -I"D:/XMC_HandController/DAVE_HandController/UART_Serial_Test/Libraries/CMSIS/Include" -I"D:/XMC_HandController/DAVE_HandController/UART_Serial_Test/Libraries/CMSIS/Infineon/XMC4500_series/Include" -I"D:/XMC_HandController/DAVE_HandController/UART_Serial_Test" -I"D:/XMC_HandController/DAVE_HandController/UART_Serial_Test/Dave/Generated" -I"D:/XMC_HandController/DAVE_HandController/UART_Serial_Test/Libraries" -O0 -ffunction-sections -fdata-sections -Wall -std=gnu99 -mfloat-abi=softfp -Wa,-adhlns="Libraries/XMCLib/src/xmc_dac.o.lst" -pipe -c -fmessage-length=0 -MMD -MP -MF"Libraries/XMCLib/src/xmc_dac.d" -MT"Libraries/XMCLib/src/xmc_dac.d Libraries/XMCLib/src/xmc_dac.o" -mcpu=cortex-m4 -mfpu=fpv4-sp-d16 -mthumb -g -gdwarf-2 -o "Libraries/XMCLib/src/xmc_dac.o" "../Libraries/XMCLib/src/xmc_dac.c" 
'Finished building: ../Libraries/XMCLib/src/xmc_dac.c'

'Building file: ../Libraries/XMCLib/src/xmc_dma.c'
'Invoking: ARM-GCC C Compiler'
"C:/DAVEv4/DAVE-4.3.2/eclipse/ARM-GCC-49/bin/arm-none-eabi-gcc" -MMD -MT "Libraries/XMCLib/src/xmc_dma.o" -DXMC4500_F100x1024 -I"D:/XMC_HandController/DAVE_HandController/UART_Serial_Test/Libraries/XMCLib/inc" -I"D:/XMC_HandController/DAVE_HandController/UART_Serial_Test/Libraries/CMSIS/Include" -I"D:/XMC_HandController/DAVE_HandController/UART_Serial_Test/Libraries/CMSIS/Infineon/XMC4500_series/Include" -I"D:/XMC_HandController/DAVE_HandController/UART_Serial_Test" -I"D:/XMC_HandController/DAVE_HandController/UART_Serial_Test/Dave/Generated" -I"D:/XMC_HandController/DAVE_HandController/UART_Serial_Test/Libraries" -O0 -ffunction-sections -fdata-sections -Wall -std=gnu99 -mfloat-abi=softfp -Wa,-adhlns="Libraries/XMCLib/src/xmc_dma.o.lst" -pipe -c -fmessage-length=0 -MMD -MP -MF"Libraries/XMCLib/src/xmc_dma.d" -MT"Libraries/XMCLib/src/xmc_dma.d Libraries/XMCLib/src/xmc_dma.o" -mcpu=cortex-m4 -mfpu=fpv4-sp-d16 -mthumb -g -gdwarf-2 -o "Libraries/XMCLib/src/xmc_dma.o" "../Libraries/XMCLib/src/xmc_dma.c" 
'Finished building: ../Libraries/XMCLib/src/xmc_dma.c'

'Building file: ../Libraries/XMCLib/src/xmc_dsd.c'
'Invoking: ARM-GCC C Compiler'
"C:/DAVEv4/DAVE-4.3.2/eclipse/ARM-GCC-49/bin/arm-none-eabi-gcc" -MMD -MT "Libraries/XMCLib/src/xmc_dsd.o" -DXMC4500_F100x1024 -I"D:/XMC_HandController/DAVE_HandController/UART_Serial_Test/Libraries/XMCLib/inc" -I"D:/XMC_HandController/DAVE_HandController/UART_Serial_Test/Libraries/CMSIS/Include" -I"D:/XMC_HandController/DAVE_HandController/UART_Serial_Test/Libraries/CMSIS/Infineon/XMC4500_series/Include" -I"D:/XMC_HandController/DAVE_HandController/UART_Serial_Test" -I"D:/XMC_HandController/DAVE_HandController/UART_Serial_Test/Dave/Generated" -I"D:/XMC_HandController/DAVE_HandController/UART_Serial_Test/Libraries" -O0 -ffunction-sections -fdata-sections -Wall -std=gnu99 -mfloat-abi=softfp -Wa,-adhlns="Libraries/XMCLib/src/xmc_dsd.o.lst" -pipe -c -fmessage-length=0 -MMD -MP -MF"Libraries/XMCLib/src/xmc_dsd.d" -MT"Libraries/XMCLib/src/xmc_dsd.d Libraries/XMCLib/src/xmc_dsd.o" -mcpu=cortex-m4 -mfpu=fpv4-sp-d16 -mthumb -g -gdwarf-2 -o "Libraries/XMCLib/src/xmc_dsd.o" "../Libraries/XMCLib/src/xmc_dsd.c" 
'Finished building: ../Libraries/XMCLib/src/xmc_dsd.c'

'Building file: ../Libraries/XMCLib/src/xmc_ebu.c'
'Invoking: ARM-GCC C Compiler'
"C:/DAVEv4/DAVE-4.3.2/eclipse/ARM-GCC-49/bin/arm-none-eabi-gcc" -MMD -MT "Libraries/XMCLib/src/xmc_ebu.o" -DXMC4500_F100x1024 -I"D:/XMC_HandController/DAVE_HandController/UART_Serial_Test/Libraries/XMCLib/inc" -I"D:/XMC_HandController/DAVE_HandController/UART_Serial_Test/Libraries/CMSIS/Include" -I"D:/XMC_HandController/DAVE_HandController/UART_Serial_Test/Libraries/CMSIS/Infineon/XMC4500_series/Include" -I"D:/XMC_HandController/DAVE_HandController/UART_Serial_Test" -I"D:/XMC_HandController/DAVE_HandController/UART_Serial_Test/Dave/Generated" -I"D:/XMC_HandController/DAVE_HandController/UART_Serial_Test/Libraries" -O0 -ffunction-sections -fdata-sections -Wall -std=gnu99 -mfloat-abi=softfp -Wa,-adhlns="Libraries/XMCLib/src/xmc_ebu.o.lst" -pipe -c -fmessage-length=0 -MMD -MP -MF"Libraries/XMCLib/src/xmc_ebu.d" -MT"Libraries/XMCLib/src/xmc_ebu.d Libraries/XMCLib/src/xmc_ebu.o" -mcpu=cortex-m4 -mfpu=fpv4-sp-d16 -mthumb -g -gdwarf-2 -o "Libraries/XMCLib/src/xmc_ebu.o" "../Libraries/XMCLib/src/xmc_ebu.c" 
'Finished building: ../Libraries/XMCLib/src/xmc_ebu.c'

'Building file: ../Libraries/XMCLib/src/xmc_ecat.c'
'Invoking: ARM-GCC C Compiler'
"C:/DAVEv4/DAVE-4.3.2/eclipse/ARM-GCC-49/bin/arm-none-eabi-gcc" -MMD -MT "Libraries/XMCLib/src/xmc_ecat.o" -DXMC4500_F100x1024 -I"D:/XMC_HandController/DAVE_HandController/UART_Serial_Test/Libraries/XMCLib/inc" -I"D:/XMC_HandController/DAVE_HandController/UART_Serial_Test/Libraries/CMSIS/Include" -I"D:/XMC_HandController/DAVE_HandController/UART_Serial_Test/Libraries/CMSIS/Infineon/XMC4500_series/Include" -I"D:/XMC_HandController/DAVE_HandController/UART_Serial_Test" -I"D:/XMC_HandController/DAVE_HandController/UART_Serial_Test/Dave/Generated" -I"D:/XMC_HandController/DAVE_HandController/UART_Serial_Test/Libraries" -O0 -ffunction-sections -fdata-sections -Wall -std=gnu99 -mfloat-abi=softfp -Wa,-adhlns="Libraries/XMCLib/src/xmc_ecat.o.lst" -pipe -c -fmessage-length=0 -MMD -MP -MF"Libraries/XMCLib/src/xmc_ecat.d" -MT"Libraries/XMCLib/src/xmc_ecat.d Libraries/XMCLib/src/xmc_ecat.o" -mcpu=cortex-m4 -mfpu=fpv4-sp-d16 -mthumb -g -gdwarf-2 -o "Libraries/XMCLib/src/xmc_ecat.o" "../Libraries/XMCLib/src/xmc_ecat.c" 
'Finished building: ../Libraries/XMCLib/src/xmc_ecat.c'

'Building file: ../Libraries/XMCLib/src/xmc_eru.c'
'Invoking: ARM-GCC C Compiler'
"C:/DAVEv4/DAVE-4.3.2/eclipse/ARM-GCC-49/bin/arm-none-eabi-gcc" -MMD -MT "Libraries/XMCLib/src/xmc_eru.o" -DXMC4500_F100x1024 -I"D:/XMC_HandController/DAVE_HandController/UART_Serial_Test/Libraries/XMCLib/inc" -I"D:/XMC_HandController/DAVE_HandController/UART_Serial_Test/Libraries/CMSIS/Include" -I"D:/XMC_HandController/DAVE_HandController/UART_Serial_Test/Libraries/CMSIS/Infineon/XMC4500_series/Include" -I"D:/XMC_HandController/DAVE_HandController/UART_Serial_Test" -I"D:/XMC_HandController/DAVE_HandController/UART_Serial_Test/Dave/Generated" -I"D:/XMC_HandController/DAVE_HandController/UART_Serial_Test/Libraries" -O0 -ffunction-sections -fdata-sections -Wall -std=gnu99 -mfloat-abi=softfp -Wa,-adhlns="Libraries/XMCLib/src/xmc_eru.o.lst" -pipe -c -fmessage-length=0 -MMD -MP -MF"Libraries/XMCLib/src/xmc_eru.d" -MT"Libraries/XMCLib/src/xmc_eru.d Libraries/XMCLib/src/xmc_eru.o" -mcpu=cortex-m4 -mfpu=fpv4-sp-d16 -mthumb -g -gdwarf-2 -o "Libraries/XMCLib/src/xmc_eru.o" "../Libraries/XMCLib/src/xmc_eru.c" 
'Finished building: ../Libraries/XMCLib/src/xmc_eru.c'

'Building file: ../Libraries/XMCLib/src/xmc_eth_mac.c'
'Invoking: ARM-GCC C Compiler'
"C:/DAVEv4/DAVE-4.3.2/eclipse/ARM-GCC-49/bin/arm-none-eabi-gcc" -MMD -MT "Libraries/XMCLib/src/xmc_eth_mac.o" -DXMC4500_F100x1024 -I"D:/XMC_HandController/DAVE_HandController/UART_Serial_Test/Libraries/XMCLib/inc" -I"D:/XMC_HandController/DAVE_HandController/UART_Serial_Test/Libraries/CMSIS/Include" -I"D:/XMC_HandController/DAVE_HandController/UART_Serial_Test/Libraries/CMSIS/Infineon/XMC4500_series/Include" -I"D:/XMC_HandController/DAVE_HandController/UART_Serial_Test" -I"D:/XMC_HandController/DAVE_HandController/UART_Serial_Test/Dave/Generated" -I"D:/XMC_HandController/DAVE_HandController/UART_Serial_Test/Libraries" -O0 -ffunction-sections -fdata-sections -Wall -std=gnu99 -mfloat-abi=softfp -Wa,-adhlns="Libraries/XMCLib/src/xmc_eth_mac.o.lst" -pipe -c -fmessage-length=0 -MMD -MP -MF"Libraries/XMCLib/src/xmc_eth_mac.d" -MT"Libraries/XMCLib/src/xmc_eth_mac.d Libraries/XMCLib/src/xmc_eth_mac.o" -mcpu=cortex-m4 -mfpu=fpv4-sp-d16 -mthumb -g -gdwarf-2 -o "Libraries/XMCLib/src/xmc_eth_mac.o" "../Libraries/XMCLib/src/xmc_eth_mac.c" 
'Finished building: ../Libraries/XMCLib/src/xmc_eth_mac.c'

'Building file: ../Libraries/XMCLib/src/xmc_fce.c'
'Invoking: ARM-GCC C Compiler'
"C:/DAVEv4/DAVE-4.3.2/eclipse/ARM-GCC-49/bin/arm-none-eabi-gcc" -MMD -MT "Libraries/XMCLib/src/xmc_fce.o" -DXMC4500_F100x1024 -I"D:/XMC_HandController/DAVE_HandController/UART_Serial_Test/Libraries/XMCLib/inc" -I"D:/XMC_HandController/DAVE_HandController/UART_Serial_Test/Libraries/CMSIS/Include" -I"D:/XMC_HandController/DAVE_HandController/UART_Serial_Test/Libraries/CMSIS/Infineon/XMC4500_series/Include" -I"D:/XMC_HandController/DAVE_HandController/UART_Serial_Test" -I"D:/XMC_HandController/DAVE_HandController/UART_Serial_Test/Dave/Generated" -I"D:/XMC_HandController/DAVE_HandController/UART_Serial_Test/Libraries" -O0 -ffunction-sections -fdata-sections -Wall -std=gnu99 -mfloat-abi=softfp -Wa,-adhlns="Libraries/XMCLib/src/xmc_fce.o.lst" -pipe -c -fmessage-length=0 -MMD -MP -MF"Libraries/XMCLib/src/xmc_fce.d" -MT"Libraries/XMCLib/src/xmc_fce.d Libraries/XMCLib/src/xmc_fce.o" -mcpu=cortex-m4 -mfpu=fpv4-sp-d16 -mthumb -g -gdwarf-2 -o "Libraries/XMCLib/src/xmc_fce.o" "../Libraries/XMCLib/src/xmc_fce.c" 
'Finished building: ../Libraries/XMCLib/src/xmc_fce.c'

'Building file: ../Libraries/XMCLib/src/xmc_gpio.c'
'Invoking: ARM-GCC C Compiler'
"C:/DAVEv4/DAVE-4.3.2/eclipse/ARM-GCC-49/bin/arm-none-eabi-gcc" -MMD -MT "Libraries/XMCLib/src/xmc_gpio.o" -DXMC4500_F100x1024 -I"D:/XMC_HandController/DAVE_HandController/UART_Serial_Test/Libraries/XMCLib/inc" -I"D:/XMC_HandController/DAVE_HandController/UART_Serial_Test/Libraries/CMSIS/Include" -I"D:/XMC_HandController/DAVE_HandController/UART_Serial_Test/Libraries/CMSIS/Infineon/XMC4500_series/Include" -I"D:/XMC_HandController/DAVE_HandController/UART_Serial_Test" -I"D:/XMC_HandController/DAVE_HandController/UART_Serial_Test/Dave/Generated" -I"D:/XMC_HandController/DAVE_HandController/UART_Serial_Test/Libraries" -O0 -ffunction-sections -fdata-sections -Wall -std=gnu99 -mfloat-abi=softfp -Wa,-adhlns="Libraries/XMCLib/src/xmc_gpio.o.lst" -pipe -c -fmessage-length=0 -MMD -MP -MF"Libraries/XMCLib/src/xmc_gpio.d" -MT"Libraries/XMCLib/src/xmc_gpio.d Libraries/XMCLib/src/xmc_gpio.o" -mcpu=cortex-m4 -mfpu=fpv4-sp-d16 -mthumb -g -gdwarf-2 -o "Libraries/XMCLib/src/xmc_gpio.o" "../Libraries/XMCLib/src/xmc_gpio.c" 
'Finished building: ../Libraries/XMCLib/src/xmc_gpio.c'

'Building file: ../Libraries/XMCLib/src/xmc_hrpwm.c'
'Invoking: ARM-GCC C Compiler'
"C:/DAVEv4/DAVE-4.3.2/eclipse/ARM-GCC-49/bin/arm-none-eabi-gcc" -MMD -MT "Libraries/XMCLib/src/xmc_hrpwm.o" -DXMC4500_F100x1024 -I"D:/XMC_HandController/DAVE_HandController/UART_Serial_Test/Libraries/XMCLib/inc" -I"D:/XMC_HandController/DAVE_HandController/UART_Serial_Test/Libraries/CMSIS/Include" -I"D:/XMC_HandController/DAVE_HandController/UART_Serial_Test/Libraries/CMSIS/Infineon/XMC4500_series/Include" -I"D:/XMC_HandController/DAVE_HandController/UART_Serial_Test" -I"D:/XMC_HandController/DAVE_HandController/UART_Serial_Test/Dave/Generated" -I"D:/XMC_HandController/DAVE_HandController/UART_Serial_Test/Libraries" -O0 -ffunction-sections -fdata-sections -Wall -std=gnu99 -mfloat-abi=softfp -Wa,-adhlns="Libraries/XMCLib/src/xmc_hrpwm.o.lst" -pipe -c -fmessage-length=0 -MMD -MP -MF"Libraries/XMCLib/src/xmc_hrpwm.d" -MT"Libraries/XMCLib/src/xmc_hrpwm.d Libraries/XMCLib/src/xmc_hrpwm.o" -mcpu=cortex-m4 -mfpu=fpv4-sp-d16 -mthumb -g -gdwarf-2 -o "Libraries/XMCLib/src/xmc_hrpwm.o" "../Libraries/XMCLib/src/xmc_hrpwm.c" 
'Finished building: ../Libraries/XMCLib/src/xmc_hrpwm.c'

'Building file: ../Libraries/XMCLib/src/xmc_i2c.c'
'Invoking: ARM-GCC C Compiler'
"C:/DAVEv4/DAVE-4.3.2/eclipse/ARM-GCC-49/bin/arm-none-eabi-gcc" -MMD -MT "Libraries/XMCLib/src/xmc_i2c.o" -DXMC4500_F100x1024 -I"D:/XMC_HandController/DAVE_HandController/UART_Serial_Test/Libraries/XMCLib/inc" -I"D:/XMC_HandController/DAVE_HandController/UART_Serial_Test/Libraries/CMSIS/Include" -I"D:/XMC_HandController/DAVE_HandController/UART_Serial_Test/Libraries/CMSIS/Infineon/XMC4500_series/Include" -I"D:/XMC_HandController/DAVE_HandController/UART_Serial_Test" -I"D:/XMC_HandController/DAVE_HandController/UART_Serial_Test/Dave/Generated" -I"D:/XMC_HandController/DAVE_HandController/UART_Serial_Test/Libraries" -O0 -ffunction-sections -fdata-sections -Wall -std=gnu99 -mfloat-abi=softfp -Wa,-adhlns="Libraries/XMCLib/src/xmc_i2c.o.lst" -pipe -c -fmessage-length=0 -MMD -MP -MF"Libraries/XMCLib/src/xmc_i2c.d" -MT"Libraries/XMCLib/src/xmc_i2c.d Libraries/XMCLib/src/xmc_i2c.o" -mcpu=cortex-m4 -mfpu=fpv4-sp-d16 -mthumb -g -gdwarf-2 -o "Libraries/XMCLib/src/xmc_i2c.o" "../Libraries/XMCLib/src/xmc_i2c.c" 
'Finished building: ../Libraries/XMCLib/src/xmc_i2c.c'

'Building file: ../Libraries/XMCLib/src/xmc_i2s.c'
'Invoking: ARM-GCC C Compiler'
"C:/DAVEv4/DAVE-4.3.2/eclipse/ARM-GCC-49/bin/arm-none-eabi-gcc" -MMD -MT "Libraries/XMCLib/src/xmc_i2s.o" -DXMC4500_F100x1024 -I"D:/XMC_HandController/DAVE_HandController/UART_Serial_Test/Libraries/XMCLib/inc" -I"D:/XMC_HandController/DAVE_HandController/UART_Serial_Test/Libraries/CMSIS/Include" -I"D:/XMC_HandController/DAVE_HandController/UART_Serial_Test/Libraries/CMSIS/Infineon/XMC4500_series/Include" -I"D:/XMC_HandController/DAVE_HandController/UART_Serial_Test" -I"D:/XMC_HandController/DAVE_HandController/UART_Serial_Test/Dave/Generated" -I"D:/XMC_HandController/DAVE_HandController/UART_Serial_Test/Libraries" -O0 -ffunction-sections -fdata-sections -Wall -std=gnu99 -mfloat-abi=softfp -Wa,-adhlns="Libraries/XMCLib/src/xmc_i2s.o.lst" -pipe -c -fmessage-length=0 -MMD -MP -MF"Libraries/XMCLib/src/xmc_i2s.d" -MT"Libraries/XMCLib/src/xmc_i2s.d Libraries/XMCLib/src/xmc_i2s.o" -mcpu=cortex-m4 -mfpu=fpv4-sp-d16 -mthumb -g -gdwarf-2 -o "Libraries/XMCLib/src/xmc_i2s.o" "../Libraries/XMCLib/src/xmc_i2s.c" 
'Finished building: ../Libraries/XMCLib/src/xmc_i2s.c'

'Building file: ../Libraries/XMCLib/src/xmc_ledts.c'
'Invoking: ARM-GCC C Compiler'
"C:/DAVEv4/DAVE-4.3.2/eclipse/ARM-GCC-49/bin/arm-none-eabi-gcc" -MMD -MT "Libraries/XMCLib/src/xmc_ledts.o" -DXMC4500_F100x1024 -I"D:/XMC_HandController/DAVE_HandController/UART_Serial_Test/Libraries/XMCLib/inc" -I"D:/XMC_HandController/DAVE_HandController/UART_Serial_Test/Libraries/CMSIS/Include" -I"D:/XMC_HandController/DAVE_HandController/UART_Serial_Test/Libraries/CMSIS/Infineon/XMC4500_series/Include" -I"D:/XMC_HandController/DAVE_HandController/UART_Serial_Test" -I"D:/XMC_HandController/DAVE_HandController/UART_Serial_Test/Dave/Generated" -I"D:/XMC_HandController/DAVE_HandController/UART_Serial_Test/Libraries" -O0 -ffunction-sections -fdata-sections -Wall -std=gnu99 -mfloat-abi=softfp -Wa,-adhlns="Libraries/XMCLib/src/xmc_ledts.o.lst" -pipe -c -fmessage-length=0 -MMD -MP -MF"Libraries/XMCLib/src/xmc_ledts.d" -MT"Libraries/XMCLib/src/xmc_ledts.d Libraries/XMCLib/src/xmc_ledts.o" -mcpu=cortex-m4 -mfpu=fpv4-sp-d16 -mthumb -g -gdwarf-2 -o "Libraries/XMCLib/src/xmc_ledts.o" "../Libraries/XMCLib/src/xmc_ledts.c" 
'Finished building: ../Libraries/XMCLib/src/xmc_ledts.c'

'Building file: ../Libraries/XMCLib/src/xmc_posif.c'
'Invoking: ARM-GCC C Compiler'
"C:/DAVEv4/DAVE-4.3.2/eclipse/ARM-GCC-49/bin/arm-none-eabi-gcc" -MMD -MT "Libraries/XMCLib/src/xmc_posif.o" -DXMC4500_F100x1024 -I"D:/XMC_HandController/DAVE_HandController/UART_Serial_Test/Libraries/XMCLib/inc" -I"D:/XMC_HandController/DAVE_HandController/UART_Serial_Test/Libraries/CMSIS/Include" -I"D:/XMC_HandController/DAVE_HandController/UART_Serial_Test/Libraries/CMSIS/Infineon/XMC4500_series/Include" -I"D:/XMC_HandController/DAVE_HandController/UART_Serial_Test" -I"D:/XMC_HandController/DAVE_HandController/UART_Serial_Test/Dave/Generated" -I"D:/XMC_HandController/DAVE_HandController/UART_Serial_Test/Libraries" -O0 -ffunction-sections -fdata-sections -Wall -std=gnu99 -mfloat-abi=softfp -Wa,-adhlns="Libraries/XMCLib/src/xmc_posif.o.lst" -pipe -c -fmessage-length=0 -MMD -MP -MF"Libraries/XMCLib/src/xmc_posif.d" -MT"Libraries/XMCLib/src/xmc_posif.d Libraries/XMCLib/src/xmc_posif.o" -mcpu=cortex-m4 -mfpu=fpv4-sp-d16 -mthumb -g -gdwarf-2 -o "Libraries/XMCLib/src/xmc_posif.o" "../Libraries/XMCLib/src/xmc_posif.c" 
'Finished building: ../Libraries/XMCLib/src/xmc_posif.c'

'Building file: ../Libraries/XMCLib/src/xmc_rtc.c'
'Invoking: ARM-GCC C Compiler'
"C:/DAVEv4/DAVE-4.3.2/eclipse/ARM-GCC-49/bin/arm-none-eabi-gcc" -MMD -MT "Libraries/XMCLib/src/xmc_rtc.o" -DXMC4500_F100x1024 -I"D:/XMC_HandController/DAVE_HandController/UART_Serial_Test/Libraries/XMCLib/inc" -I"D:/XMC_HandController/DAVE_HandController/UART_Serial_Test/Libraries/CMSIS/Include" -I"D:/XMC_HandController/DAVE_HandController/UART_Serial_Test/Libraries/CMSIS/Infineon/XMC4500_series/Include" -I"D:/XMC_HandController/DAVE_HandController/UART_Serial_Test" -I"D:/XMC_HandController/DAVE_HandController/UART_Serial_Test/Dave/Generated" -I"D:/XMC_HandController/DAVE_HandController/UART_Serial_Test/Libraries" -O0 -ffunction-sections -fdata-sections -Wall -std=gnu99 -mfloat-abi=softfp -Wa,-adhlns="Libraries/XMCLib/src/xmc_rtc.o.lst" -pipe -c -fmessage-length=0 -MMD -MP -MF"Libraries/XMCLib/src/xmc_rtc.d" -MT"Libraries/XMCLib/src/xmc_rtc.d Libraries/XMCLib/src/xmc_rtc.o" -mcpu=cortex-m4 -mfpu=fpv4-sp-d16 -mthumb -g -gdwarf-2 -o "Libraries/XMCLib/src/xmc_rtc.o" "../Libraries/XMCLib/src/xmc_rtc.c" 
'Finished building: ../Libraries/XMCLib/src/xmc_rtc.c'

'Building file: ../Libraries/XMCLib/src/xmc_sdmmc.c'
'Invoking: ARM-GCC C Compiler'
"C:/DAVEv4/DAVE-4.3.2/eclipse/ARM-GCC-49/bin/arm-none-eabi-gcc" -MMD -MT "Libraries/XMCLib/src/xmc_sdmmc.o" -DXMC4500_F100x1024 -I"D:/XMC_HandController/DAVE_HandController/UART_Serial_Test/Libraries/XMCLib/inc" -I"D:/XMC_HandController/DAVE_HandController/UART_Serial_Test/Libraries/CMSIS/Include" -I"D:/XMC_HandController/DAVE_HandController/UART_Serial_Test/Libraries/CMSIS/Infineon/XMC4500_series/Include" -I"D:/XMC_HandController/DAVE_HandController/UART_Serial_Test" -I"D:/XMC_HandController/DAVE_HandController/UART_Serial_Test/Dave/Generated" -I"D:/XMC_HandController/DAVE_HandController/UART_Serial_Test/Libraries" -O0 -ffunction-sections -fdata-sections -Wall -std=gnu99 -mfloat-abi=softfp -Wa,-adhlns="Libraries/XMCLib/src/xmc_sdmmc.o.lst" -pipe -c -fmessage-length=0 -MMD -MP -MF"Libraries/XMCLib/src/xmc_sdmmc.d" -MT"Libraries/XMCLib/src/xmc_sdmmc.d Libraries/XMCLib/src/xmc_sdmmc.o" -mcpu=cortex-m4 -mfpu=fpv4-sp-d16 -mthumb -g -gdwarf-2 -o "Libraries/XMCLib/src/xmc_sdmmc.o" "../Libraries/XMCLib/src/xmc_sdmmc.c" 
'Finished building: ../Libraries/XMCLib/src/xmc_sdmmc.c'

'Building file: ../Libraries/XMCLib/src/xmc_spi.c'
'Invoking: ARM-GCC C Compiler'
"C:/DAVEv4/DAVE-4.3.2/eclipse/ARM-GCC-49/bin/arm-none-eabi-gcc" -MMD -MT "Libraries/XMCLib/src/xmc_spi.o" -DXMC4500_F100x1024 -I"D:/XMC_HandController/DAVE_HandController/UART_Serial_Test/Libraries/XMCLib/inc" -I"D:/XMC_HandController/DAVE_HandController/UART_Serial_Test/Libraries/CMSIS/Include" -I"D:/XMC_HandController/DAVE_HandController/UART_Serial_Test/Libraries/CMSIS/Infineon/XMC4500_series/Include" -I"D:/XMC_HandController/DAVE_HandController/UART_Serial_Test" -I"D:/XMC_HandController/DAVE_HandController/UART_Serial_Test/Dave/Generated" -I"D:/XMC_HandController/DAVE_HandController/UART_Serial_Test/Libraries" -O0 -ffunction-sections -fdata-sections -Wall -std=gnu99 -mfloat-abi=softfp -Wa,-adhlns="Libraries/XMCLib/src/xmc_spi.o.lst" -pipe -c -fmessage-length=0 -MMD -MP -MF"Libraries/XMCLib/src/xmc_spi.d" -MT"Libraries/XMCLib/src/xmc_spi.d Libraries/XMCLib/src/xmc_spi.o" -mcpu=cortex-m4 -mfpu=fpv4-sp-d16 -mthumb -g -gdwarf-2 -o "Libraries/XMCLib/src/xmc_spi.o" "../Libraries/XMCLib/src/xmc_spi.c" 
'Finished building: ../Libraries/XMCLib/src/xmc_spi.c'

'Building file: ../Libraries/XMCLib/src/xmc_uart.c'
'Invoking: ARM-GCC C Compiler'
"C:/DAVEv4/DAVE-4.3.2/eclipse/ARM-GCC-49/bin/arm-none-eabi-gcc" -MMD -MT "Libraries/XMCLib/src/xmc_uart.o" -DXMC4500_F100x1024 -I"D:/XMC_HandController/DAVE_HandController/UART_Serial_Test/Libraries/XMCLib/inc" -I"D:/XMC_HandController/DAVE_HandController/UART_Serial_Test/Libraries/CMSIS/Include" -I"D:/XMC_HandController/DAVE_HandController/UART_Serial_Test/Libraries/CMSIS/Infineon/XMC4500_series/Include" -I"D:/XMC_HandController/DAVE_HandController/UART_Serial_Test" -I"D:/XMC_HandController/DAVE_HandController/UART_Serial_Test/Dave/Generated" -I"D:/XMC_HandController/DAVE_HandController/UART_Serial_Test/Libraries" -O0 -ffunction-sections -fdata-sections -Wall -std=gnu99 -mfloat-abi=softfp -Wa,-adhlns="Libraries/XMCLib/src/xmc_uart.o.lst" -pipe -c -fmessage-length=0 -MMD -MP -MF"Libraries/XMCLib/src/xmc_uart.d" -MT"Libraries/XMCLib/src/xmc_uart.d Libraries/XMCLib/src/xmc_uart.o" -mcpu=cortex-m4 -mfpu=fpv4-sp-d16 -mthumb -g -gdwarf-2 -o "Libraries/XMCLib/src/xmc_uart.o" "../Libraries/XMCLib/src/xmc_uart.c" 
'Finished building: ../Libraries/XMCLib/src/xmc_uart.c'

'Building file: ../Libraries/XMCLib/src/xmc_usbd.c'
'Invoking: ARM-GCC C Compiler'
"C:/DAVEv4/DAVE-4.3.2/eclipse/ARM-GCC-49/bin/arm-none-eabi-gcc" -MMD -MT "Libraries/XMCLib/src/xmc_usbd.o" -DXMC4500_F100x1024 -I"D:/XMC_HandController/DAVE_HandController/UART_Serial_Test/Libraries/XMCLib/inc" -I"D:/XMC_HandController/DAVE_HandController/UART_Serial_Test/Libraries/CMSIS/Include" -I"D:/XMC_HandController/DAVE_HandController/UART_Serial_Test/Libraries/CMSIS/Infineon/XMC4500_series/Include" -I"D:/XMC_HandController/DAVE_HandController/UART_Serial_Test" -I"D:/XMC_HandController/DAVE_HandController/UART_Serial_Test/Dave/Generated" -I"D:/XMC_HandController/DAVE_HandController/UART_Serial_Test/Libraries" -O0 -ffunction-sections -fdata-sections -Wall -std=gnu99 -mfloat-abi=softfp -Wa,-adhlns="Libraries/XMCLib/src/xmc_usbd.o.lst" -pipe -c -fmessage-length=0 -MMD -MP -MF"Libraries/XMCLib/src/xmc_usbd.d" -MT"Libraries/XMCLib/src/xmc_usbd.d Libraries/XMCLib/src/xmc_usbd.o" -mcpu=cortex-m4 -mfpu=fpv4-sp-d16 -mthumb -g -gdwarf-2 -o "Libraries/XMCLib/src/xmc_usbd.o" "../Libraries/XMCLib/src/xmc_usbd.c" 
'Finished building: ../Libraries/XMCLib/src/xmc_usbd.c'

'Building file: ../Libraries/XMCLib/src/xmc_usbh.c'
'Invoking: ARM-GCC C Compiler'
"C:/DAVEv4/DAVE-4.3.2/eclipse/ARM-GCC-49/bin/arm-none-eabi-gcc" -MMD -MT "Libraries/XMCLib/src/xmc_usbh.o" -DXMC4500_F100x1024 -I"D:/XMC_HandController/DAVE_HandController/UART_Serial_Test/Libraries/XMCLib/inc" -I"D:/XMC_HandController/DAVE_HandController/UART_Serial_Test/Libraries/CMSIS/Include" -I"D:/XMC_HandController/DAVE_HandController/UART_Serial_Test/Libraries/CMSIS/Infineon/XMC4500_series/Include" -I"D:/XMC_HandController/DAVE_HandController/UART_Serial_Test" -I"D:/XMC_HandController/DAVE_HandController/UART_Serial_Test/Dave/Generated" -I"D:/XMC_HandController/DAVE_HandController/UART_Serial_Test/Libraries" -O0 -ffunction-sections -fdata-sections -Wall -std=gnu99 -mfloat-abi=softfp -Wa,-adhlns="Libraries/XMCLib/src/xmc_usbh.o.lst" -pipe -c -fmessage-length=0 -MMD -MP -MF"Libraries/XMCLib/src/xmc_usbh.d" -MT"Libraries/XMCLib/src/xmc_usbh.d Libraries/XMCLib/src/xmc_usbh.o" -mcpu=cortex-m4 -mfpu=fpv4-sp-d16 -mthumb -g -gdwarf-2 -o "Libraries/XMCLib/src/xmc_usbh.o" "../Libraries/XMCLib/src/xmc_usbh.c" 
'Finished building: ../Libraries/XMCLib/src/xmc_usbh.c'

'Building file: ../Libraries/XMCLib/src/xmc_usic.c'
'Invoking: ARM-GCC C Compiler'
"C:/DAVEv4/DAVE-4.3.2/eclipse/ARM-GCC-49/bin/arm-none-eabi-gcc" -MMD -MT "Libraries/XMCLib/src/xmc_usic.o" -DXMC4500_F100x1024 -I"D:/XMC_HandController/DAVE_HandController/UART_Serial_Test/Libraries/XMCLib/inc" -I"D:/XMC_HandController/DAVE_HandController/UART_Serial_Test/Libraries/CMSIS/Include" -I"D:/XMC_HandController/DAVE_HandController/UART_Serial_Test/Libraries/CMSIS/Infineon/XMC4500_series/Include" -I"D:/XMC_HandController/DAVE_HandController/UART_Serial_Test" -I"D:/XMC_HandController/DAVE_HandController/UART_Serial_Test/Dave/Generated" -I"D:/XMC_HandController/DAVE_HandController/UART_Serial_Test/Libraries" -O0 -ffunction-sections -fdata-sections -Wall -std=gnu99 -mfloat-abi=softfp -Wa,-adhlns="Libraries/XMCLib/src/xmc_usic.o.lst" -pipe -c -fmessage-length=0 -MMD -MP -MF"Libraries/XMCLib/src/xmc_usic.d" -MT"Libraries/XMCLib/src/xmc_usic.d Libraries/XMCLib/src/xmc_usic.o" -mcpu=cortex-m4 -mfpu=fpv4-sp-d16 -mthumb -g -gdwarf-2 -o "Libraries/XMCLib/src/xmc_usic.o" "../Libraries/XMCLib/src/xmc_usic.c" 
'Finished building: ../Libraries/XMCLib/src/xmc_usic.c'

'Building file: ../Libraries/XMCLib/src/xmc_vadc.c'
'Invoking: ARM-GCC C Compiler'
"C:/DAVEv4/DAVE-4.3.2/eclipse/ARM-GCC-49/bin/arm-none-eabi-gcc" -MMD -MT "Libraries/XMCLib/src/xmc_vadc.o" -DXMC4500_F100x1024 -I"D:/XMC_HandController/DAVE_HandController/UART_Serial_Test/Libraries/XMCLib/inc" -I"D:/XMC_HandController/DAVE_HandController/UART_Serial_Test/Libraries/CMSIS/Include" -I"D:/XMC_HandController/DAVE_HandController/UART_Serial_Test/Libraries/CMSIS/Infineon/XMC4500_series/Include" -I"D:/XMC_HandController/DAVE_HandController/UART_Serial_Test" -I"D:/XMC_HandController/DAVE_HandController/UART_Serial_Test/Dave/Generated" -I"D:/XMC_HandController/DAVE_HandController/UART_Serial_Test/Libraries" -O0 -ffunction-sections -fdata-sections -Wall -std=gnu99 -mfloat-abi=softfp -Wa,-adhlns="Libraries/XMCLib/src/xmc_vadc.o.lst" -pipe -c -fmessage-length=0 -MMD -MP -MF"Libraries/XMCLib/src/xmc_vadc.d" -MT"Libraries/XMCLib/src/xmc_vadc.d Libraries/XMCLib/src/xmc_vadc.o" -mcpu=cortex-m4 -mfpu=fpv4-sp-d16 -mthumb -g -gdwarf-2 -o "Libraries/XMCLib/src/xmc_vadc.o" "../Libraries/XMCLib/src/xmc_vadc.c" 
'Finished building: ../Libraries/XMCLib/src/xmc_vadc.c'

'Building file: ../Libraries/XMCLib/src/xmc_wdt.c'
'Invoking: ARM-GCC C Compiler'
"C:/DAVEv4/DAVE-4.3.2/eclipse/ARM-GCC-49/bin/arm-none-eabi-gcc" -MMD -MT "Libraries/XMCLib/src/xmc_wdt.o" -DXMC4500_F100x1024 -I"D:/XMC_HandController/DAVE_HandController/UART_Serial_Test/Libraries/XMCLib/inc" -I"D:/XMC_HandController/DAVE_HandController/UART_Serial_Test/Libraries/CMSIS/Include" -I"D:/XMC_HandController/DAVE_HandController/UART_Serial_Test/Libraries/CMSIS/Infineon/XMC4500_series/Include" -I"D:/XMC_HandController/DAVE_HandController/UART_Serial_Test" -I"D:/XMC_HandController/DAVE_HandController/UART_Serial_Test/Dave/Generated" -I"D:/XMC_HandController/DAVE_HandController/UART_Serial_Test/Libraries" -O0 -ffunction-sections -fdata-sections -Wall -std=gnu99 -mfloat-abi=softfp -Wa,-adhlns="Libraries/XMCLib/src/xmc_wdt.o.lst" -pipe -c -fmessage-length=0 -MMD -MP -MF"Libraries/XMCLib/src/xmc_wdt.d" -MT"Libraries/XMCLib/src/xmc_wdt.d Libraries/XMCLib/src/xmc_wdt.o" -mcpu=cortex-m4 -mfpu=fpv4-sp-d16 -mthumb -g -gdwarf-2 -o "Libraries/XMCLib/src/xmc_wdt.o" "../Libraries/XMCLib/src/xmc_wdt.c" 
'Finished building: ../Libraries/XMCLib/src/xmc_wdt.c'

'Building file: ../Libraries/Newlib/syscalls.c'
'Invoking: ARM-GCC C Compiler'
"C:/DAVEv4/DAVE-4.3.2/eclipse/ARM-GCC-49/bin/arm-none-eabi-gcc" -MMD -MT "Libraries/Newlib/syscalls.o" -DXMC4500_F100x1024 -I"D:/XMC_HandController/DAVE_HandController/UART_Serial_Test/Libraries/XMCLib/inc" -I"D:/XMC_HandController/DAVE_HandController/UART_Serial_Test/Libraries/CMSIS/Include" -I"D:/XMC_HandController/DAVE_HandController/UART_Serial_Test/Libraries/CMSIS/Infineon/XMC4500_series/Include" -I"D:/XMC_HandController/DAVE_HandController/UART_Serial_Test" -I"D:/XMC_HandController/DAVE_HandController/UART_Serial_Test/Dave/Generated" -I"D:/XMC_HandController/DAVE_HandController/UART_Serial_Test/Libraries" -O0 -ffunction-sections -fdata-sections -Wall -std=gnu99 -mfloat-abi=softfp -Wa,-adhlns="Libraries/Newlib/syscalls.o.lst" -pipe -c -fmessage-length=0 -MMD -MP -MF"Libraries/Newlib/syscalls.d" -MT"Libraries/Newlib/syscalls.d Libraries/Newlib/syscalls.o" -mcpu=cortex-m4 -mfpu=fpv4-sp-d16 -mthumb -g -gdwarf-2 -o "Libraries/Newlib/syscalls.o" "../Libraries/Newlib/syscalls.c" 
'Finished building: ../Libraries/Newlib/syscalls.c'

'Building file: ../Dave/Generated/UART/uart.c'
'Invoking: ARM-GCC C Compiler'
"C:/DAVEv4/DAVE-4.3.2/eclipse/ARM-GCC-49/bin/arm-none-eabi-gcc" -MMD -MT "Dave/Generated/UART/uart.o" -DXMC4500_F100x1024 -I"D:/XMC_HandController/DAVE_HandController/UART_Serial_Test/Libraries/XMCLib/inc" -I"D:/XMC_HandController/DAVE_HandController/UART_Serial_Test/Libraries/CMSIS/Include" -I"D:/XMC_HandController/DAVE_HandController/UART_Serial_Test/Libraries/CMSIS/Infineon/XMC4500_series/Include" -I"D:/XMC_HandController/DAVE_HandController/UART_Serial_Test" -I"D:/XMC_HandController/DAVE_HandController/UART_Serial_Test/Dave/Generated" -I"D:/XMC_HandController/DAVE_HandController/UART_Serial_Test/Libraries" -O0 -ffunction-sections -fdata-sections -Wall -std=gnu99 -mfloat-abi=softfp -Wa,-adhlns="Dave/Generated/UART/uart.o.lst" -pipe -c -fmessage-length=0 -MMD -MP -MF"Dave/Generated/UART/uart.d" -MT"Dave/Generated/UART/uart.d Dave/Generated/UART/uart.o" -mcpu=cortex-m4 -mfpu=fpv4-sp-d16 -mthumb -g -gdwarf-2 -o "Dave/Generated/UART/uart.o" "../Dave/Generated/UART/uart.c" 
'Finished building: ../Dave/Generated/UART/uart.c'

'Building file: ../Dave/Generated/UART/uart_conf.c'
'Invoking: ARM-GCC C Compiler'
"C:/DAVEv4/DAVE-4.3.2/eclipse/ARM-GCC-49/bin/arm-none-eabi-gcc" -MMD -MT "Dave/Generated/UART/uart_conf.o" -DXMC4500_F100x1024 -I"D:/XMC_HandController/DAVE_HandController/UART_Serial_Test/Libraries/XMCLib/inc" -I"D:/XMC_HandController/DAVE_HandController/UART_Serial_Test/Libraries/CMSIS/Include" -I"D:/XMC_HandController/DAVE_HandController/UART_Serial_Test/Libraries/CMSIS/Infineon/XMC4500_series/Include" -I"D:/XMC_HandController/DAVE_HandController/UART_Serial_Test" -I"D:/XMC_HandController/DAVE_HandController/UART_Serial_Test/Dave/Generated" -I"D:/XMC_HandController/DAVE_HandController/UART_Serial_Test/Libraries" -O0 -ffunction-sections -fdata-sections -Wall -std=gnu99 -mfloat-abi=softfp -Wa,-adhlns="Dave/Generated/UART/uart_conf.o.lst" -pipe -c -fmessage-length=0 -MMD -MP -MF"Dave/Generated/UART/uart_conf.d" -MT"Dave/Generated/UART/uart_conf.d Dave/Generated/UART/uart_conf.o" -mcpu=cortex-m4 -mfpu=fpv4-sp-d16 -mthumb -g -gdwarf-2 -o "Dave/Generated/UART/uart_conf.o" "../Dave/Generated/UART/uart_conf.c" 
'Finished building: ../Dave/Generated/UART/uart_conf.c'

'Building file: ../Dave/Generated/SYSTIMER/systimer.c'
'Invoking: ARM-GCC C Compiler'
"C:/DAVEv4/DAVE-4.3.2/eclipse/ARM-GCC-49/bin/arm-none-eabi-gcc" -MMD -MT "Dave/Generated/SYSTIMER/systimer.o" -DXMC4500_F100x1024 -I"D:/XMC_HandController/DAVE_HandController/UART_Serial_Test/Libraries/XMCLib/inc" -I"D:/XMC_HandController/DAVE_HandController/UART_Serial_Test/Libraries/CMSIS/Include" -I"D:/XMC_HandController/DAVE_HandController/UART_Serial_Test/Libraries/CMSIS/Infineon/XMC4500_series/Include" -I"D:/XMC_HandController/DAVE_HandController/UART_Serial_Test" -I"D:/XMC_HandController/DAVE_HandController/UART_Serial_Test/Dave/Generated" -I"D:/XMC_HandController/DAVE_HandController/UART_Serial_Test/Libraries" -O0 -ffunction-sections -fdata-sections -Wall -std=gnu99 -mfloat-abi=softfp -Wa,-adhlns="Dave/Generated/SYSTIMER/systimer.o.lst" -pipe -c -fmessage-length=0 -MMD -MP -MF"Dave/Generated/SYSTIMER/systimer.d" -MT"Dave/Generated/SYSTIMER/systimer.d Dave/Generated/SYSTIMER/systimer.o" -mcpu=cortex-m4 -mfpu=fpv4-sp-d16 -mthumb -g -gdwarf-2 -o "Dave/Generated/SYSTIMER/systimer.o" "../Dave/Generated/SYSTIMER/systimer.c" 
'Finished building: ../Dave/Generated/SYSTIMER/systimer.c'

'Building file: ../Dave/Generated/SYSTIMER/systimer_conf.c'
'Invoking: ARM-GCC C Compiler'
"C:/DAVEv4/DAVE-4.3.2/eclipse/ARM-GCC-49/bin/arm-none-eabi-gcc" -MMD -MT "Dave/Generated/SYSTIMER/systimer_conf.o" -DXMC4500_F100x1024 -I"D:/XMC_HandController/DAVE_HandController/UART_Serial_Test/Libraries/XMCLib/inc" -I"D:/XMC_HandController/DAVE_HandController/UART_Serial_Test/Libraries/CMSIS/Include" -I"D:/XMC_HandController/DAVE_HandController/UART_Serial_Test/Libraries/CMSIS/Infineon/XMC4500_series/Include" -I"D:/XMC_HandController/DAVE_HandController/UART_Serial_Test" -I"D:/XMC_HandController/DAVE_HandController/UART_Serial_Test/Dave/Generated" -I"D:/XMC_HandController/DAVE_HandController/UART_Serial_Test/Libraries" -O0 -ffunction-sections -fdata-sections -Wall -std=gnu99 -mfloat-abi=softfp -Wa,-adhlns="Dave/Generated/SYSTIMER/systimer_conf.o.lst" -pipe -c -fmessage-length=0 -MMD -MP -MF"Dave/Generated/SYSTIMER/systimer_conf.d" -MT"Dave/Generated/SYSTIMER/systimer_conf.d Dave/Generated/SYSTIMER/systimer_conf.o" -mcpu=cortex-m4 -mfpu=fpv4-sp-d16 -mthumb -g -gdwarf-2 -o "Dave/Generated/SYSTIMER/systimer_conf.o" "../Dave/Generated/SYSTIMER/systimer_conf.c" 
'Finished building: ../Dave/Generated/SYSTIMER/systimer_conf.c'

'Building file: ../Dave/Generated/DIGITAL_IO/digital_io.c'
'Invoking: ARM-GCC C Compiler'
"C:/DAVEv4/DAVE-4.3.2/eclipse/ARM-GCC-49/bin/arm-none-eabi-gcc" -MMD -MT "Dave/Generated/DIGITAL_IO/digital_io.o" -DXMC4500_F100x1024 -I"D:/XMC_HandController/DAVE_HandController/UART_Serial_Test/Libraries/XMCLib/inc" -I"D:/XMC_HandController/DAVE_HandController/UART_Serial_Test/Libraries/CMSIS/Include" -I"D:/XMC_HandController/DAVE_HandController/UART_Serial_Test/Libraries/CMSIS/Infineon/XMC4500_series/Include" -I"D:/XMC_HandController/DAVE_HandController/UART_Serial_Test" -I"D:/XMC_HandController/DAVE_HandController/UART_Serial_Test/Dave/Generated" -I"D:/XMC_HandController/DAVE_HandController/UART_Serial_Test/Libraries" -O0 -ffunction-sections -fdata-sections -Wall -std=gnu99 -mfloat-abi=softfp -Wa,-adhlns="Dave/Generated/DIGITAL_IO/digital_io.o.lst" -pipe -c -fmessage-length=0 -MMD -MP -MF"Dave/Generated/DIGITAL_IO/digital_io.d" -MT"Dave/Generated/DIGITAL_IO/digital_io.d Dave/Generated/DIGITAL_IO/digital_io.o" -mcpu=cortex-m4 -mfpu=fpv4-sp-d16 -mthumb -g -gdwarf-2 -o "Dave/Generated/DIGITAL_IO/digital_io.o" "../Dave/Generated/DIGITAL_IO/digital_io.c" 
'Finished building: ../Dave/Generated/DIGITAL_IO/digital_io.c'

'Building file: ../Dave/Generated/DIGITAL_IO/digital_io_conf.c'
'Invoking: ARM-GCC C Compiler'
"C:/DAVEv4/DAVE-4.3.2/eclipse/ARM-GCC-49/bin/arm-none-eabi-gcc" -MMD -MT "Dave/Generated/DIGITAL_IO/digital_io_conf.o" -DXMC4500_F100x1024 -I"D:/XMC_HandController/DAVE_HandController/UART_Serial_Test/Libraries/XMCLib/inc" -I"D:/XMC_HandController/DAVE_HandController/UART_Serial_Test/Libraries/CMSIS/Include" -I"D:/XMC_HandController/DAVE_HandController/UART_Serial_Test/Libraries/CMSIS/Infineon/XMC4500_series/Include" -I"D:/XMC_HandController/DAVE_HandController/UART_Serial_Test" -I"D:/XMC_HandController/DAVE_HandController/UART_Serial_Test/Dave/Generated" -I"D:/XMC_HandController/DAVE_HandController/UART_Serial_Test/Libraries" -O0 -ffunction-sections -fdata-sections -Wall -std=gnu99 -mfloat-abi=softfp -Wa,-adhlns="Dave/Generated/DIGITAL_IO/digital_io_conf.o.lst" -pipe -c -fmessage-length=0 -MMD -MP -MF"Dave/Generated/DIGITAL_IO/digital_io_conf.d" -MT"Dave/Generated/DIGITAL_IO/digital_io_conf.d Dave/Generated/DIGITAL_IO/digital_io_conf.o" -mcpu=cortex-m4 -mfpu=fpv4-sp-d16 -mthumb -g -gdwarf-2 -o "Dave/Generated/DIGITAL_IO/digital_io_conf.o" "../Dave/Generated/DIGITAL_IO/digital_io_conf.c" 
'Finished building: ../Dave/Generated/DIGITAL_IO/digital_io_conf.c'

'Building file: ../Dave/Generated/CPU_CTRL_XMC4/cpu_ctrl_xmc4.c'
'Invoking: ARM-GCC C Compiler'
"C:/DAVEv4/DAVE-4.3.2/eclipse/ARM-GCC-49/bin/arm-none-eabi-gcc" -MMD -MT "Dave/Generated/CPU_CTRL_XMC4/cpu_ctrl_xmc4.o" -DXMC4500_F100x1024 -I"D:/XMC_HandController/DAVE_HandController/UART_Serial_Test/Libraries/XMCLib/inc" -I"D:/XMC_HandController/DAVE_HandController/UART_Serial_Test/Libraries/CMSIS/Include" -I"D:/XMC_HandController/DAVE_HandController/UART_Serial_Test/Libraries/CMSIS/Infineon/XMC4500_series/Include" -I"D:/XMC_HandController/DAVE_HandController/UART_Serial_Test" -I"D:/XMC_HandController/DAVE_HandController/UART_Serial_Test/Dave/Generated" -I"D:/XMC_HandController/DAVE_HandController/UART_Serial_Test/Libraries" -O0 -ffunction-sections -fdata-sections -Wall -std=gnu99 -mfloat-abi=softfp -Wa,-adhlns="Dave/Generated/CPU_CTRL_XMC4/cpu_ctrl_xmc4.o.lst" -pipe -c -fmessage-length=0 -MMD -MP -MF"Dave/Generated/CPU_CTRL_XMC4/cpu_ctrl_xmc4.d" -MT"Dave/Generated/CPU_CTRL_XMC4/cpu_ctrl_xmc4.d Dave/Generated/CPU_CTRL_XMC4/cpu_ctrl_xmc4.o" -mcpu=cortex-m4 -mfpu=fpv4-sp-d16 -mthumb -g -gdwarf-2 -o "Dave/Generated/CPU_CTRL_XMC4/cpu_ctrl_xmc4.o" "../Dave/Generated/CPU_CTRL_XMC4/cpu_ctrl_xmc4.c" 
'Finished building: ../Dave/Generated/CPU_CTRL_XMC4/cpu_ctrl_xmc4.c'

'Building file: ../Dave/Generated/CPU_CTRL_XMC4/cpu_ctrl_xmc4_conf.c'
'Invoking: ARM-GCC C Compiler'
"C:/DAVEv4/DAVE-4.3.2/eclipse/ARM-GCC-49/bin/arm-none-eabi-gcc" -MMD -MT "Dave/Generated/CPU_CTRL_XMC4/cpu_ctrl_xmc4_conf.o" -DXMC4500_F100x1024 -I"D:/XMC_HandController/DAVE_HandController/UART_Serial_Test/Libraries/XMCLib/inc" -I"D:/XMC_HandController/DAVE_HandController/UART_Serial_Test/Libraries/CMSIS/Include" -I"D:/XMC_HandController/DAVE_HandController/UART_Serial_Test/Libraries/CMSIS/Infineon/XMC4500_series/Include" -I"D:/XMC_HandController/DAVE_HandController/UART_Serial_Test" -I"D:/XMC_HandController/DAVE_HandController/UART_Serial_Test/Dave/Generated" -I"D:/XMC_HandController/DAVE_HandController/UART_Serial_Test/Libraries" -O0 -ffunction-sections -fdata-sections -Wall -std=gnu99 -mfloat-abi=softfp -Wa,-adhlns="Dave/Generated/CPU_CTRL_XMC4/cpu_ctrl_xmc4_conf.o.lst" -pipe -c -fmessage-length=0 -MMD -MP -MF"Dave/Generated/CPU_CTRL_XMC4/cpu_ctrl_xmc4_conf.d" -MT"Dave/Generated/CPU_CTRL_XMC4/cpu_ctrl_xmc4_conf.d Dave/Generated/CPU_CTRL_XMC4/cpu_ctrl_xmc4_conf.o" -mcpu=cortex-m4 -mfpu=fpv4-sp-d16 -mthumb -g -gdwarf-2 -o "Dave/Generated/CPU_CTRL_XMC4/cpu_ctrl_xmc4_conf.o" "../Dave/Generated/CPU_CTRL_XMC4/cpu_ctrl_xmc4_conf.c" 
'Finished building: ../Dave/Generated/CPU_CTRL_XMC4/cpu_ctrl_xmc4_conf.c'

'Building file: ../Dave/Generated/CLOCK_XMC4/clock_xmc4.c'
'Invoking: ARM-GCC C Compiler'
"C:/DAVEv4/DAVE-4.3.2/eclipse/ARM-GCC-49/bin/arm-none-eabi-gcc" -MMD -MT "Dave/Generated/CLOCK_XMC4/clock_xmc4.o" -DXMC4500_F100x1024 -I"D:/XMC_HandController/DAVE_HandController/UART_Serial_Test/Libraries/XMCLib/inc" -I"D:/XMC_HandController/DAVE_HandController/UART_Serial_Test/Libraries/CMSIS/Include" -I"D:/XMC_HandController/DAVE_HandController/UART_Serial_Test/Libraries/CMSIS/Infineon/XMC4500_series/Include" -I"D:/XMC_HandController/DAVE_HandController/UART_Serial_Test" -I"D:/XMC_HandController/DAVE_HandController/UART_Serial_Test/Dave/Generated" -I"D:/XMC_HandController/DAVE_HandController/UART_Serial_Test/Libraries" -O0 -ffunction-sections -fdata-sections -Wall -std=gnu99 -mfloat-abi=softfp -Wa,-adhlns="Dave/Generated/CLOCK_XMC4/clock_xmc4.o.lst" -pipe -c -fmessage-length=0 -MMD -MP -MF"Dave/Generated/CLOCK_XMC4/clock_xmc4.d" -MT"Dave/Generated/CLOCK_XMC4/clock_xmc4.d Dave/Generated/CLOCK_XMC4/clock_xmc4.o" -mcpu=cortex-m4 -mfpu=fpv4-sp-d16 -mthumb -g -gdwarf-2 -o "Dave/Generated/CLOCK_XMC4/clock_xmc4.o" "../Dave/Generated/CLOCK_XMC4/clock_xmc4.c" 
'Finished building: ../Dave/Generated/CLOCK_XMC4/clock_xmc4.c'

'Building file: ../Dave/Generated/CLOCK_XMC4/clock_xmc4_conf.c'
'Invoking: ARM-GCC C Compiler'
"C:/DAVEv4/DAVE-4.3.2/eclipse/ARM-GCC-49/bin/arm-none-eabi-gcc" -MMD -MT "Dave/Generated/CLOCK_XMC4/clock_xmc4_conf.o" -DXMC4500_F100x1024 -I"D:/XMC_HandController/DAVE_HandController/UART_Serial_Test/Libraries/XMCLib/inc" -I"D:/XMC_HandController/DAVE_HandController/UART_Serial_Test/Libraries/CMSIS/Include" -I"D:/XMC_HandController/DAVE_HandController/UART_Serial_Test/Libraries/CMSIS/Infineon/XMC4500_series/Include" -I"D:/XMC_HandController/DAVE_HandController/UART_Serial_Test" -I"D:/XMC_HandController/DAVE_HandController/UART_Serial_Test/Dave/Generated" -I"D:/XMC_HandController/DAVE_HandController/UART_Serial_Test/Libraries" -O0 -ffunction-sections -fdata-sections -Wall -std=gnu99 -mfloat-abi=softfp -Wa,-adhlns="Dave/Generated/CLOCK_XMC4/clock_xmc4_conf.o.lst" -pipe -c -fmessage-length=0 -MMD -MP -MF"Dave/Generated/CLOCK_XMC4/clock_xmc4_conf.d" -MT"Dave/Generated/CLOCK_XMC4/clock_xmc4_conf.d Dave/Generated/CLOCK_XMC4/clock_xmc4_conf.o" -mcpu=cortex-m4 -mfpu=fpv4-sp-d16 -mthumb -g -gdwarf-2 -o "Dave/Generated/CLOCK_XMC4/clock_xmc4_conf.o" "../Dave/Generated/CLOCK_XMC4/clock_xmc4_conf.c" 
'Finished building: ../Dave/Generated/CLOCK_XMC4/clock_xmc4_conf.c'

'Building file: ../Dave/Generated/DAVE.c'
'Invoking: ARM-GCC C Compiler'
"C:/DAVEv4/DAVE-4.3.2/eclipse/ARM-GCC-49/bin/arm-none-eabi-gcc" -MMD -MT "Dave/Generated/DAVE.o" -DXMC4500_F100x1024 -I"D:/XMC_HandController/DAVE_HandController/UART_Serial_Test/Libraries/XMCLib/inc" -I"D:/XMC_HandController/DAVE_HandController/UART_Serial_Test/Libraries/CMSIS/Include" -I"D:/XMC_HandController/DAVE_HandController/UART_Serial_Test/Libraries/CMSIS/Infineon/XMC4500_series/Include" -I"D:/XMC_HandController/DAVE_HandController/UART_Serial_Test" -I"D:/XMC_HandController/DAVE_HandController/UART_Serial_Test/Dave/Generated" -I"D:/XMC_HandController/DAVE_HandController/UART_Serial_Test/Libraries" -O0 -ffunction-sections -fdata-sections -Wall -std=gnu99 -mfloat-abi=softfp -Wa,-adhlns="Dave/Generated/DAVE.o.lst" -pipe -c -fmessage-length=0 -MMD -MP -MF"Dave/Generated/DAVE.d" -MT"Dave/Generated/DAVE.d Dave/Generated/DAVE.o" -mcpu=cortex-m4 -mfpu=fpv4-sp-d16 -mthumb -g -gdwarf-2 -o "Dave/Generated/DAVE.o" "../Dave/Generated/DAVE.c" 
'Finished building: ../Dave/Generated/DAVE.c'

'Building file: ../main.c'
'Invoking: ARM-GCC C Compiler'
"C:/DAVEv4/DAVE-4.3.2/eclipse/ARM-GCC-49/bin/arm-none-eabi-gcc" -MMD -MT "main.o" -DXMC4500_F100x1024 -I"D:/XMC_HandController/DAVE_HandController/UART_Serial_Test/Libraries/XMCLib/inc" -I"D:/XMC_HandController/DAVE_HandController/UART_Serial_Test/Libraries/CMSIS/Include" -I"D:/XMC_HandController/DAVE_HandController/UART_Serial_Test/Libraries/CMSIS/Infineon/XMC4500_series/Include" -I"D:/XMC_HandController/DAVE_HandController/UART_Serial_Test" -I"D:/XMC_HandController/DAVE_HandController/UART_Serial_Test/Dave/Generated" -I"D:/XMC_HandController/DAVE_HandController/UART_Serial_Test/Libraries" -O0 -ffunction-sections -fdata-sections -Wall -std=gnu99 -mfloat-abi=softfp -Wa,-adhlns="main.o.lst" -pipe -c -fmessage-length=0 -MMD -MP -MF"main.d" -MT"main.d main.o" -mcpu=cortex-m4 -mfpu=fpv4-sp-d16 -mthumb -g -gdwarf-2 -o "main.o" "../main.c" 
'Finished building: ../main.c'

'Building target: UART_Serial_Test.elf'
'Invoking: ARM-GCC C Linker'
"C:/DAVEv4/DAVE-4.3.2/eclipse/ARM-GCC-49/bin/arm-none-eabi-gcc" -T"../linker_script.ld" -nostartfiles -Xlinker --gc-sections -specs=nano.specs -specs=nosys.specs -Wl,-Map,"UART_Serial_Test.map" -mfloat-abi=softfp -mfpu=fpv4-sp-d16 -mcpu=cortex-m4 -mthumb -g -gdwarf-2 -o "UART_Serial_Test.elf" "@objects.rsp"  -lm
'Finished building target: UART_Serial_Test.elf'

'Invoking: ARM-GCC Create Flash Image'
"C:/DAVEv4/DAVE-4.3.2/eclipse/ARM-GCC-49/bin/arm-none-eabi-objcopy" -O ihex "UART_Serial_Test.elf" "UART_Serial_Test.hex"
'Finished building: UART_Serial_Test.hex'

'Invoking: ARM-GCC Create Listing'
"C:/DAVEv4/DAVE-4.3.2/eclipse/ARM-GCC-49/bin/arm-none-eabi-objdump" -h -S "UART_Serial_Test.elf" > "UART_Serial_Test.lst"
'Finished building: UART_Serial_Test.lst'

'Invoking: ARM-GCC Print Size'
"C:/DAVEv4/DAVE-4.3.2/eclipse/ARM-GCC-49/bin/arm-none-eabi-size" --format=berkeley "UART_Serial_Test.elf"
   text	   data	    bss	    dec	    hex	filename
   9220	     32	   2412	  11664	   2d90	UART_Serial_Test.elf
'Finished building: UART_Serial_Test.siz'

18:09:25 **** Incremental Build of configuration Debug for project UART_Serial_Test ****
"\"C:\\DAVEv4\\DAVE-4.3.2\\eclipse\\ARM-GCC-49\\bin\\make\"" --output-sync -j8 all 
'Invoking: ARM-GCC Print Size'
"C:/DAVEv4/DAVE-4.3.2/eclipse/ARM-GCC-49/bin/arm-none-eabi-size" --format=berkeley "UART_Serial_Test.elf"
   text	   data	    bss	    dec	    hex	filename
   9220	     32	   2412	  11664	   2d90	UART_Serial_Test.elf
'Finished building: UART_Serial_Test.siz'

18:12:22 **** Incremental Build of configuration Debug for project UART_Serial_Test ****
"\"C:\\DAVEv4\\DAVE-4.3.2\\eclipse\\ARM-GCC-49\\bin\\make\"" --output-sync -j8 all 
'Building file: ../main.c'
'Invoking: ARM-GCC C Compiler'
"C:/DAVEv4/DAVE-4.3.2/eclipse/ARM-GCC-49/bin/arm-none-eabi-gcc" -MMD -MT "main.o" -DXMC4500_F100x1024 -I"D:/XMC_HandController/DAVE_HandController/UART_Serial_Test/Libraries/XMCLib/inc" -I"D:/XMC_HandController/DAVE_HandController/UART_Serial_Test/Libraries/CMSIS/Include" -I"D:/XMC_HandController/DAVE_HandController/UART_Serial_Test/Libraries/CMSIS/Infineon/XMC4500_series/Include" -I"D:/XMC_HandController/DAVE_HandController/UART_Serial_Test" -I"D:/XMC_HandController/DAVE_HandController/UART_Serial_Test/Dave/Generated" -I"D:/XMC_HandController/DAVE_HandController/UART_Serial_Test/Libraries" -O0 -ffunction-sections -fdata-sections -Wall -std=gnu99 -mfloat-abi=softfp -Wa,-adhlns="main.o.lst" -pipe -c -fmessage-length=0 -MMD -MP -MF"main.d" -MT"main.d main.o" -mcpu=cortex-m4 -mfpu=fpv4-sp-d16 -mthumb -g -gdwarf-2 -o "main.o" "../main.c" 
'Finished building: ../main.c'

'Building target: UART_Serial_Test.elf'
'Invoking: ARM-GCC C Linker'
"C:/DAVEv4/DAVE-4.3.2/eclipse/ARM-GCC-49/bin/arm-none-eabi-gcc" -T"../linker_script.ld" -nostartfiles -Xlinker --gc-sections -specs=nano.specs -specs=nosys.specs -Wl,-Map,"UART_Serial_Test.map" -mfloat-abi=softfp -mfpu=fpv4-sp-d16 -mcpu=cortex-m4 -mthumb -g -gdwarf-2 -o "UART_Serial_Test.elf" "@objects.rsp"  -lm
'Finished building target: UART_Serial_Test.elf'

'Invoking: ARM-GCC Create Flash Image'
"C:/DAVEv4/DAVE-4.3.2/eclipse/ARM-GCC-49/bin/arm-none-eabi-objcopy" -O ihex "UART_Serial_Test.elf" "UART_Serial_Test.hex"
'Finished building: UART_Serial_Test.hex'

'Invoking: ARM-GCC Create Listing'
"C:/DAVEv4/DAVE-4.3.2/eclipse/ARM-GCC-49/bin/arm-none-eabi-objdump" -h -S "UART_Serial_Test.elf" > "UART_Serial_Test.lst"
'Finished building: UART_Serial_Test.lst'

'Invoking: ARM-GCC Print Size'
"C:/DAVEv4/DAVE-4.3.2/eclipse/ARM-GCC-49/bin/arm-none-eabi-size" --format=berkeley "UART_Serial_Test.elf"
   text	   data	    bss	    dec	    hex	filename
   9292	     32	   2412	  11736	   2dd8	UART_Serial_Test.elf
'Finished building: UART_Serial_Test.siz'

18:20:46 **** Build of configuration Debug for project UART_Serial_Test ****
"\"C:\\DAVEv4\\DAVE-4.3.2\\eclipse\\ARM-GCC-49\\bin\\make\"" --output-sync -j8 all 
'Building file: ../Dave/Generated/DAVE.c'
'Invoking: ARM-GCC C Compiler'
"C:/DAVEv4/DAVE-4.3.2/eclipse/ARM-GCC-49/bin/arm-none-eabi-gcc" -MMD -MT "Dave/Generated/DAVE.o" -DXMC4500_F100x1024 -I"D:/XMC_HandController/DAVE_HandController/UART_Serial_Test/Libraries/XMCLib/inc" -I"D:/XMC_HandController/DAVE_HandController/UART_Serial_Test/Libraries/CMSIS/Include" -I"D:/XMC_HandController/DAVE_HandController/UART_Serial_Test/Libraries/CMSIS/Infineon/XMC4500_series/Include" -I"D:/XMC_HandController/DAVE_HandController/UART_Serial_Test" -I"D:/XMC_HandController/DAVE_HandController/UART_Serial_Test/Dave/Generated" -I"D:/XMC_HandController/DAVE_HandController/UART_Serial_Test/Libraries" -O0 -ffunction-sections -fdata-sections -Wall -std=gnu99 -mfloat-abi=softfp -Wa,-adhlns="Dave/Generated/DAVE.o.lst" -pipe -c -fmessage-length=0 -MMD -MP -MF"Dave/Generated/DAVE.d" -MT"Dave/Generated/DAVE.d Dave/Generated/DAVE.o" -mcpu=cortex-m4 -mfpu=fpv4-sp-d16 -mthumb -g -gdwarf-2 -o "Dave/Generated/DAVE.o" "../Dave/Generated/DAVE.c" 
'Finished building: ../Dave/Generated/DAVE.c'

'Building file: ../main.c'
'Invoking: ARM-GCC C Compiler'
"C:/DAVEv4/DAVE-4.3.2/eclipse/ARM-GCC-49/bin/arm-none-eabi-gcc" -MMD -MT "main.o" -DXMC4500_F100x1024 -I"D:/XMC_HandController/DAVE_HandController/UART_Serial_Test/Libraries/XMCLib/inc" -I"D:/XMC_HandController/DAVE_HandController/UART_Serial_Test/Libraries/CMSIS/Include" -I"D:/XMC_HandController/DAVE_HandController/UART_Serial_Test/Libraries/CMSIS/Infineon/XMC4500_series/Include" -I"D:/XMC_HandController/DAVE_HandController/UART_Serial_Test" -I"D:/XMC_HandController/DAVE_HandController/UART_Serial_Test/Dave/Generated" -I"D:/XMC_HandController/DAVE_HandController/UART_Serial_Test/Libraries" -O0 -ffunction-sections -fdata-sections -Wall -std=gnu99 -mfloat-abi=softfp -Wa,-adhlns="main.o.lst" -pipe -c -fmessage-length=0 -MMD -MP -MF"main.d" -MT"main.d main.o" -mcpu=cortex-m4 -mfpu=fpv4-sp-d16 -mthumb -g -gdwarf-2 -o "main.o" "../main.c" 
'Finished building: ../main.c'

'Building file: ../Dave/Generated/GLOBAL_ADC/global_adc.c'
'Invoking: ARM-GCC C Compiler'
"C:/DAVEv4/DAVE-4.3.2/eclipse/ARM-GCC-49/bin/arm-none-eabi-gcc" -MMD -MT "Dave/Generated/GLOBAL_ADC/global_adc.o" -DXMC4500_F100x1024 -I"D:/XMC_HandController/DAVE_HandController/UART_Serial_Test/Libraries/XMCLib/inc" -I"D:/XMC_HandController/DAVE_HandController/UART_Serial_Test/Libraries/CMSIS/Include" -I"D:/XMC_HandController/DAVE_HandController/UART_Serial_Test/Libraries/CMSIS/Infineon/XMC4500_series/Include" -I"D:/XMC_HandController/DAVE_HandController/UART_Serial_Test" -I"D:/XMC_HandController/DAVE_HandController/UART_Serial_Test/Dave/Generated" -I"D:/XMC_HandController/DAVE_HandController/UART_Serial_Test/Libraries" -O0 -ffunction-sections -fdata-sections -Wall -std=gnu99 -mfloat-abi=softfp -Wa,-adhlns="Dave/Generated/GLOBAL_ADC/global_adc.o.lst" -pipe -c -fmessage-length=0 -MMD -MP -MF"Dave/Generated/GLOBAL_ADC/global_adc.d" -MT"Dave/Generated/GLOBAL_ADC/global_adc.d Dave/Generated/GLOBAL_ADC/global_adc.o" -mcpu=cortex-m4 -mfpu=fpv4-sp-d16 -mthumb -g -gdwarf-2 -o "Dave/Generated/GLOBAL_ADC/global_adc.o" "../Dave/Generated/GLOBAL_ADC/global_adc.c" 
'Finished building: ../Dave/Generated/GLOBAL_ADC/global_adc.c'

'Building file: ../Dave/Generated/GLOBAL_ADC/global_adc_conf.c'
'Invoking: ARM-GCC C Compiler'
"C:/DAVEv4/DAVE-4.3.2/eclipse/ARM-GCC-49/bin/arm-none-eabi-gcc" -MMD -MT "Dave/Generated/GLOBAL_ADC/global_adc_conf.o" -DXMC4500_F100x1024 -I"D:/XMC_HandController/DAVE_HandController/UART_Serial_Test/Libraries/XMCLib/inc" -I"D:/XMC_HandController/DAVE_HandController/UART_Serial_Test/Libraries/CMSIS/Include" -I"D:/XMC_HandController/DAVE_HandController/UART_Serial_Test/Libraries/CMSIS/Infineon/XMC4500_series/Include" -I"D:/XMC_HandController/DAVE_HandController/UART_Serial_Test" -I"D:/XMC_HandController/DAVE_HandController/UART_Serial_Test/Dave/Generated" -I"D:/XMC_HandController/DAVE_HandController/UART_Serial_Test/Libraries" -O0 -ffunction-sections -fdata-sections -Wall -std=gnu99 -mfloat-abi=softfp -Wa,-adhlns="Dave/Generated/GLOBAL_ADC/global_adc_conf.o.lst" -pipe -c -fmessage-length=0 -MMD -MP -MF"Dave/Generated/GLOBAL_ADC/global_adc_conf.d" -MT"Dave/Generated/GLOBAL_ADC/global_adc_conf.d Dave/Generated/GLOBAL_ADC/global_adc_conf.o" -mcpu=cortex-m4 -mfpu=fpv4-sp-d16 -mthumb -g -gdwarf-2 -o "Dave/Generated/GLOBAL_ADC/global_adc_conf.o" "../Dave/Generated/GLOBAL_ADC/global_adc_conf.c" 
'Finished building: ../Dave/Generated/GLOBAL_ADC/global_adc_conf.c'

'Building file: ../Dave/Generated/ADC_MEASUREMENT/adc_measurement.c'
'Invoking: ARM-GCC C Compiler'
"C:/DAVEv4/DAVE-4.3.2/eclipse/ARM-GCC-49/bin/arm-none-eabi-gcc" -MMD -MT "Dave/Generated/ADC_MEASUREMENT/adc_measurement.o" -DXMC4500_F100x1024 -I"D:/XMC_HandController/DAVE_HandController/UART_Serial_Test/Libraries/XMCLib/inc" -I"D:/XMC_HandController/DAVE_HandController/UART_Serial_Test/Libraries/CMSIS/Include" -I"D:/XMC_HandController/DAVE_HandController/UART_Serial_Test/Libraries/CMSIS/Infineon/XMC4500_series/Include" -I"D:/XMC_HandController/DAVE_HandController/UART_Serial_Test" -I"D:/XMC_HandController/DAVE_HandController/UART_Serial_Test/Dave/Generated" -I"D:/XMC_HandController/DAVE_HandController/UART_Serial_Test/Libraries" -O0 -ffunction-sections -fdata-sections -Wall -std=gnu99 -mfloat-abi=softfp -Wa,-adhlns="Dave/Generated/ADC_MEASUREMENT/adc_measurement.o.lst" -pipe -c -fmessage-length=0 -MMD -MP -MF"Dave/Generated/ADC_MEASUREMENT/adc_measurement.d" -MT"Dave/Generated/ADC_MEASUREMENT/adc_measurement.d Dave/Generated/ADC_MEASUREMENT/adc_measurement.o" -mcpu=cortex-m4 -mfpu=fpv4-sp-d16 -mthumb -g -gdwarf-2 -o "Dave/Generated/ADC_MEASUREMENT/adc_measurement.o" "../Dave/Generated/ADC_MEASUREMENT/adc_measurement.c" 
'Finished building: ../Dave/Generated/ADC_MEASUREMENT/adc_measurement.c'

'Building file: ../Dave/Generated/ADC_MEASUREMENT/adc_measurement_conf.c'
'Invoking: ARM-GCC C Compiler'
"C:/DAVEv4/DAVE-4.3.2/eclipse/ARM-GCC-49/bin/arm-none-eabi-gcc" -MMD -MT "Dave/Generated/ADC_MEASUREMENT/adc_measurement_conf.o" -DXMC4500_F100x1024 -I"D:/XMC_HandController/DAVE_HandController/UART_Serial_Test/Libraries/XMCLib/inc" -I"D:/XMC_HandController/DAVE_HandController/UART_Serial_Test/Libraries/CMSIS/Include" -I"D:/XMC_HandController/DAVE_HandController/UART_Serial_Test/Libraries/CMSIS/Infineon/XMC4500_series/Include" -I"D:/XMC_HandController/DAVE_HandController/UART_Serial_Test" -I"D:/XMC_HandController/DAVE_HandController/UART_Serial_Test/Dave/Generated" -I"D:/XMC_HandController/DAVE_HandController/UART_Serial_Test/Libraries" -O0 -ffunction-sections -fdata-sections -Wall -std=gnu99 -mfloat-abi=softfp -Wa,-adhlns="Dave/Generated/ADC_MEASUREMENT/adc_measurement_conf.o.lst" -pipe -c -fmessage-length=0 -MMD -MP -MF"Dave/Generated/ADC_MEASUREMENT/adc_measurement_conf.d" -MT"Dave/Generated/ADC_MEASUREMENT/adc_measurement_conf.d Dave/Generated/ADC_MEASUREMENT/adc_measurement_conf.o" -mcpu=cortex-m4 -mfpu=fpv4-sp-d16 -mthumb -g -gdwarf-2 -o "Dave/Generated/ADC_MEASUREMENT/adc_measurement_conf.o" "../Dave/Generated/ADC_MEASUREMENT/adc_measurement_conf.c" 
'Finished building: ../Dave/Generated/ADC_MEASUREMENT/adc_measurement_conf.c'

'Building target: UART_Serial_Test.elf'
'Invoking: ARM-GCC C Linker'
"C:/DAVEv4/DAVE-4.3.2/eclipse/ARM-GCC-49/bin/arm-none-eabi-gcc" -T"../linker_script.ld" -nostartfiles -Xlinker --gc-sections -specs=nano.specs -specs=nosys.specs -Wl,-Map,"UART_Serial_Test.map" -mfloat-abi=softfp -mfpu=fpv4-sp-d16 -mcpu=cortex-m4 -mthumb -g -gdwarf-2 -o "UART_Serial_Test.elf" "@objects.rsp"  -lm
'Finished building target: UART_Serial_Test.elf'

'Invoking: ARM-GCC Create Flash Image'
"C:/DAVEv4/DAVE-4.3.2/eclipse/ARM-GCC-49/bin/arm-none-eabi-objcopy" -O ihex "UART_Serial_Test.elf" "UART_Serial_Test.hex"
'Finished building: UART_Serial_Test.hex'

'Invoking: ARM-GCC Create Listing'
"C:/DAVEv4/DAVE-4.3.2/eclipse/ARM-GCC-49/bin/arm-none-eabi-objdump" -h -S "UART_Serial_Test.elf" > "UART_Serial_Test.lst"
'Finished building: UART_Serial_Test.lst'

'Invoking: ARM-GCC Print Size'
"C:/DAVEv4/DAVE-4.3.2/eclipse/ARM-GCC-49/bin/arm-none-eabi-size" --format=berkeley "UART_Serial_Test.elf"
   text	   data	    bss	    dec	    hex	filename
  11880	    172	   2416	  14468	   3884	UART_Serial_Test.elf
'Finished building: UART_Serial_Test.siz'

18:21:06 **** Incremental Build of configuration Debug for project UART_Serial_Test ****
"\"C:\\DAVEv4\\DAVE-4.3.2\\eclipse\\ARM-GCC-49\\bin\\make\"" --output-sync -j8 all 
'Invoking: ARM-GCC Print Size'
"C:/DAVEv4/DAVE-4.3.2/eclipse/ARM-GCC-49/bin/arm-none-eabi-size" --format=berkeley "UART_Serial_Test.elf"
   text	   data	    bss	    dec	    hex	filename
  11880	    172	   2416	  14468	   3884	UART_Serial_Test.elf
'Finished building: UART_Serial_Test.siz'

18:21:28 **** Build of configuration Debug for project UART_Serial_Test ****
"\"C:\\DAVEv4\\DAVE-4.3.2\\eclipse\\ARM-GCC-49\\bin\\make\"" --output-sync -j8 all 
'Building file: ../Dave/Generated/ADC_MEASUREMENT/adc_measurement.c'
'Invoking: ARM-GCC C Compiler'
"C:/DAVEv4/DAVE-4.3.2/eclipse/ARM-GCC-49/bin/arm-none-eabi-gcc" -MMD -MT "Dave/Generated/ADC_MEASUREMENT/adc_measurement.o" -DXMC4500_F100x1024 -I"D:/XMC_HandController/DAVE_HandController/UART_Serial_Test/Libraries/XMCLib/inc" -I"D:/XMC_HandController/DAVE_HandController/UART_Serial_Test/Libraries/CMSIS/Include" -I"D:/XMC_HandController/DAVE_HandController/UART_Serial_Test/Libraries/CMSIS/Infineon/XMC4500_series/Include" -I"D:/XMC_HandController/DAVE_HandController/UART_Serial_Test" -I"D:/XMC_HandController/DAVE_HandController/UART_Serial_Test/Dave/Generated" -I"D:/XMC_HandController/DAVE_HandController/UART_Serial_Test/Libraries" -O0 -ffunction-sections -fdata-sections -Wall -std=gnu99 -mfloat-abi=softfp -Wa,-adhlns="Dave/Generated/ADC_MEASUREMENT/adc_measurement.o.lst" -pipe -c -fmessage-length=0 -MMD -MP -MF"Dave/Generated/ADC_MEASUREMENT/adc_measurement.d" -MT"Dave/Generated/ADC_MEASUREMENT/adc_measurement.d Dave/Generated/ADC_MEASUREMENT/adc_measurement.o" -mcpu=cortex-m4 -mfpu=fpv4-sp-d16 -mthumb -g -gdwarf-2 -o "Dave/Generated/ADC_MEASUREMENT/adc_measurement.o" "../Dave/Generated/ADC_MEASUREMENT/adc_measurement.c" 
'Finished building: ../Dave/Generated/ADC_MEASUREMENT/adc_measurement.c'

'Building file: ../Dave/Generated/ADC_MEASUREMENT/adc_measurement_conf.c'
'Invoking: ARM-GCC C Compiler'
"C:/DAVEv4/DAVE-4.3.2/eclipse/ARM-GCC-49/bin/arm-none-eabi-gcc" -MMD -MT "Dave/Generated/ADC_MEASUREMENT/adc_measurement_conf.o" -DXMC4500_F100x1024 -I"D:/XMC_HandController/DAVE_HandController/UART_Serial_Test/Libraries/XMCLib/inc" -I"D:/XMC_HandController/DAVE_HandController/UART_Serial_Test/Libraries/CMSIS/Include" -I"D:/XMC_HandController/DAVE_HandController/UART_Serial_Test/Libraries/CMSIS/Infineon/XMC4500_series/Include" -I"D:/XMC_HandController/DAVE_HandController/UART_Serial_Test" -I"D:/XMC_HandController/DAVE_HandController/UART_Serial_Test/Dave/Generated" -I"D:/XMC_HandController/DAVE_HandController/UART_Serial_Test/Libraries" -O0 -ffunction-sections -fdata-sections -Wall -std=gnu99 -mfloat-abi=softfp -Wa,-adhlns="Dave/Generated/ADC_MEASUREMENT/adc_measurement_conf.o.lst" -pipe -c -fmessage-length=0 -MMD -MP -MF"Dave/Generated/ADC_MEASUREMENT/adc_measurement_conf.d" -MT"Dave/Generated/ADC_MEASUREMENT/adc_measurement_conf.d Dave/Generated/ADC_MEASUREMENT/adc_measurement_conf.o" -mcpu=cortex-m4 -mfpu=fpv4-sp-d16 -mthumb -g -gdwarf-2 -o "Dave/Generated/ADC_MEASUREMENT/adc_measurement_conf.o" "../Dave/Generated/ADC_MEASUREMENT/adc_measurement_conf.c" 
'Finished building: ../Dave/Generated/ADC_MEASUREMENT/adc_measurement_conf.c'

'Building file: ../Dave/Generated/DAVE.c'
'Invoking: ARM-GCC C Compiler'
"C:/DAVEv4/DAVE-4.3.2/eclipse/ARM-GCC-49/bin/arm-none-eabi-gcc" -MMD -MT "Dave/Generated/DAVE.o" -DXMC4500_F100x1024 -I"D:/XMC_HandController/DAVE_HandController/UART_Serial_Test/Libraries/XMCLib/inc" -I"D:/XMC_HandController/DAVE_HandController/UART_Serial_Test/Libraries/CMSIS/Include" -I"D:/XMC_HandController/DAVE_HandController/UART_Serial_Test/Libraries/CMSIS/Infineon/XMC4500_series/Include" -I"D:/XMC_HandController/DAVE_HandController/UART_Serial_Test" -I"D:/XMC_HandController/DAVE_HandController/UART_Serial_Test/Dave/Generated" -I"D:/XMC_HandController/DAVE_HandController/UART_Serial_Test/Libraries" -O0 -ffunction-sections -fdata-sections -Wall -std=gnu99 -mfloat-abi=softfp -Wa,-adhlns="Dave/Generated/DAVE.o.lst" -pipe -c -fmessage-length=0 -MMD -MP -MF"Dave/Generated/DAVE.d" -MT"Dave/Generated/DAVE.d Dave/Generated/DAVE.o" -mcpu=cortex-m4 -mfpu=fpv4-sp-d16 -mthumb -g -gdwarf-2 -o "Dave/Generated/DAVE.o" "../Dave/Generated/DAVE.c" 
'Finished building: ../Dave/Generated/DAVE.c'

'Building file: ../main.c'
'Invoking: ARM-GCC C Compiler'
"C:/DAVEv4/DAVE-4.3.2/eclipse/ARM-GCC-49/bin/arm-none-eabi-gcc" -MMD -MT "main.o" -DXMC4500_F100x1024 -I"D:/XMC_HandController/DAVE_HandController/UART_Serial_Test/Libraries/XMCLib/inc" -I"D:/XMC_HandController/DAVE_HandController/UART_Serial_Test/Libraries/CMSIS/Include" -I"D:/XMC_HandController/DAVE_HandController/UART_Serial_Test/Libraries/CMSIS/Infineon/XMC4500_series/Include" -I"D:/XMC_HandController/DAVE_HandController/UART_Serial_Test" -I"D:/XMC_HandController/DAVE_HandController/UART_Serial_Test/Dave/Generated" -I"D:/XMC_HandController/DAVE_HandController/UART_Serial_Test/Libraries" -O0 -ffunction-sections -fdata-sections -Wall -std=gnu99 -mfloat-abi=softfp -Wa,-adhlns="main.o.lst" -pipe -c -fmessage-length=0 -MMD -MP -MF"main.d" -MT"main.d main.o" -mcpu=cortex-m4 -mfpu=fpv4-sp-d16 -mthumb -g -gdwarf-2 -o "main.o" "../main.c" 
'Finished building: ../main.c'

'Building target: UART_Serial_Test.elf'
'Invoking: ARM-GCC C Linker'
"C:/DAVEv4/DAVE-4.3.2/eclipse/ARM-GCC-49/bin/arm-none-eabi-gcc" -T"../linker_script.ld" -nostartfiles -Xlinker --gc-sections -specs=nano.specs -specs=nosys.specs -Wl,-Map,"UART_Serial_Test.map" -mfloat-abi=softfp -mfpu=fpv4-sp-d16 -mcpu=cortex-m4 -mthumb -g -gdwarf-2 -o "UART_Serial_Test.elf" "@objects.rsp"  -lm
'Finished building target: UART_Serial_Test.elf'

'Invoking: ARM-GCC Create Flash Image'
"C:/DAVEv4/DAVE-4.3.2/eclipse/ARM-GCC-49/bin/arm-none-eabi-objcopy" -O ihex "UART_Serial_Test.elf" "UART_Serial_Test.hex"
'Finished building: UART_Serial_Test.hex'

'Invoking: ARM-GCC Create Listing'
"C:/DAVEv4/DAVE-4.3.2/eclipse/ARM-GCC-49/bin/arm-none-eabi-objdump" -h -S "UART_Serial_Test.elf" > "UART_Serial_Test.lst"
'Finished building: UART_Serial_Test.lst'

'Invoking: ARM-GCC Print Size'
"C:/DAVEv4/DAVE-4.3.2/eclipse/ARM-GCC-49/bin/arm-none-eabi-size" --format=berkeley "UART_Serial_Test.elf"
   text	   data	    bss	    dec	    hex	filename
  11880	    172	   2416	  14468	   3884	UART_Serial_Test.elf
'Finished building: UART_Serial_Test.siz'

18:21:49 **** Incremental Build of configuration Debug for project UART_Serial_Test ****
"\"C:\\DAVEv4\\DAVE-4.3.2\\eclipse\\ARM-GCC-49\\bin\\make\"" --output-sync -j8 all 
'Invoking: ARM-GCC Print Size'
"C:/DAVEv4/DAVE-4.3.2/eclipse/ARM-GCC-49/bin/arm-none-eabi-size" --format=berkeley "UART_Serial_Test.elf"
   text	   data	    bss	    dec	    hex	filename
  11880	    172	   2416	  14468	   3884	UART_Serial_Test.elf
'Finished building: UART_Serial_Test.siz'

18:32:57 **** Build of configuration Debug for project UART_Serial_Test ****
"\"C:\\DAVEv4\\DAVE-4.3.2\\eclipse\\ARM-GCC-49\\bin\\make\"" --output-sync -j8 all 
'Building file: ../Dave/Generated/ADC_MEASUREMENT/adc_measurement_conf.c'
'Invoking: ARM-GCC C Compiler'
"C:/DAVEv4/DAVE-4.3.2/eclipse/ARM-GCC-49/bin/arm-none-eabi-gcc" -MMD -MT "Dave/Generated/ADC_MEASUREMENT/adc_measurement_conf.o" -DXMC4500_F100x1024 -I"D:/XMC_HandController/DAVE_HandController/UART_Serial_Test/Libraries/XMCLib/inc" -I"D:/XMC_HandController/DAVE_HandController/UART_Serial_Test/Libraries/CMSIS/Include" -I"D:/XMC_HandController/DAVE_HandController/UART_Serial_Test/Libraries/CMSIS/Infineon/XMC4500_series/Include" -I"D:/XMC_HandController/DAVE_HandController/UART_Serial_Test" -I"D:/XMC_HandController/DAVE_HandController/UART_Serial_Test/Dave/Generated" -I"D:/XMC_HandController/DAVE_HandController/UART_Serial_Test/Libraries" -O0 -ffunction-sections -fdata-sections -Wall -std=gnu99 -mfloat-abi=softfp -Wa,-adhlns="Dave/Generated/ADC_MEASUREMENT/adc_measurement_conf.o.lst" -pipe -c -fmessage-length=0 -MMD -MP -MF"Dave/Generated/ADC_MEASUREMENT/adc_measurement_conf.d" -MT"Dave/Generated/ADC_MEASUREMENT/adc_measurement_conf.d Dave/Generated/ADC_MEASUREMENT/adc_measurement_conf.o" -mcpu=cortex-m4 -mfpu=fpv4-sp-d16 -mthumb -g -gdwarf-2 -o "Dave/Generated/ADC_MEASUREMENT/adc_measurement_conf.o" "../Dave/Generated/ADC_MEASUREMENT/adc_measurement_conf.c" 
'Finished building: ../Dave/Generated/ADC_MEASUREMENT/adc_measurement_conf.c'

'Building target: UART_Serial_Test.elf'
'Invoking: ARM-GCC C Linker'
"C:/DAVEv4/DAVE-4.3.2/eclipse/ARM-GCC-49/bin/arm-none-eabi-gcc" -T"../linker_script.ld" -nostartfiles -Xlinker --gc-sections -specs=nano.specs -specs=nosys.specs -Wl,-Map,"UART_Serial_Test.map" -mfloat-abi=softfp -mfpu=fpv4-sp-d16 -mcpu=cortex-m4 -mthumb -g -gdwarf-2 -o "UART_Serial_Test.elf" "@objects.rsp"  -lm
'Finished building target: UART_Serial_Test.elf'

'Invoking: ARM-GCC Create Flash Image'
"C:/DAVEv4/DAVE-4.3.2/eclipse/ARM-GCC-49/bin/arm-none-eabi-objcopy" -O ihex "UART_Serial_Test.elf" "UART_Serial_Test.hex"
'Finished building: UART_Serial_Test.hex'

'Invoking: ARM-GCC Create Listing'
"C:/DAVEv4/DAVE-4.3.2/eclipse/ARM-GCC-49/bin/arm-none-eabi-objdump" -h -S "UART_Serial_Test.elf" > "UART_Serial_Test.lst"
'Finished building: UART_Serial_Test.lst'

'Invoking: ARM-GCC Print Size'
"C:/DAVEv4/DAVE-4.3.2/eclipse/ARM-GCC-49/bin/arm-none-eabi-size" --format=berkeley "UART_Serial_Test.elf"
   text	   data	    bss	    dec	    hex	filename
  11880	    172	   2416	  14468	   3884	UART_Serial_Test.elf
'Finished building: UART_Serial_Test.siz'

18:33:19 **** Incremental Build of configuration Debug for project UART_Serial_Test ****
"\"C:\\DAVEv4\\DAVE-4.3.2\\eclipse\\ARM-GCC-49\\bin\\make\"" --output-sync -j8 all 
'Invoking: ARM-GCC Print Size'
"C:/DAVEv4/DAVE-4.3.2/eclipse/ARM-GCC-49/bin/arm-none-eabi-size" --format=berkeley "UART_Serial_Test.elf"
   text	   data	    bss	    dec	    hex	filename
  11880	    172	   2416	  14468	   3884	UART_Serial_Test.elf
'Finished building: UART_Serial_Test.siz'

18:35:06 **** Build of configuration Debug for project UART_Serial_Test ****
"\"C:\\DAVEv4\\DAVE-4.3.2\\eclipse\\ARM-GCC-49\\bin\\make\"" --output-sync -j8 all 
'Building file: ../main.c'
../main.c: In function 'VADC0_C0_2_IRQHandler':
'Invoking: ARM-GCC C Compiler'
../main.c:60:2: error: void value not ignored as it ought to be
  ADC_MEASUREMENT_StartConversion(&dhADC_MEASUREMENT_0) + 1;
  ^
"C:/DAVEv4/DAVE-4.3.2/eclipse/ARM-GCC-49/bin/arm-none-eabi-gcc" -MMD -MT "main.o" -DXMC4500_F100x1024 -I"D:/XMC_HandController/DAVE_HandController/UART_Serial_Test/Libraries/XMCLib/inc" -I"D:/XMC_HandController/DAVE_HandController/UART_Serial_Test/Libraries/CMSIS/Include" -I"D:/XMC_HandController/DAVE_HandController/UART_Serial_Test/Libraries/CMSIS/Infineon/XMC4500_series/Include" -I"D:/XMC_HandController/DAVE_HandController/UART_Serial_Test" -I"D:/XMC_HandController/DAVE_HandController/UART_Serial_Test/Dave/Generated" -I"D:/XMC_HandController/DAVE_HandController/UART_Serial_Test/Libraries" -O0 -ffunction-sections -fdata-sections -Wall -std=gnu99 -mfloat-abi=softfp -Wa,-adhlns="main.o.lst" -pipe -c -fmessage-length=0 -MMD -MP -MF"main.d" -MT"main.d main.o" -mcpu=cortex-m4 -mfpu=fpv4-sp-d16 -mthumb -g -gdwarf-2 -o "main.o" "../main.c" 
make: *** [main.o] Error 1
subdir.mk:18: recipe for target 'main.o' failed
18:35:25 **** Build of configuration Debug for project UART_Serial_Test ****
"\"C:\\DAVEv4\\DAVE-4.3.2\\eclipse\\ARM-GCC-49\\bin\\make\"" --output-sync -j8 all 
'Building file: ../main.c'
'Invoking: ARM-GCC C Compiler'
"C:/DAVEv4/DAVE-4.3.2/eclipse/ARM-GCC-49/bin/arm-none-eabi-gcc" -MMD -MT "main.o" -DXMC4500_F100x1024 -I"D:/XMC_HandController/DAVE_HandController/UART_Serial_Test/Libraries/XMCLib/inc" -I"D:/XMC_HandController/DAVE_HandController/UART_Serial_Test/Libraries/CMSIS/Include" -I"D:/XMC_HandController/DAVE_HandController/UART_Serial_Test/Libraries/CMSIS/Infineon/XMC4500_series/Include" -I"D:/XMC_HandController/DAVE_HandController/UART_Serial_Test" -I"D:/XMC_HandController/DAVE_HandController/UART_Serial_Test/Dave/Generated" -I"D:/XMC_HandController/DAVE_HandController/UART_Serial_Test/Libraries" -O0 -ffunction-sections -fdata-sections -Wall -std=gnu99 -mfloat-abi=softfp -Wa,-adhlns="main.o.lst" -pipe -c -fmessage-length=0 -MMD -MP -MF"main.d" -MT"main.d main.o" -mcpu=cortex-m4 -mfpu=fpv4-sp-d16 -mthumb -g -gdwarf-2 -o "main.o" "../main.c" 
'Finished building: ../main.c'

'Building target: UART_Serial_Test.elf'
'Invoking: ARM-GCC C Linker'
"C:/DAVEv4/DAVE-4.3.2/eclipse/ARM-GCC-49/bin/arm-none-eabi-gcc" -T"../linker_script.ld" -nostartfiles -Xlinker --gc-sections -specs=nano.specs -specs=nosys.specs -Wl,-Map,"UART_Serial_Test.map" -mfloat-abi=softfp -mfpu=fpv4-sp-d16 -mcpu=cortex-m4 -mthumb -g -gdwarf-2 -o "UART_Serial_Test.elf" "@objects.rsp"  -lm
'Finished building target: UART_Serial_Test.elf'

'Invoking: ARM-GCC Create Flash Image'
"C:/DAVEv4/DAVE-4.3.2/eclipse/ARM-GCC-49/bin/arm-none-eabi-objcopy" -O ihex "UART_Serial_Test.elf" "UART_Serial_Test.hex"
'Finished building: UART_Serial_Test.hex'

'Invoking: ARM-GCC Create Listing'
"C:/DAVEv4/DAVE-4.3.2/eclipse/ARM-GCC-49/bin/arm-none-eabi-objdump" -h -S "UART_Serial_Test.elf" > "UART_Serial_Test.lst"
'Finished building: UART_Serial_Test.lst'

'Invoking: ARM-GCC Print Size'
"C:/DAVEv4/DAVE-4.3.2/eclipse/ARM-GCC-49/bin/arm-none-eabi-size" --format=berkeley "UART_Serial_Test.elf"
   text	   data	    bss	    dec	    hex	filename
  11884	    172	   2416	  14472	   3888	UART_Serial_Test.elf
'Finished building: UART_Serial_Test.siz'

18:35:36 **** Incremental Build of configuration Debug for project UART_Serial_Test ****
"\"C:\\DAVEv4\\DAVE-4.3.2\\eclipse\\ARM-GCC-49\\bin\\make\"" --output-sync -j8 all 
'Invoking: ARM-GCC Print Size'
"C:/DAVEv4/DAVE-4.3.2/eclipse/ARM-GCC-49/bin/arm-none-eabi-size" --format=berkeley "UART_Serial_Test.elf"
   text	   data	    bss	    dec	    hex	filename
  11884	    172	   2416	  14472	   3888	UART_Serial_Test.elf
'Finished building: UART_Serial_Test.siz'

18:37:07 **** Build of configuration Debug for project UART_Serial_Test ****
"\"C:\\DAVEv4\\DAVE-4.3.2\\eclipse\\ARM-GCC-49\\bin\\make\"" --output-sync -j8 all 
'Building file: ../main.c'
'Invoking: ARM-GCC C Compiler'
"C:/DAVEv4/DAVE-4.3.2/eclipse/ARM-GCC-49/bin/arm-none-eabi-gcc" -MMD -MT "main.o" -DXMC4500_F100x1024 -I"D:/XMC_HandController/DAVE_HandController/UART_Serial_Test/Libraries/XMCLib/inc" -I"D:/XMC_HandController/DAVE_HandController/UART_Serial_Test/Libraries/CMSIS/Include" -I"D:/XMC_HandController/DAVE_HandController/UART_Serial_Test/Libraries/CMSIS/Infineon/XMC4500_series/Include" -I"D:/XMC_HandController/DAVE_HandController/UART_Serial_Test" -I"D:/XMC_HandController/DAVE_HandController/UART_Serial_Test/Dave/Generated" -I"D:/XMC_HandController/DAVE_HandController/UART_Serial_Test/Libraries" -O0 -ffunction-sections -fdata-sections -Wall -std=gnu99 -mfloat-abi=softfp -Wa,-adhlns="main.o.lst" -pipe -c -fmessage-length=0 -MMD -MP -MF"main.d" -MT"main.d main.o" -mcpu=cortex-m4 -mfpu=fpv4-sp-d16 -mthumb -g -gdwarf-2 -o "main.o" "../main.c" 
'Finished building: ../main.c'

'Building target: UART_Serial_Test.elf'
'Invoking: ARM-GCC C Linker'
"C:/DAVEv4/DAVE-4.3.2/eclipse/ARM-GCC-49/bin/arm-none-eabi-gcc" -T"../linker_script.ld" -nostartfiles -Xlinker --gc-sections -specs=nano.specs -specs=nosys.specs -Wl,-Map,"UART_Serial_Test.map" -mfloat-abi=softfp -mfpu=fpv4-sp-d16 -mcpu=cortex-m4 -mthumb -g -gdwarf-2 -o "UART_Serial_Test.elf" "@objects.rsp"  -lm
'Finished building target: UART_Serial_Test.elf'

'Invoking: ARM-GCC Create Flash Image'
"C:/DAVEv4/DAVE-4.3.2/eclipse/ARM-GCC-49/bin/arm-none-eabi-objcopy" -O ihex "UART_Serial_Test.elf" "UART_Serial_Test.hex"
'Finished building: UART_Serial_Test.hex'

'Invoking: ARM-GCC Create Listing'
"C:/DAVEv4/DAVE-4.3.2/eclipse/ARM-GCC-49/bin/arm-none-eabi-objdump" -h -S "UART_Serial_Test.elf" > "UART_Serial_Test.lst"
'Finished building: UART_Serial_Test.lst'

'Invoking: ARM-GCC Print Size'
"C:/DAVEv4/DAVE-4.3.2/eclipse/ARM-GCC-49/bin/arm-none-eabi-size" --format=berkeley "UART_Serial_Test.elf"
   text	   data	    bss	    dec	    hex	filename
  11900	    172	   2416	  14488	   3898	UART_Serial_Test.elf
'Finished building: UART_Serial_Test.siz'

18:37:18 **** Build of configuration Debug for project UART_Serial_Test ****
"\"C:\\DAVEv4\\DAVE-4.3.2\\eclipse\\ARM-GCC-49\\bin\\make\"" --output-sync -j8 all 
'Building file: ../main.c'
'Invoking: ARM-GCC C Compiler'
"C:/DAVEv4/DAVE-4.3.2/eclipse/ARM-GCC-49/bin/arm-none-eabi-gcc" -MMD -MT "main.o" -DXMC4500_F100x1024 -I"D:/XMC_HandController/DAVE_HandController/UART_Serial_Test/Libraries/XMCLib/inc" -I"D:/XMC_HandController/DAVE_HandController/UART_Serial_Test/Libraries/CMSIS/Include" -I"D:/XMC_HandController/DAVE_HandController/UART_Serial_Test/Libraries/CMSIS/Infineon/XMC4500_series/Include" -I"D:/XMC_HandController/DAVE_HandController/UART_Serial_Test" -I"D:/XMC_HandController/DAVE_HandController/UART_Serial_Test/Dave/Generated" -I"D:/XMC_HandController/DAVE_HandController/UART_Serial_Test/Libraries" -O0 -ffunction-sections -fdata-sections -Wall -std=gnu99 -mfloat-abi=softfp -Wa,-adhlns="main.o.lst" -pipe -c -fmessage-length=0 -MMD -MP -MF"main.d" -MT"main.d main.o" -mcpu=cortex-m4 -mfpu=fpv4-sp-d16 -mthumb -g -gdwarf-2 -o "main.o" "../main.c" 
'Finished building: ../main.c'

'Building target: UART_Serial_Test.elf'
'Invoking: ARM-GCC C Linker'
"C:/DAVEv4/DAVE-4.3.2/eclipse/ARM-GCC-49/bin/arm-none-eabi-gcc" -T"../linker_script.ld" -nostartfiles -Xlinker --gc-sections -specs=nano.specs -specs=nosys.specs -Wl,-Map,"UART_Serial_Test.map" -mfloat-abi=softfp -mfpu=fpv4-sp-d16 -mcpu=cortex-m4 -mthumb -g -gdwarf-2 -o "UART_Serial_Test.elf" "@objects.rsp"  -lm
'Finished building target: UART_Serial_Test.elf'

'Invoking: ARM-GCC Create Flash Image'
"C:/DAVEv4/DAVE-4.3.2/eclipse/ARM-GCC-49/bin/arm-none-eabi-objcopy" -O ihex "UART_Serial_Test.elf" "UART_Serial_Test.hex"
'Finished building: UART_Serial_Test.hex'

'Invoking: ARM-GCC Create Listing'
"C:/DAVEv4/DAVE-4.3.2/eclipse/ARM-GCC-49/bin/arm-none-eabi-objdump" -h -S "UART_Serial_Test.elf" > "UART_Serial_Test.lst"
'Finished building: UART_Serial_Test.lst'

'Invoking: ARM-GCC Print Size'
"C:/DAVEv4/DAVE-4.3.2/eclipse/ARM-GCC-49/bin/arm-none-eabi-size" --format=berkeley "UART_Serial_Test.elf"
   text	   data	    bss	    dec	    hex	filename
  11900	    172	   2416	  14488	   3898	UART_Serial_Test.elf
'Finished building: UART_Serial_Test.siz'

18:37:28 **** Incremental Build of configuration Debug for project UART_Serial_Test ****
"\"C:\\DAVEv4\\DAVE-4.3.2\\eclipse\\ARM-GCC-49\\bin\\make\"" --output-sync -j8 all 
'Invoking: ARM-GCC Print Size'
"C:/DAVEv4/DAVE-4.3.2/eclipse/ARM-GCC-49/bin/arm-none-eabi-size" --format=berkeley "UART_Serial_Test.elf"
   text	   data	    bss	    dec	    hex	filename
  11900	    172	   2416	  14488	   3898	UART_Serial_Test.elf
'Finished building: UART_Serial_Test.siz'

18:37:44 **** Incremental Build of configuration Debug for project UART_Serial_Test ****
"\"C:\\DAVEv4\\DAVE-4.3.2\\eclipse\\ARM-GCC-49\\bin\\make\"" --output-sync -j8 all 
'Invoking: ARM-GCC Print Size'
"C:/DAVEv4/DAVE-4.3.2/eclipse/ARM-GCC-49/bin/arm-none-eabi-size" --format=berkeley "UART_Serial_Test.elf"
   text	   data	    bss	    dec	    hex	filename
  11900	    172	   2416	  14488	   3898	UART_Serial_Test.elf
'Finished building: UART_Serial_Test.siz'

