22:02:30 **** Incremental Build of configuration Debug for project Test_UART ****
"\"C:\\DAVEv4\\DAVE-4.3.2\\eclipse\\ARM-GCC-49\\bin\\make\"" --output-sync -j8 all 
'Building file: ../main.c'
'Invoking: ARM-GCC C Compiler'
"C:/DAVEv4/DAVE-4.3.2/eclipse/ARM-GCC-49/bin/arm-none-eabi-gcc" -MMD -MT "main.o" -DXMC4500_F100x1024 -I"D:/XMC_HandController/DAVE_HandController/Test_UART/Libraries/XMCLib/inc" -I"D:/XMC_HandController/DAVE_HandController/Test_UART/Libraries/CMSIS/Include" -I"D:/XMC_HandController/DAVE_HandController/Test_UART/Libraries/CMSIS/Infineon/XMC4500_series/Include" -I"D:/XMC_HandController/DAVE_HandController/Test_UART" -I"D:/XMC_HandController/DAVE_HandController/Test_UART/Dave/Generated" -I"D:/XMC_HandController/DAVE_HandController/Test_UART/Libraries" -O0 -ffunction-sections -fdata-sections -Wall -std=gnu99 -mfloat-abi=softfp -Wa,-adhlns="main.o.lst" -pipe -c -fmessage-length=0 -MMD -MP -MF"main.d" -MT"main.d main.o" -mcpu=cortex-m4 -mfpu=fpv4-sp-d16 -mthumb -g -gdwarf-2 -o "main.o" "../main.c" 
'Finished building: ../main.c'

'Building target: Test_UART.elf'
'Invoking: ARM-GCC C Linker'
"C:/DAVEv4/DAVE-4.3.2/eclipse/ARM-GCC-49/bin/arm-none-eabi-gcc" -T"../linker_script.ld" -nostartfiles -Xlinker --gc-sections -specs=nano.specs -specs=nosys.specs -Wl,-Map,"Test_UART.map" -mfloat-abi=softfp -mfpu=fpv4-sp-d16 -mcpu=cortex-m4 -mthumb -g -gdwarf-2 -o "Test_UART.elf" "@objects.rsp"  -lm
'Finished building target: Test_UART.elf'

'Invoking: ARM-GCC Create Flash Image'
"C:/DAVEv4/DAVE-4.3.2/eclipse/ARM-GCC-49/bin/arm-none-eabi-objcopy" -O ihex "Test_UART.elf" "Test_UART.hex"
'Finished building: Test_UART.hex'

'Invoking: ARM-GCC Create Listing'
"C:/DAVEv4/DAVE-4.3.2/eclipse/ARM-GCC-49/bin/arm-none-eabi-objdump" -h -S "Test_UART.elf" > "Test_UART.lst"
'Finished building: Test_UART.lst'

'Invoking: ARM-GCC Print Size'
"C:/DAVEv4/DAVE-4.3.2/eclipse/ARM-GCC-49/bin/arm-none-eabi-size" --format=berkeley "Test_UART.elf"
   text	   data	    bss	    dec	    hex	filename
  12104	    172	   2424	  14700	   396c	Test_UART.elf
'Finished building: Test_UART.siz'


22:02:35 Build Finished (took 5s.156ms)

