16:00:21 **** Incremental Build of configuration Debug for project Test_FlexSensor ****
"\"C:\\DAVEv4\\DAVE-4.3.2\\eclipse\\ARM-GCC-49\\bin\\make\"" --output-sync -j8 all 
'Invoking: ARM-GCC Print Size'
"C:/DAVEv4/DAVE-4.3.2/eclipse/ARM-GCC-49/bin/arm-none-eabi-size" --format=berkeley "Test_FlexSensor.elf"
   text	   data	    bss	    dec	    hex	filename
   7804	    136	   2396	  10336	   2860	Test_FlexSensor.elf
'Finished building: Test_FlexSensor.siz'


16:00:24 Build Finished (took 2s.564ms)

