20:22:35 **** Incremental Build of configuration Debug for project Test_uhhh ****
"\"C:\\DAVEv4\\DAVE-4.3.2\\eclipse\\ARM-GCC-49\\bin\\make\"" --output-sync -j8 all 
'Building file: ../main.c'
'Invoking: ARM-GCC C Compiler'
"C:/DAVEv4/DAVE-4.3.2/eclipse/ARM-GCC-49/bin/arm-none-eabi-gcc" -MMD -MT "main.o" -DXMC4500_F100x1024 -I"D:/XMC_HandController/DAVE_HandController/Test_uhhh/Libraries/XMCLib/inc" -I"D:/XMC_HandController/DAVE_HandController/Test_uhhh/Libraries/CMSIS/Include" -I"D:/XMC_HandController/DAVE_HandController/Test_uhhh/Libraries/CMSIS/Infineon/XMC4500_series/Include" -I"D:/XMC_HandController/DAVE_HandController/Test_uhhh" -I"D:/XMC_HandController/DAVE_HandController/Test_uhhh/Dave/Generated" -I"D:/XMC_HandController/DAVE_HandController/Test_uhhh/Libraries" -O0 -ffunction-sections -fdata-sections -Wall -std=gnu99 -mfloat-abi=softfp -Wa,-adhlns="main.o.lst" -pipe -c -fmessage-length=0 -MMD -MP -MF"main.d" -MT"main.d main.o" -mcpu=cortex-m4 -mfpu=fpv4-sp-d16 -mthumb -g -gdwarf-2 -o "main.o" "../main.c" 
'Finished building: ../main.c'

'Building target: Test_uhhh.elf'
'Invoking: ARM-GCC C Linker'
"C:/DAVEv4/DAVE-4.3.2/eclipse/ARM-GCC-49/bin/arm-none-eabi-gcc" -T"../linker_script.ld" -nostartfiles -Xlinker --gc-sections -specs=nano.specs -specs=nosys.specs -Wl,-Map,"Test_uhhh.map" -mfloat-abi=softfp -mfpu=fpv4-sp-d16 -mcpu=cortex-m4 -mthumb -g -gdwarf-2 -o "Test_uhhh.elf" "@objects.rsp"  -lm
'Finished building target: Test_uhhh.elf'

'Invoking: ARM-GCC Create Flash Image'
"C:/DAVEv4/DAVE-4.3.2/eclipse/ARM-GCC-49/bin/arm-none-eabi-objcopy" -O ihex "Test_uhhh.elf" "Test_uhhh.hex"
'Finished building: Test_uhhh.hex'

'Invoking: ARM-GCC Create Listing'
"C:/DAVEv4/DAVE-4.3.2/eclipse/ARM-GCC-49/bin/arm-none-eabi-objdump" -h -S "Test_uhhh.elf" > "Test_uhhh.lst"
'Finished building: Test_uhhh.lst'

'Invoking: ARM-GCC Print Size'
"C:/DAVEv4/DAVE-4.3.2/eclipse/ARM-GCC-49/bin/arm-none-eabi-size" --format=berkeley "Test_uhhh.elf"
   text	   data	    bss	    dec	    hex	filename
  11904	    176	   2420	  14500	   38a4	Test_uhhh.elf
'Finished building: Test_uhhh.siz'


20:22:40 Build Finished (took 5s.359ms)

