18:37:44 **** Incremental Build of configuration Debug for project UART_Serial_Test ****
"\"C:\\DAVEv4\\DAVE-4.3.2\\eclipse\\ARM-GCC-49\\bin\\make\"" --output-sync -j8 all 
'Invoking: ARM-GCC Print Size'
"C:/DAVEv4/DAVE-4.3.2/eclipse/ARM-GCC-49/bin/arm-none-eabi-size" --format=berkeley "UART_Serial_Test.elf"
   text	   data	    bss	    dec	    hex	filename
  11900	    172	   2416	  14488	   3898	UART_Serial_Test.elf
'Finished building: UART_Serial_Test.siz'


18:37:46 Build Finished (took 1s.450ms)

