17:23:23 **** Incremental Build of configuration Debug for project UART_EXAMPLE_XMC45 ****
"\"C:\\DAVEv4\\DAVE-4.3.2\\eclipse\\ARM-GCC-49\\bin\\make\"" --output-sync -j8 all 
../main.c: In function 'main':
'Building file: ../main.c'
'Invoking: ARM-GCC C Compiler'
../main.c:64:24: warning: passing argument 2 of 'UART_Receive' from incompatible pointer type
"C:/DAVEv4/DAVE-4.3.2/eclipse/ARM-GCC-49/bin/arm-none-eabi-gcc" -MMD -MT "main.o" -DXMC4500_F144x1024 -I"C:/Users/Lenovo/Downloads/UART_EXAMPLE_XMC45/UART_EXAMPLE_XMC45/Libraries/XMCLib/inc" -I"C:/Users/Lenovo/Downloads/UART_EXAMPLE_XMC45/UART_EXAMPLE_XMC45/Libraries/CMSIS/Include" -I"C:/Users/Lenovo/Downloads/UART_EXAMPLE_XMC45/UART_EXAMPLE_XMC45/Libraries/CMSIS/Infineon/XMC4500_series/Include" -I"C:/Users/Lenovo/Downloads/UART_EXAMPLE_XMC45/UART_EXAMPLE_XMC45" -I"C:/Users/Lenovo/Downloads/UART_EXAMPLE_XMC45/UART_EXAMPLE_XMC45/Dave/Generated" -O0 -ffunction-sections -fdata-sections -Wall -std=gnu99 -mfloat-abi=soft -Wa,-adhlns="main.o.lst" -pipe -c -fmessage-length=0 -MMD -MP -MF"main.d" -MT"main.d main.o" -mcpu=cortex-m4 -mthumb -g -gdwarf-2 -o "main.o" "../main.c" 
  UART_Receive(&UART_0, &read_data,1);
'Finished building: ../main.c'
                        ^

In file included from C:/Users/Lenovo/Downloads/UART_EXAMPLE_XMC45/UART_EXAMPLE_XMC45/Dave/Generated/DAVE.h:56:0,
                 from ../main.c:48:
C:/Users/Lenovo/Downloads/UART_EXAMPLE_XMC45/UART_EXAMPLE_XMC45/Dave/Generated/UART/UART.h:464:15: note: expected 'uint8_t *' but argument is of type 'uint8_t (*)[2]'
 UART_STATUS_t UART_Receive(const UART_t *const handle, uint8_t* data_ptr, uint32_t count);
               ^
../main.c:53:11: warning: unused variable 'send_data' [-Wunused-variable]
   uint8_t send_data[] = "\nHello world!";
           ^
../main.c:52:11: warning: unused variable 'init_data' [-Wunused-variable]
   uint8_t init_data[] = "Press enter if you want to receive a message";
           ^
'Building target: UART_EXAMPLE_XMC45.elf'
'Invoking: ARM-GCC C Linker'
"C:/DAVEv4/DAVE-4.3.2/eclipse/ARM-GCC-49/bin/arm-none-eabi-gcc" -T"../linker_script.ld" -nostartfiles -Xlinker --gc-sections -specs=nano.specs -Wl,-Map,"UART_EXAMPLE_XMC45.map" -mfloat-abi=soft -mcpu=cortex-m4 -mthumb -g -gdwarf-2 -o "UART_EXAMPLE_XMC45.elf" "@objects.rsp"  -lm
'Finished building target: UART_EXAMPLE_XMC45.elf'

'Invoking: ARM-GCC Create Flash Image'
"C:/DAVEv4/DAVE-4.3.2/eclipse/ARM-GCC-49/bin/arm-none-eabi-objcopy" -O ihex "UART_EXAMPLE_XMC45.elf" "UART_EXAMPLE_XMC45.hex"
'Finished building: UART_EXAMPLE_XMC45.hex'

'Invoking: ARM-GCC Create Listing'
"C:/DAVEv4/DAVE-4.3.2/eclipse/ARM-GCC-49/bin/arm-none-eabi-objdump" -h -S "UART_EXAMPLE_XMC45.elf" > "UART_EXAMPLE_XMC45.lst"
'Finished building: UART_EXAMPLE_XMC45.lst'

'Invoking: ARM-GCC Print Size'
"C:/DAVEv4/DAVE-4.3.2/eclipse/ARM-GCC-49/bin/arm-none-eabi-size" --format=berkeley "UART_EXAMPLE_XMC45.elf"
   text	   data	    bss	    dec	    hex	filename
   7408	     12	   2096	   9516	   252c	UART_EXAMPLE_XMC45.elf
'Finished building: UART_EXAMPLE_XMC45.siz'


17:23:28 Build Finished (took 5s.213ms)

