Archive member included because of file (symbol)

c:/davev4/dave-4.3.2/eclipse/arm-gcc-49/bin/../lib/gcc/arm-none-eabi/4.9.3/../../../../arm-none-eabi/lib/armv7e-m/softfp\libg_nano.a(lib_a-errno.o)
                              ./Libraries/Newlib/syscalls.o (__errno)
c:/davev4/dave-4.3.2/eclipse/arm-gcc-49/bin/../lib/gcc/arm-none-eabi/4.9.3/../../../../arm-none-eabi/lib/armv7e-m/softfp\libg_nano.a(lib_a-impure.o)
                              c:/davev4/dave-4.3.2/eclipse/arm-gcc-49/bin/../lib/gcc/arm-none-eabi/4.9.3/../../../../arm-none-eabi/lib/armv7e-m/softfp\libg_nano.a(lib_a-errno.o) (_impure_ptr)
c:/davev4/dave-4.3.2/eclipse/arm-gcc-49/bin/../lib/gcc/arm-none-eabi/4.9.3/../../../../arm-none-eabi/lib/armv7e-m/softfp\libg_nano.a(lib_a-init.o)
                              ./Startup/startup_XMC4500.o (__libc_init_array)
c:/davev4/dave-4.3.2/eclipse/arm-gcc-49/bin/../lib/gcc/arm-none-eabi/4.9.3/../../../../arm-none-eabi/lib/armv7e-m/softfp\libg_nano.a(lib_a-memcpy.o)
                              ./Libraries/XMCLib/src/xmc_eth_mac.o (memcpy)
c:/davev4/dave-4.3.2/eclipse/arm-gcc-49/bin/../lib/gcc/arm-none-eabi/4.9.3/../../../../arm-none-eabi/lib/armv7e-m/softfp\libg_nano.a(lib_a-memset.o)
                              ./Libraries/XMCLib/src/xmc_usbd.o (memset)

Allocating common symbols
Common symbol       size              file

Timer_20ms_Id       0x4               ./main.o
dma0_event_handlers
                    0x20              ./Libraries/XMCLib/src/xmc_dma.o
g_timer_tbl         0x120             ./Dave/Generated/SYSTIMER/systimer.o
pipe                0x1c0             ./Libraries/XMCLib/src/xmc_usbh.o
dma1_event_handlers
                    0x10              ./Libraries/XMCLib/src/xmc_dma.o
event_handler_list  0x80              ./Libraries/XMCLib/src/xmc4_scu.o
is_nack             0xe               ./Libraries/XMCLib/src/xmc_usbh.o
usbd_init           0x4               ./Libraries/XMCLib/src/xmc_usbd.o
xmc_device          0x208             ./Libraries/XMCLib/src/xmc_usbd.o

Discarded input sections

 .text          0x00000000        0x0 ./Startup/startup_XMC4500.o
 .data          0x00000000        0x0 ./Startup/startup_XMC4500.o
 .bss           0x00000000        0x0 ./Startup/startup_XMC4500.o
 .text          0x00000000        0x0 ./Startup/system_XMC4500.o
 .data          0x00000000        0x0 ./Startup/system_XMC4500.o
 .bss           0x00000000        0x0 ./Startup/system_XMC4500.o
 .text.delay    0x00000000       0x28 ./Startup/system_XMC4500.o
 .text.SystemCoreSetup
                0x00000000       0x70 ./Startup/system_XMC4500.o
 .text.SystemCoreClockSetup
                0x00000000      0x208 ./Startup/system_XMC4500.o
 .text.OSCHP_GetFrequency
                0x00000000       0x14 ./Startup/system_XMC4500.o
 .comment       0x00000000       0x71 ./Startup/system_XMC4500.o
 .text          0x00000000        0x0 ./Libraries/XMCLib/src/xmc4_eru.o
 .data          0x00000000        0x0 ./Libraries/XMCLib/src/xmc4_eru.o
 .bss           0x00000000        0x0 ./Libraries/XMCLib/src/xmc4_eru.o
 .text.XMC_ERU_Enable
                0x00000000       0x24 ./Libraries/XMCLib/src/xmc4_eru.o
 .text.XMC_ERU_Disable
                0x00000000       0x24 ./Libraries/XMCLib/src/xmc4_eru.o
 .debug_info    0x00000000      0x4ae ./Libraries/XMCLib/src/xmc4_eru.o
 .debug_abbrev  0x00000000      0x13b ./Libraries/XMCLib/src/xmc4_eru.o
 .debug_loc     0x00000000       0xa0 ./Libraries/XMCLib/src/xmc4_eru.o
 .debug_aranges
                0x00000000       0x28 ./Libraries/XMCLib/src/xmc4_eru.o
 .debug_ranges  0x00000000       0x18 ./Libraries/XMCLib/src/xmc4_eru.o
 .debug_line    0x00000000      0x257 ./Libraries/XMCLib/src/xmc4_eru.o
 .debug_str     0x00000000      0x5fe ./Libraries/XMCLib/src/xmc4_eru.o
 .comment       0x00000000       0x71 ./Libraries/XMCLib/src/xmc4_eru.o
 .debug_frame   0x00000000       0x60 ./Libraries/XMCLib/src/xmc4_eru.o
 .ARM.attributes
                0x00000000       0x37 ./Libraries/XMCLib/src/xmc4_eru.o
 .text          0x00000000        0x0 ./Libraries/XMCLib/src/xmc4_flash.o
 .data          0x00000000        0x0 ./Libraries/XMCLib/src/xmc4_flash.o
 .bss           0x00000000        0x0 ./Libraries/XMCLib/src/xmc4_flash.o
 .text.XMC_FLASH_lEnterPageModeCommand
                0x00000000       0x20 ./Libraries/XMCLib/src/xmc4_flash.o
 .text.XMC_FLASH_lLoadPageCommand
                0x00000000       0x30 ./Libraries/XMCLib/src/xmc4_flash.o
 .text.XMC_FLASH_lWritePageCommand
                0x00000000       0x44 ./Libraries/XMCLib/src/xmc4_flash.o
 .text.XMC_FLASH_lWriteUCBPageCommand
                0x00000000       0x44 ./Libraries/XMCLib/src/xmc4_flash.o
 .text.XMC_FLASH_lEraseSectorCommand
                0x00000000       0x58 ./Libraries/XMCLib/src/xmc4_flash.o
 .text.XMC_FLASH_lDisableSectorWriteProtectionCommand
                0x00000000       0x64 ./Libraries/XMCLib/src/xmc4_flash.o
 .text.XMC_FLASH_lDisableReadProtectionCommand
[...]
Memory Configuration

Name             Origin             Length             Attributes
FLASH_1_cached   0x08000000         0x00100000         xr
FLASH_1_uncached 0x0c000000         0x00100000         xr
PSRAM_1          0x10000000         0x00010000         !xr
DSRAM_1_system   0x20000000         0x00010000         !xr
DSRAM_2_comm     0x30000000         0x00008000         !xr
*default*        0x00000000         0xffffffff

Linker script and memory map

LOAD ./Startup/startup_XMC4500.o
LOAD ./Startup/system_XMC4500.o
LOAD ./Libraries/XMCLib/src/xmc4_eru.o
LOAD ./Libraries/XMCLib/src/xmc4_flash.o
LOAD ./Libraries/XMCLib/src/xmc4_gpio.o
LOAD ./Libraries/XMCLib/src/xmc4_rtc.o
LOAD ./Libraries/XMCLib/src/xmc4_scu.o
LOAD ./Libraries/XMCLib/src/xmc_can.o
LOAD ./Libraries/XMCLib/src/xmc_ccu4.o
LOAD ./Libraries/XMCLib/src/xmc_ccu8.o
LOAD ./Libraries/XMCLib/src/xmc_common.o
LOAD ./Libraries/XMCLib/src/xmc_dac.o
LOAD ./Libraries/XMCLib/src/xmc_dma.o
LOAD ./Libraries/XMCLib/src/xmc_dsd.o
LOAD ./Libraries/XMCLib/src/xmc_ebu.o
LOAD ./Libraries/XMCLib/src/xmc_ecat.o
LOAD ./Libraries/XMCLib/src/xmc_eru.o
LOAD ./Libraries/XMCLib/src/xmc_eth_mac.o
LOAD ./Libraries/XMCLib/src/xmc_fce.o
LOAD ./Libraries/XMCLib/src/xmc_gpio.o
LOAD ./Libraries/XMCLib/src/xmc_hrpwm.o
LOAD ./Libraries/XMCLib/src/xmc_i2c.o
LOAD ./Libraries/XMCLib/src/xmc_i2s.o
LOAD ./Libraries/XMCLib/src/xmc_ledts.o
LOAD ./Libraries/XMCLib/src/xmc_posif.o
LOAD ./Libraries/XMCLib/src/xmc_rtc.o
LOAD ./Libraries/XMCLib/src/xmc_sdmmc.o
LOAD ./Libraries/XMCLib/src/xmc_spi.o
LOAD ./Libraries/XMCLib/src/xmc_uart.o
LOAD ./Libraries/XMCLib/src/xmc_usbd.o
LOAD ./Libraries/XMCLib/src/xmc_usbh.o
LOAD ./Libraries/XMCLib/src/xmc_usic.o
LOAD ./Libraries/XMCLib/src/xmc_vadc.o
LOAD ./Libraries/XMCLib/src/xmc_wdt.o
LOAD ./Libraries/Newlib/syscalls.o
LOAD ./Dave/Generated/UART/uart.o
LOAD ./Dave/Generated/UART/uart_conf.o
LOAD ./Dave/Generated/SYSTIMER/systimer.o
LOAD ./Dave/Generated/SYSTIMER/systimer_conf.o
LOAD ./Dave/Generated/GLOBAL_ADC/global_adc.o
LOAD ./Dave/Generated/GLOBAL_ADC/global_adc_conf.o
LOAD ./Dave/Generated/DIGITAL_IO/digital_io.o
LOAD ./Dave/Generated/DIGITAL_IO/digital_io_conf.o
LOAD ./Dave/Generated/CPU_CTRL_XMC4/cpu_ctrl_xmc4.o
LOAD ./Dave/Generated/CPU_CTRL_XMC4/cpu_ctrl_xmc4_conf.o
LOAD ./Dave/Generated/CLOCK_XMC4/clock_xmc4.o
LOAD ./Dave/Generated/CLOCK_XMC4/clock_xmc4_conf.o
LOAD ./Dave/Generated/ADC_MEASUREMENT/adc_measurement.o
LOAD ./Dave/Generated/ADC_MEASUREMENT/adc_measurement_conf.o
LOAD ./Dave/Generated/DAVE.o
LOAD ./main.o
LOAD c:/davev4/dave-4.3.2/eclipse/arm-gcc-49/bin/../lib/gcc/arm-none-eabi/4.9.3/../../../../arm-none-eabi/lib/armv7e-m/softfp\libm.a
START GROUP
LOAD c:/davev4/dave-4.3.2/eclipse/arm-gcc-49/bin/../lib/gcc/arm-none-eabi/4.9.3/armv7e-m/softfp\libgcc.a
LOAD c:/davev4/dave-4.3.2/eclipse/arm-gcc-49/bin/../lib/gcc/arm-none-eabi/4.9.3/../../../../arm-none-eabi/lib/armv7e-m/softfp\libg_nano.a
LOAD c:/davev4/dave-4.3.2/eclipse/arm-gcc-49/bin/../lib/gcc/arm-none-eabi/4.9.3/../../../../arm-none-eabi/lib/armv7e-m/softfp\libc_nano.a
END GROUP
START GROUP
LOAD c:/davev4/dave-4.3.2/eclipse/arm-gcc-49/bin/../lib/gcc/arm-none-eabi/4.9.3/armv7e-m/softfp\libgcc.a
LOAD c:/davev4/dave-4.3.2/eclipse/arm-gcc-49/bin/../lib/gcc/arm-none-eabi/4.9.3/../../../../arm-none-eabi/lib/armv7e-m/softfp\libc_nano.a
LOAD c:/davev4/dave-4.3.2/eclipse/arm-gcc-49/bin/../lib/gcc/arm-none-eabi/4.9.3/../../../../arm-none-eabi/lib/armv7e-m/softfp\libnosys.a
END GROUP
START GROUP
LOAD c:/davev4/dave-4.3.2/eclipse/arm-gcc-49/bin/../lib/gcc/arm-none-eabi/4.9.3/armv7e-m/softfp\libgcc.a
LOAD c:/davev4/dave-4.3.2/eclipse/arm-gcc-49/bin/../lib/gcc/arm-none-eabi/4.9.3/../../../../arm-none-eabi/lib/armv7e-m/softfp\libc_nano.a
LOAD c:/davev4/dave-4.3.2/eclipse/arm-gcc-49/bin/../lib/gcc/arm-none-eabi/4.9.3/../../../../arm-none-eabi/lib/armv7e-m/softfp\libnosys.a
END GROUP
                0x00000800                stack_size = DEFINED (stack_size)?stack_size:0x800
                0x00000040                no_init_size = 0x40

.text           0x08000000     0x2d34 load address 0x0c000000
                0x08000000                sText = .
 *(.reset)
 .reset         0x08000000      0x2b4 ./Startup/startup_XMC4500.o
                0x08000000                __Vectors
                0x08000200                Reset_Handler
                0x080002b0                DSD0_7_IRQHandler
                0x080002b0                DebugMon_Handler
                0x080002b0                VADC0_C0_0_IRQHandler
                0x080002b0                CAN0_4_IRQHandler
                0x080002b0                VADC0_G2_0_IRQHandler
                0x080002b0                POSIF0_0_IRQHandler
                0x080002b0                POSIF1_0_IRQHandler
                0x080002b0                HardFault_Handler
                0x080002b0                VADC0_G1_1_IRQHandler
                0x080002b0                PendSV_Handler
                0x080002b0                NMI_Handler
                0x080002b0                USIC1_3_IRQHandler
                0x080002b0                CCU40_2_IRQHandler
                0x080002b0                SCU_0_IRQHandler
                0x080002b0                ERU0_0_IRQHandler
                0x080002b0                CCU41_0_IRQHandler
                0x080002b0                USIC1_5_IRQHandler
                0x080002b0                DSD0_4_IRQHandler
                0x080002b0                CCU80_1_IRQHandler
                0x080002b0                CCU81_0_IRQHandler
                0x080002b0                UsageFault_Handler
                0x080002b0                USIC0_0_IRQHandler
                0x080002b0                POSIF1_1_IRQHandler
                0x080002b0                ERU0_2_IRQHandler
                0x080002b0                CCU81_1_IRQHandler
                0x080002b0                ERU1_1_IRQHandler
                0x080002b0                VADC0_G2_3_IRQHandler
                0x080002b0                VADC0_G2_2_IRQHandler
                0x080002b0                CCU42_3_IRQHandler
                0x080002b0                ERU0_3_IRQHandler
                0x080002b0                DSD0_5_IRQHandler
                0x080002b0                VADC0_C0_3_IRQHandler
                0x080002b0                CAN0_6_IRQHandler
                0x080002b0                CCU43_0_IRQHandler
                0x080002b0                VADC0_G0_1_IRQHandler
                0x080002b0                CCU81_2_IRQHandler
                0x080002b0                USIC2_4_IRQHandler
                0x080002b0                CCU81_3_IRQHandler
                0x080002b0                CCU42_1_IRQHandler
                0x080002b0                USIC1_1_IRQHandler
                0x080002b0                USIC2_5_IRQHandler
                0x080002b0                CCU40_0_IRQHandler
                0x080002b0                CAN0_0_IRQHandler
                0x080002b0                ERU1_0_IRQHandler
                0x080002b0                CCU42_2_IRQHandler
                0x080002b0                Default_Handler
                0x080002b0                USIC1_4_IRQHandler
                0x080002b0                ERU1_3_IRQHandler
                0x080002b0                USIC1_0_IRQHandler
                0x080002b0                POSIF0_1_IRQHandler
                0x080002b0                VADC0_G0_0_IRQHandler
                0x080002b0                DSD0_2_IRQHandler
                0x080002b0                CCU80_3_IRQHandler
                0x080002b0                CCU41_3_IRQHandler
                0x080002b0                CCU80_2_IRQHandler
                0x080002b0                VADC0_G1_3_IRQHandler
                0x080002b0                VADC0_G0_3_IRQHandler
                0x080002b0                GPDMA0_0_IRQHandler
                0x080002b0                PMU0_0_IRQHandler
                0x080002b0                CAN0_7_IRQHandler
                0x080002b0                DSD0_1_IRQHandler
                0x080002b0                CCU41_2_IRQHandler
                0x080002b0                VADC0_C0_1_IRQHandler
                0x080002b0                CCU43_2_IRQHandler
                0x080002b0                USIC2_2_IRQHandler
                0x080002b0                MemManage_Handler
                0x080002b0                VADC0_G3_1_IRQHandler
                0x080002b0                DAC0_0_IRQHandler
                0x080002b0                SVC_Handler
                0x080002b0                VADC0_G3_3_IRQHandler
                0x080002b0                ERU1_2_IRQHandler
                0x080002b0                CCU41_1_IRQHandler
                0x080002b0                DSD0_6_IRQHandler
                0x080002b0                CCU43_1_IRQHandler
                0x080002b0                VADC0_G1_2_IRQHandler
                0x080002b0                USIC2_3_IRQHandler
                0x080002b0                CAN0_2_IRQHandler
                0x080002b0                USIC2_0_IRQHandler
                0x080002b0                VADC0_G0_2_IRQHandler
                0x080002b0                VADC0_G2_1_IRQHandler
                0x080002b0                CAN0_3_IRQHandler
                0x080002b0                ETH0_0_IRQHandler
                0x080002b0                DSD0_0_IRQHandler
                0x080002b0                VADC0_C0_2_IRQHandler
                0x080002b0                CCU42_0_IRQHandler
                0x080002b0                FCE0_0_IRQHandler
                0x080002b0                VADC0_G1_0_IRQHandler
                0x080002b0                USB0_0_IRQHandler
                0x080002b0                CAN0_5_IRQHandler
                0x080002b0                CCU80_0_IRQHandler
                0x080002b0                CCU40_1_IRQHandler
                0x080002b0                USIC2_1_IRQHandler
                0x080002b0                USIC0_1_IRQHandler
                0x080002b0                VADC0_G3_2_IRQHandler
                0x080002b0                CCU40_3_IRQHandler
                0x080002b0                BusFault_Handler
                0x080002b0                LEDTS0_0_IRQHandler
                0x080002b0                USIC0_4_IRQHandler
                0x080002b0                CCU43_3_IRQHandler
                0x080002b0                ERU0_1_IRQHandler
                0x080002b0                VADC0_G3_0_IRQHandler
                0x080002b0                USIC1_2_IRQHandler
                0x080002b0                DSD0_3_IRQHandler
                0x080002b0                SDMMC0_0_IRQHandler
                0x080002b0                CAN0_1_IRQHandler
                0x080002b0                USIC0_2_IRQHandler
                0x080002b0                DAC0_1_IRQHandler
                0x080002b0                GPDMA1_0_IRQHandler
 *(.text .text.* .gnu.linkonce.t.*)
 .text.SystemInit
                0x080002b4       0x20 ./Startup/system_XMC4500.o
                0x080002b4                SystemInit
 .text.SystemCoreClockUpdate
                0x080002d4       0xd4 ./Startup/system_XMC4500.o
                0x080002d4                SystemCoreClockUpdate
 .text.XMC_GPIO_Init
                0x080003a8      0x140 ./Libraries/XMCLib/src/xmc4_gpio.o
                0x080003a8                XMC_GPIO_Init
 .text.XMC_SCU_CLOCK_GetCpuClockFrequency
                0x080004e8       0x18 ./Libraries/XMCLib/src/xmc4_scu.o
 .text.XMC_SCU_lDelay
                0x08000500       0x44 ./Libraries/XMCLib/src/xmc4_scu.o
 .text.XMC_SCU_CLOCK_Init
                0x08000544       0xe0 ./Libraries/XMCLib/src/xmc4_scu.o
                0x08000544                XMC_SCU_CLOCK_Init
 .text.XMC_SCU_RESET_DeassertPeripheralReset
                0x08000624       0x38 ./Libraries/XMCLib/src/xmc4_scu.o
                0x08000624                XMC_SCU_RESET_DeassertPeripheralReset
 .text.XMC_SCU_CLOCK_GetPeripheralClockFrequency
                0x0800065c       0x20 ./Libraries/XMCLib/src/xmc4_scu.o
                0x0800065c                XMC_SCU_CLOCK_GetPeripheralClockFrequency
 .text.XMC_SCU_CLOCK_SetSystemClockSource
                0x0800067c       0x28 ./Libraries/XMCLib/src/xmc4_scu.o
                0x0800067c                XMC_SCU_CLOCK_SetSystemClockSource
 .text.XMC_SCU_CLOCK_SetUsbClockSource
                0x080006a4       0x28 ./Libraries/XMCLib/src/xmc4_scu.o
                0x080006a4                XMC_SCU_CLOCK_SetUsbClockSource
 .text.XMC_SCU_CLOCK_SetWdtClockSource
                0x080006cc       0x28 ./Libraries/XMCLib/src/xmc4_scu.o
                0x080006cc                XMC_SCU_CLOCK_SetWdtClockSource
 .text.XMC_SCU_CLOCK_SetSystemPllClockSource
                0x080006f4       0x40 ./Libraries/XMCLib/src/xmc4_scu.o
                0x080006f4                XMC_SCU_CLOCK_SetSystemPllClockSource
 .text.XMC_SCU_HIB_SetRtcClockSource
                0x08000734       0x3c ./Libraries/XMCLib/src/xmc4_scu.o
                0x08000734                XMC_SCU_HIB_SetRtcClockSource
 .text.XMC_SCU_HIB_SetStandbyClockSource
                0x08000770       0x3c ./Libraries/XMCLib/src/xmc4_scu.o
                0x08000770                XMC_SCU_HIB_SetStandbyClockSource
 .text.XMC_SCU_CLOCK_SetSystemClockDivider
                0x080007ac       0x28 ./Libraries/XMCLib/src/xmc4_scu.o
                0x080007ac                XMC_SCU_CLOCK_SetSystemClockDivider
 .text.XMC_SCU_CLOCK_SetCcuClockDivider
                0x080007d4       0x28 ./Libraries/XMCLib/src/xmc4_scu.o
                0x080007d4                XMC_SCU_CLOCK_SetCcuClockDivider
 .text.XMC_SCU_CLOCK_SetCpuClockDivider
                0x080007fc       0x28 ./Libraries/XMCLib/src/xmc4_scu.o
                0x080007fc                XMC_SCU_CLOCK_SetCpuClockDivider
 .text.XMC_SCU_CLOCK_SetPeripheralClockDivider
                0x08000824       0x28 ./Libraries/XMCLib/src/xmc4_scu.o
                0x08000824                XMC_SCU_CLOCK_SetPeripheralClockDivider
 .text.XMC_SCU_CLOCK_SetUsbClockDivider
                0x0800084c       0x28 ./Libraries/XMCLib/src/xmc4_scu.o
                0x0800084c                XMC_SCU_CLOCK_SetUsbClockDivider
 .text.XMC_SCU_CLOCK_SetEbuClockDivider
                0x08000874       0x28 ./Libraries/XMCLib/src/xmc4_scu.o
                0x08000874                XMC_SCU_CLOCK_SetEbuClockDivider
 .text.XMC_SCU_CLOCK_SetWdtClockDivider
                0x0800089c       0x28 ./Libraries/XMCLib/src/xmc4_scu.o
                0x0800089c                XMC_SCU_CLOCK_SetWdtClockDivider
 .text.XMC_SCU_CLOCK_StartUsbPll
                0x080008c4       0x74 ./Libraries/XMCLib/src/xmc4_scu.o
                0x080008c4                XMC_SCU_CLOCK_StartUsbPll
 .text.XMC_SCU_CLOCK_SetBackupClockCalibrationMode
                0x08000938       0x4c ./Libraries/XMCLib/src/xmc4_scu.o
                0x08000938                XMC_SCU_CLOCK_SetBackupClockCalibrationMode
 .text.XMC_SCU_HIB_EnableHibernateDomain
                0x08000984       0x58 ./Libraries/XMCLib/src/xmc4_scu.o
                0x08000984                XMC_SCU_HIB_EnableHibernateDomain
 .text.XMC_SCU_CLOCK_IsLowPowerOscillatorStable
                0x080009dc       0x24 ./Libraries/XMCLib/src/xmc4_scu.o
                0x080009dc                XMC_SCU_CLOCK_IsLowPowerOscillatorStable
 .text.XMC_SCU_CLOCK_EnableLowPowerOscillator
                0x08000a00       0x64 ./Libraries/XMCLib/src/xmc4_scu.o
                0x08000a00                XMC_SCU_CLOCK_EnableLowPowerOscillator
 .text.XMC_SCU_CLOCK_EnableHighPerformanceOscillator
                0x08000a64       0x50 ./Libraries/XMCLib/src/xmc4_scu.o
                0x08000a64                XMC_SCU_CLOCK_EnableHighPerformanceOscillator
 .text.XMC_SCU_CLOCK_IsHighPerformanceOscillatorStable
                0x08000ab4       0x28 ./Libraries/XMCLib/src/xmc4_scu.o
                0x08000ab4                XMC_SCU_CLOCK_IsHighPerformanceOscillatorStable
 .text.XMC_SCU_CLOCK_EnableSystemPll
                0x08000adc       0x20 ./Libraries/XMCLib/src/xmc4_scu.o
                0x08000adc                XMC_SCU_CLOCK_EnableSystemPll
 .text.XMC_SCU_CLOCK_DisableSystemPll
                0x08000afc       0x20 ./Libraries/XMCLib/src/xmc4_scu.o
                0x08000afc                XMC_SCU_CLOCK_DisableSystemPll
 .text.XMC_SCU_CLOCK_StartSystemPll
                0x08000b1c      0x174 ./Libraries/XMCLib/src/xmc4_scu.o
                0x08000b1c                XMC_SCU_CLOCK_StartSystemPll
 .text.XMC_SCU_CLOCK_StepSystemPllFrequency
                0x08000c90       0x2c ./Libraries/XMCLib/src/xmc4_scu.o
                0x08000c90                XMC_SCU_CLOCK_StepSystemPllFrequency
 .text.XMC_GPIO_SetHardwareControl
                0x08000cbc       0x44 ./Libraries/XMCLib/src/xmc_gpio.o
                0x08000cbc                XMC_GPIO_SetHardwareControl
 .text.XMC_USIC_CH_GetTransmitBufferStatus
                0x08000d00       0x20 ./Libraries/XMCLib/src/xmc_uart.o
 .text.XMC_UART_CH_ClearStatusFlag
                0x08000d20       0x1c ./Libraries/XMCLib/src/xmc_uart.o
 .text.XMC_UART_CH_Init
                0x08000d3c       0xac ./Libraries/XMCLib/src/xmc_uart.o
                0x08000d3c                XMC_UART_CH_Init
 .text.XMC_UART_CH_Transmit
                0x08000de8       0x4c ./Libraries/XMCLib/src/xmc_uart.o
                0x08000de8                XMC_UART_CH_Transmit
 .text.XMC_UART_CH_GetReceivedData
                0x08000e34       0x34 ./Libraries/XMCLib/src/xmc_uart.o
                0x08000e34                XMC_UART_CH_GetReceivedData
 .text.XMC_USIC_CH_Enable
                0x08000e68       0x98 ./Libraries/XMCLib/src/xmc_usic.o
                0x08000e68                XMC_USIC_CH_Enable
 .text.XMC_USIC_CH_SetBaudrate
                0x08000f00       0xe0 ./Libraries/XMCLib/src/xmc_usic.o
                0x08000f00                XMC_USIC_CH_SetBaudrate
 .text.XMC_USIC_CH_TXFIFO_Configure
                0x08000fe0       0x50 ./Libraries/XMCLib/src/xmc_usic.o
                0x08000fe0                XMC_USIC_CH_TXFIFO_Configure
 .text.XMC_USIC_CH_RXFIFO_Configure
                0x08001030       0x54 ./Libraries/XMCLib/src/xmc_usic.o
                0x08001030                XMC_USIC_CH_RXFIFO_Configure
 .text.XMC_USIC_CH_RXFIFO_SetSizeTriggerLimit
                0x08001084       0x44 ./Libraries/XMCLib/src/xmc_usic.o
                0x08001084                XMC_USIC_CH_RXFIFO_SetSizeTriggerLimit
 .text.XMC_USIC_CH_SetInterruptNodePointer
                0x080010c8       0x38 ./Libraries/XMCLib/src/xmc_usic.o
                0x080010c8                XMC_USIC_CH_SetInterruptNodePointer
 .text.XMC_USIC_CH_TXFIFO_SetInterruptNodePointer
                0x08001100       0x3c ./Libraries/XMCLib/src/xmc_usic.o
                0x08001100                XMC_USIC_CH_TXFIFO_SetInterruptNodePointer
 .text.XMC_USIC_CH_RXFIFO_SetInterruptNodePointer
                0x0800113c       0x3c ./Libraries/XMCLib/src/xmc_usic.o
                0x0800113c                XMC_USIC_CH_RXFIFO_SetInterruptNodePointer
 .text.XMC_USIC_Enable
                0x08001178       0x54 ./Libraries/XMCLib/src/xmc_usic.o
                0x08001178                XMC_USIC_Enable
 .text.XMC_VADC_GROUP_ExternalMuxControlInit
                0x080011cc       0x6c ./Libraries/XMCLib/src/xmc_vadc.o
 .text.XMC_VADC_GROUP_BackgroundEnableArbitrationSlot
                0x08001238       0x24 ./Libraries/XMCLib/src/xmc_vadc.o
 .text.XMC_VADC_GROUP_BackgroundDisableArbitrationSlot
                0x0800125c       0x24 ./Libraries/XMCLib/src/xmc_vadc.o
 .text.XMC_VADC_GLOBAL_EnableModule
                0x08001280        0xc ./Libraries/XMCLib/src/xmc_vadc.o
                0x08001280                XMC_VADC_GLOBAL_EnableModule
 .text.XMC_VADC_GLOBAL_Init
                0x0800128c       0x54 ./Libraries/XMCLib/src/xmc_vadc.o
                0x0800128c                XMC_VADC_GLOBAL_Init
 .text.XMC_VADC_GLOBAL_InputClassInit
                0x080012e0       0x48 ./Libraries/XMCLib/src/xmc_vadc.o
                0x080012e0                XMC_VADC_GLOBAL_InputClassInit
 .text.XMC_VADC_GLOBAL_StartupCalibration
                0x08001328       0x60 ./Libraries/XMCLib/src/xmc_vadc.o
                0x08001328                XMC_VADC_GLOBAL_StartupCalibration
 .text.XMC_VADC_GLOBAL_BackgroundSetReqSrcEventInterruptNode
                0x08001388       0x48 ./Libraries/XMCLib/src/xmc_vadc.o
                0x08001388                XMC_VADC_GLOBAL_BackgroundSetReqSrcEventInterruptNode
 .text.XMC_VADC_GROUP_Init
                0x080013d0       0x68 ./Libraries/XMCLib/src/xmc_vadc.o
                0x080013d0                XMC_VADC_GROUP_Init
 .text.XMC_VADC_GROUP_InputClassInit
                0x08001438       0xb8 ./Libraries/XMCLib/src/xmc_vadc.o
                0x08001438                XMC_VADC_GROUP_InputClassInit
 .text.XMC_VADC_GROUP_SetPowerMode
                0x080014f0       0x38 ./Libraries/XMCLib/src/xmc_vadc.o
                0x080014f0                XMC_VADC_GROUP_SetPowerMode
 .text.XMC_VADC_GLOBAL_BackgroundInit
                0x08001528       0xfc ./Libraries/XMCLib/src/xmc_vadc.o
                0x08001528                XMC_VADC_GLOBAL_BackgroundInit
 .text.XMC_VADC_GROUP_ChannelInit
                0x08001624       0xc8 ./Libraries/XMCLib/src/xmc_vadc.o
                0x08001624                XMC_VADC_GROUP_ChannelInit
 .text._init    0x080016ec        0xc ./Libraries/Newlib/syscalls.o
                0x080016ec                _init
 .text.XMC_USIC_CH_EnableEvent
                0x080016f8       0x20 ./Dave/Generated/UART/uart.o
 .text.XMC_USIC_CH_DisableEvent
                0x08001718       0x24 ./Dave/Generated/UART/uart.o
 .text.XMC_USIC_CH_GetTransmitBufferStatus
                0x0800173c       0x20 ./Dave/Generated/UART/uart.o
 .text.XMC_USIC_CH_TriggerServiceRequest
                0x0800175c       0x20 ./Dave/Generated/UART/uart.o
 .text.XMC_USIC_CH_TXFIFO_EnableEvent
                0x0800177c       0x24 ./Dave/Generated/UART/uart.o
 .text.XMC_USIC_CH_TXFIFO_DisableEvent
                0x080017a0       0x28 ./Dave/Generated/UART/uart.o
 .text.XMC_USIC_CH_TXFIFO_Flush
                0x080017c8       0x1c ./Dave/Generated/UART/uart.o
 .text.XMC_USIC_CH_TXFIFO_IsFull
                0x080017e4       0x28 ./Dave/Generated/UART/uart.o
 .text.XMC_USIC_CH_TXFIFO_IsEmpty
                0x0800180c       0x28 ./Dave/Generated/UART/uart.o
 .text.XMC_USIC_CH_RXFIFO_DisableEvent
                0x08001834       0x28 ./Dave/Generated/UART/uart.o
 .text.XMC_USIC_CH_RXFIFO_IsEmpty
                0x0800185c       0x28 ./Dave/Generated/UART/uart.o
 .text.UART_Init
                0x08001884       0x24 ./Dave/Generated/UART/uart.o
                0x08001884                UART_Init
 .text.UART_Transmit
                0x080018a8       0x38 ./Dave/Generated/UART/uart.o
                0x080018a8                UART_Transmit
 .text.UART_StartTransmitIRQ
                0x080018e0       0xb8 ./Dave/Generated/UART/uart.o
                0x080018e0                UART_StartTransmitIRQ
 .text.UART_lTransmitHandler
                0x08001998      0x10c ./Dave/Generated/UART/uart.o
                0x08001998                UART_lTransmitHandler
 .text.UART_lReceiveHandler
                0x08001aa4      0x120 ./Dave/Generated/UART/uart.o
                0x08001aa4                UART_lReceiveHandler
 .text.UART_lReconfigureRxFIFO
                0x08001bc4       0x50 ./Dave/Generated/UART/uart.o
 .text.NVIC_GetPriorityGrouping
                0x08001c14       0x1c ./Dave/Generated/UART/uart_conf.o
 .text.NVIC_EnableIRQ
                0x08001c30       0x30 ./Dave/Generated/UART/uart_conf.o
 .text.NVIC_SetPriority
                0x08001c60       0x54 ./Dave/Generated/UART/uart_conf.o
 .text.NVIC_EncodePriority
                0x08001cb4       0x64 ./Dave/Generated/UART/uart_conf.o
 .text.XMC_USIC_CH_SetInputSource
                0x08001d18       0x3c ./Dave/Generated/UART/uart_conf.o
 .text.XMC_UART_CH_Start
                0x08001d54       0x24 ./Dave/Generated/UART/uart_conf.o
 .text.UART_0_init
                0x08001d78       0xd4 ./Dave/Generated/UART/uart_conf.o
                0x08001d78                UART_0_init
 .text.USIC0_3_IRQHandler
                0x08001e4c       0x10 ./Dave/Generated/UART/uart_conf.o
                0x08001e4c                USIC0_3_IRQHandler
 .text.USIC0_5_IRQHandler
                0x08001e5c       0x10 ./Dave/Generated/UART/uart_conf.o
                0x08001e5c                USIC0_5_IRQHandler
 .text.NVIC_GetPriorityGrouping
                0x08001e6c       0x1c ./Dave/Generated/SYSTIMER/systimer.o
 .text.NVIC_SetPriority
                0x08001e88       0x54 ./Dave/Generated/SYSTIMER/systimer.o
 .text.NVIC_EncodePriority
                0x08001edc       0x64 ./Dave/Generated/SYSTIMER/systimer.o
 .text.SysTick_Config
                0x08001f40       0x44 ./Dave/Generated/SYSTIMER/systimer.o
 .text.SYSTIMER_lInsertTimerList
                0x08001f84      0x1c4 ./Dave/Generated/SYSTIMER/systimer.o
 .text.SYSTIMER_lRemoveTimerList
                0x08002148       0xc0 ./Dave/Generated/SYSTIMER/systimer.o
 .text.SYSTIMER_lTimerHandler
                0x08002208       0xcc ./Dave/Generated/SYSTIMER/systimer.o
 .text.SysTick_Handler
                0x080022d4       0x48 ./Dave/Generated/SYSTIMER/systimer.o
                0x080022d4                SysTick_Handler
 .text.SYSTIMER_Init
                0x0800231c       0x74 ./Dave/Generated/SYSTIMER/systimer.o
                0x0800231c                SYSTIMER_Init
 .text.SYSTIMER_CreateTimer
                0x08002390      0x13c ./Dave/Generated/SYSTIMER/systimer.o
                0x08002390                SYSTIMER_CreateTimer
 .text.SYSTIMER_StartTimer
                0x080024cc       0x80 ./Dave/Generated/SYSTIMER/systimer.o
                0x080024cc                SYSTIMER_StartTimer
 .text.XMC_VADC_GLOBAL_DisablePostCalibration
                0x0800254c       0x2c ./Dave/Generated/GLOBAL_ADC/global_adc.o
 .text.GLOBAL_ADC_Init
                0x08002578       0xb0 ./Dave/Generated/GLOBAL_ADC/global_adc.o
                0x08002578                GLOBAL_ADC_Init
 .text.DIGITAL_IO_Init
                0x08002628       0x40 ./Dave/Generated/DIGITAL_IO/digital_io.o
                0x08002628                DIGITAL_IO_Init
 .text.NVIC_SetPriorityGrouping
                0x08002668       0x48 ./Dave/Generated/CPU_CTRL_XMC4/cpu_ctrl_xmc4_conf.o
 .text.SystemCoreSetup
                0x080026b0       0xa0 ./Dave/Generated/CPU_CTRL_XMC4/cpu_ctrl_xmc4_conf.o
                0x080026b0                SystemCoreSetup
 .text.CLOCK_XMC4_Init
                0x08002750       0x20 ./Dave/Generated/CLOCK_XMC4/clock_xmc4.o
                0x08002750                CLOCK_XMC4_Init
 .text.OSCHP_GetFrequency
                0x08002770       0x14 ./Dave/Generated/CLOCK_XMC4/clock_xmc4.o
                0x08002770                OSCHP_GetFrequency
 .text.SystemCoreClockSetup
                0x08002784       0x54 ./Dave/Generated/CLOCK_XMC4/clock_xmc4_conf.o
                0x08002784                SystemCoreClockSetup
 .text.NVIC_GetPriorityGrouping
                0x080027d8       0x1c ./Dave/Generated/ADC_MEASUREMENT/adc_measurement.o
 .text.NVIC_EnableIRQ
                0x080027f4       0x30 ./Dave/Generated/ADC_MEASUREMENT/adc_measurement.o
 .text.NVIC_SetPriority
                0x08002824       0x54 ./Dave/Generated/ADC_MEASUREMENT/adc_measurement.o
 .text.NVIC_EncodePriority
                0x08002878       0x64 ./Dave/Generated/ADC_MEASUREMENT/adc_measurement.o
 .text.XMC_VADC_GLOBAL_BackgroundTriggerConversion
                0x080028dc       0x24 ./Dave/Generated/ADC_MEASUREMENT/adc_measurement.o
 .text.XMC_VADC_GLOBAL_BackgroundAddChannelToSequence
                0x08002900       0x38 ./Dave/Generated/ADC_MEASUREMENT/adc_measurement.o
 .text.XMC_VADC_GROUP_ResultInit
                0x08002938       0x24 ./Dave/Generated/ADC_MEASUREMENT/adc_measurement.o
 .text.ADC_MEASUREMENT_Init
                0x0800295c      0x150 ./Dave/Generated/ADC_MEASUREMENT/adc_measurement.o
                0x0800295c                ADC_MEASUREMENT_Init
 .text.DAVE_Init
                0x08002aac       0x88 ./Dave/Generated/DAVE.o
                0x08002aac                DAVE_Init
 .text.CB_Timer_20ms
                0x08002b34       0x28 ./main.o
                0x08002b34                CB_Timer_20ms
 .text.main     0x08002b5c       0x5c ./main.o
                0x08002b5c                main
 .text.__libc_init_array
                0x08002bb8       0x4c c:/davev4/dave-4.3.2/eclipse/arm-gcc-49/bin/../lib/gcc/arm-none-eabi/4.9.3/../../../../arm-none-eabi/lib/armv7e-m/softfp\libg_nano.a(lib_a-init.o)
                0x08002bb8                __libc_init_array
 *(.init)
 *(.fini)
 *crtbegin.o(.ctors)
 *crtbegin?.o(.ctors)
 *(EXCLUDE_FILE(*crtend.o *crtend?.o) .ctors)
 *(SORT(.ctors.*))
 *(.ctors)
 *crtbegin.o(.dtors)
 *crtbegin?.o(.dtors)
 *(EXCLUDE_FILE(*crtend.o *crtend?.o) .dtors)
 *(SORT(.dtors.*))
 *(.dtors)
 *(.rodata .rodata.*)
 .rodata.g_xmc_vadc_group_array
                0x08002c04       0x10 ./Libraries/XMCLib/src/xmc_vadc.o
 .rodata.UART_0_channel_config
                0x08002c14        0xc ./Dave/Generated/UART/uart_conf.o
                0x08002c14                UART_0_channel_config
 .rodata.UART_0_tx_pin_config
                0x08002c20        0xc ./Dave/Generated/UART/uart_conf.o
                0x08002c20                UART_0_tx_pin_config
 .rodata.UART_0_tx_pin
                0x08002c2c        0xc ./Dave/Generated/UART/uart_conf.o
                0x08002c2c                UART_0_tx_pin
 .rodata.UART_0_config
                0x08002c38       0x30 ./Dave/Generated/UART/uart_conf.o
                0x08002c38                UART_0_config
 .rodata.UART_0_rx_pin_config
                0x08002c68        0xc ./Dave/Generated/UART/uart_conf.o
                0x08002c68                UART_0_rx_pin_config
 .rodata.group_init_handle0
                0x08002c74       0x14 ./Dave/Generated/GLOBAL_ADC/global_adc_conf.o
                0x08002c74                group_init_handle0
 .rodata.group_init_handle1
                0x08002c88       0x14 ./Dave/Generated/GLOBAL_ADC/global_adc_conf.o
                0x08002c88                group_init_handle1
 .rodata.group_init_handle2
                0x08002c9c       0x14 ./Dave/Generated/GLOBAL_ADC/global_adc_conf.o
                0x08002c9c                group_init_handle2
 .rodata.group_init_handle3
                0x08002cb0       0x14 ./Dave/Generated/GLOBAL_ADC/global_adc_conf.o
                0x08002cb0                group_init_handle3
 .rodata.global_config
                0x08002cc4       0x18 ./Dave/Generated/GLOBAL_ADC/global_adc_conf.o
                0x08002cc4                global_config
 .rodata.dhDIGITAL_OUT_0
                0x08002cdc       0x14 ./Dave/Generated/DIGITAL_IO/digital_io_conf.o
                0x08002cdc                dhDIGITAL_OUT_0
 .rodata.dhDIGITAL_IN_0
                0x08002cf0       0x14 ./Dave/Generated/DIGITAL_IO/digital_io_conf.o
                0x08002cf0                dhDIGITAL_IN_0
 .rodata        0x08002d04       0x14 ./Dave/Generated/CLOCK_XMC4/clock_xmc4_conf.o
 .rodata.global_iclass_config
                0x08002d18        0x4 ./Dave/Generated/ADC_MEASUREMENT/adc_measurement_conf.o
                0x08002d18                global_iclass_config
 .rodata.backgnd_rs_intr_handle
                0x08002d1c        0xc ./Dave/Generated/ADC_MEASUREMENT/adc_measurement_conf.o
                0x08002d1c                backgnd_rs_intr_handle
 .rodata.backgnd_config
                0x08002d28        0xc ./Dave/Generated/ADC_MEASUREMENT/adc_measurement_conf.o
                0x08002d28                backgnd_config
 *(.gnu.linkonce.r*)
                0x08002d34                . = ALIGN (0x4)

.glue_7         0x08002d34        0x0 load address 0x0c002d34
 .glue_7        0x00000000        0x0 linker stubs

.glue_7t        0x08002d34        0x0 load address 0x0c002d34
 .glue_7t       0x00000000        0x0 linker stubs

.vfp11_veneer   0x08002d34        0x0 load address 0x0c002d34
 .vfp11_veneer  0x00000000        0x0 linker stubs

.v4_bx          0x08002d34        0x0 load address 0x0c002d34
 .v4_bx         0x00000000        0x0 linker stubs

.iplt           0x08002d34        0x0 load address 0x0c002d34
 .iplt          0x00000000        0x0 ./Startup/startup_XMC4500.o

.rel.dyn        0x08002d34        0x0 load address 0x0c002d34
 .rel.iplt      0x00000000        0x0 ./Startup/startup_XMC4500.o

.ARM.extab
 *(.ARM.extab* .gnu.linkonce.armextab.*)
                0x08002d34                __exidx_start = .

.ARM.exidx
 *(.ARM.exidx* .gnu.linkonce.armexidx.*)
                0x08002d34                __exidx_end = .

Stack           0x10000000      0x800
                0x10000000                __stack_start = .
                0x10000800                . = (. + stack_size)
 *fill*         0x10000000      0x800 
                0x10000800                __stack_end = .
                0x10000800                __initial_sp = .

.ram_code       0x10000800        0x0 load address 0x0c002d34
                0x10000800                . = ALIGN (0x4)
                0x10000800                __ram_code_start = .
 *(.ram_code)
                0x10000800                . = ALIGN (0x4)
                0x10000800                __ram_code_end = .
                0x0c002d34                __ram_code_load = LOADADDR (.ram_code)
                0x00000000                __ram_code_size = (__ram_code_end - __ram_code_start)

PSRAM_DATA      0x10000800        0x0 load address 0x0c002d34
                0x10000800                . = ALIGN (0x4)
                0x10000800                __data3_start = .
 *(PSRAM_DATA)
                0x10000800                . = ALIGN (0x4)
                0x10000800                __data3_end = .
                0x0c002d34                __data3_load = LOADADDR (PSRAM_DATA)
                0x00000000                __data3_size = (__data3_end - __data3_start)

PSRAM_BSS       0x10000800        0x0 load address 0x0c002d34
                0x10000800                . = ALIGN (0x4)
                0x10000800                __bss3_start = .
 *(PSRAM_BSS)
                0x10000800                . = ALIGN (0x4)
                0x10000800                __bss3_end = .
                0x10000800                . = ALIGN (0x8)
                0x10000800                Heap_Bank3_Start = .
                0x00000000                __bss3_size = (__bss3_end - __bss3_start)

.data           0x20000000       0xa8 load address 0x0c002d34
                0x20000000                . = ALIGN (0x4)
                0x20000000                __data_start = .
 *(.data)
 *(.data*)
 .data.UART_0   0x20000000        0xc ./Dave/Generated/UART/uart_conf.o
                0x20000000                UART_0
 .data.group_0_config
                0x2000000c        0xc ./Dave/Generated/GLOBAL_ADC/global_adc_conf.o
                0x2000000c                group_0_config
 .data.group_1_config
                0x20000018        0xc ./Dave/Generated/GLOBAL_ADC/global_adc_conf.o
                0x20000018                group_1_config
 .data.group_2_config
                0x20000024        0xc ./Dave/Generated/GLOBAL_ADC/global_adc_conf.o
                0x20000024                group_2_config
 .data.group_3_config
                0x20000030        0xc ./Dave/Generated/GLOBAL_ADC/global_adc_conf.o
                0x20000030                group_3_config
 .data.GLOBAL_ADC_0
                0x2000003c       0x1c ./Dave/Generated/GLOBAL_ADC/global_adc_conf.o
                0x2000003c                GLOBAL_ADC_0
 .data.Channel_A_ch_config
                0x20000058        0xc ./Dave/Generated/ADC_MEASUREMENT/adc_measurement_conf.o
                0x20000058                Channel_A_ch_config
 .data.ADC_MEASUREMENT_Channel_A_handle
                0x20000064       0x10 ./Dave/Generated/ADC_MEASUREMENT/adc_measurement_conf.o
                0x20000064                ADC_MEASUREMENT_Channel_A_handle
 .data.ADC_MEASUREMENT_channel_array
                0x20000074        0x4 ./Dave/Generated/ADC_MEASUREMENT/adc_measurement_conf.o
                0x20000074                ADC_MEASUREMENT_channel_array
 .data.dhADC_MEASUREMENT_0
                0x20000078       0x1c ./Dave/Generated/ADC_MEASUREMENT/adc_measurement_conf.o
                0x20000078                dhADC_MEASUREMENT_0
 .data.read_data
                0x20000094        0x4 ./main.o
                0x20000094                read_data
 .data.send_data
                0x20000098       0x10 ./main.o
                0x20000098                send_data
 *(*.data)
 *(.gnu.linkonce.d*)
                0x200000a8                . = ALIGN (0x4)
                0x200000a8                PROVIDE (__preinit_array_start, .)
 *(.preinit_array)
                0x200000a8                PROVIDE (__preinit_array_end, .)
                0x200000a8                . = ALIGN (0x4)
                0x200000a8                PROVIDE (__init_array_start, .)
 *(SORT(.init_array.*))
 *(.init_array)
                0x200000a8                PROVIDE (__init_array_end, .)
                0x200000a8                . = ALIGN (0x4)
                0x200000a8                PROVIDE (__fini_array_start, .)
 *(SORT(.fini_array.*))
 *(.fini_array)
                0x200000a8                PROVIDE (__fini_array_end, .)
                0x200000a8                . = ALIGN (0x4)
                0x200000a8                __data_end = .
                0x0c002d34                __data_load = LOADADDR (.data)
                0x000000a8                __data_size = (__data_end - __data_start)

.igot.plt       0x200000a8        0x0 load address 0x0c002ddc
 .igot.plt      0x00000000        0x0 ./Startup/startup_XMC4500.o

.bss            0x200000a8      0x160 load address 0x0c002ddc
                0x200000a8                . = ALIGN (0x4)
                0x200000a8                __bss_start = .
 *(.bss)
 *(.bss*)
 .bss.UART_0_runtime
                0x200000a8       0x1c ./Dave/Generated/UART/uart_conf.o
                0x200000a8                UART_0_runtime
 .bss.g_timer_list
                0x200000c4        0x4 ./Dave/Generated/SYSTIMER/systimer.o
                0x200000c4                g_timer_list
 .bss.g_timer_tracker
                0x200000c8        0x4 ./Dave/Generated/SYSTIMER/systimer.o
                0x200000c8                g_timer_tracker
 .bss.g_systick_count
                0x200000cc        0x4 ./Dave/Generated/SYSTIMER/systimer.o
                0x200000cc                g_systick_count
 .bss.dhSYSTIMER_0
                0x200000d0        0x4 ./Dave/Generated/SYSTIMER/systimer_conf.o
                0x200000d0                dhSYSTIMER_0
 .bss.CLOCK_XMC4_0
                0x200000d4        0x4 ./Dave/Generated/CLOCK_XMC4/clock_xmc4_conf.o
                0x200000d4                CLOCK_XMC4_0
 .bss.Channel_A_res_config
                0x200000d8        0x4 ./Dave/Generated/ADC_MEASUREMENT/adc_measurement_conf.o
                0x200000d8                Channel_A_res_config
 .bss.flag      0x200000dc        0x1 ./main.o
                0x200000dc                flag
 *(COMMON)
 *fill*         0x200000dd        0x3 
 COMMON         0x200000e0      0x120 ./Dave/Generated/SYSTIMER/systimer.o
                0x200000e0                g_timer_tbl
 COMMON         0x20000200        0x4 ./main.o
                0x20000200                Timer_20ms_Id
 *(.gnu.linkonce.b*)
                0x20000204                . = ALIGN (0x4)
                0x20000204                __bss_end = .
                0x20000208                . = ALIGN (0x8)
 *fill*         0x20000204        0x4 
                0x20000208                Heap_Bank1_Start = .
                0x0000015c                __bss_size = (__bss_end - __bss_start)

.no_init        0x2000ffc0       0x14
                0x2000ffc0                Heap_Bank1_End = .
 *(.no_init)
 .no_init       0x2000ffc0       0x14 ./Startup/system_XMC4500.o
                0x2000ffc0                SystemCoreClock
                0x2000ffc4                g_chipid

DSRAM2_DATA     0x30000000        0x0 load address 0x0c002ddc
                0x30000000                . = ALIGN (0x4)
                0x30000000                __data2_start = .
 *(DSRAM2_DATA)
                0x30000000                . = ALIGN (0x4)
                0x30000000                __data2_end = .
                0x0c002ddc                __data2_load = LOADADDR (DSRAM2_DATA)
                0x00000000                __data2_size = (__data2_end - __data2_start)

DSRAM2_BSS      0x30000000        0x0 load address 0x0c002ddc
                0x30000000                . = ALIGN (0x4)
                0x30000000                __bss2_start = .
 *(ETH_RAM)
 *(USB_RAM)
 *(DSRAM2_BSS)
                0x30000000                . = ALIGN (0x4)
                0x30000000                __bss2_end = .
                0x30000000                . = ALIGN (0x8)
                0x30000000                Heap_Bank2_Start = .
                0x00000000                __bss2_size = (__bss2_end - __bss2_start)
                0x0000fdb8                Heap_Bank1_Size = (Heap_Bank1_End - Heap_Bank1_Start)
                0x00008000                Heap_Bank2_Size = (0x8000 - (Heap_Bank2_Start - ORIGIN (DSRAM_2_comm)))
                0x0000f800                Heap_Bank3_Size = (0x10000 - (Heap_Bank3_Start - ORIGIN (PSRAM_1)))
                0x00000001                ASSERT ((Heap_Bank1_Start <= Heap_Bank1_End), region SRAM_combined overflowed no_init section)

/DISCARD/
 *(.comment)

.stab
 *(.stab)

.stabstr
 *(.stabstr)

.debug
 *(.debug)

.line
 *(.line)

.debug_srcinfo
 *(.debug_srcinfo)

.debug_sfnames
 *(.debug_sfnames)

.debug_aranges  0x00000000      0xc28
 *(.debug_aranges)
 .debug_aranges
                0x00000000       0x20 ./Startup/startup_XMC4500.o
 .debug_aranges
                0x00000020       0x48 ./Startup/system_XMC4500.o
 .debug_aranges
                0x00000068       0x28 ./Libraries/XMCLib/src/xmc4_gpio.o
 .debug_aranges
                0x00000090      0x3c0 ./Libraries/XMCLib/src/xmc4_scu.o
 .debug_aranges
                0x00000450       0x28 ./Libraries/XMCLib/src/xmc_gpio.o
 .debug_aranges
                0x00000478       0x70 ./Libraries/XMCLib/src/xmc_uart.o
 .debug_aranges
                0x000004e8       0x90 ./Libraries/XMCLib/src/xmc_usic.o
 .debug_aranges
                0x00000578      0x280 ./Libraries/XMCLib/src/xmc_vadc.o
 .debug_aranges
                0x000007f8       0x28 ./Libraries/Newlib/syscalls.o
 .debug_aranges
                0x00000820       0xf8 ./Dave/Generated/UART/uart.o
 .debug_aranges
                0x00000918       0x60 ./Dave/Generated/UART/uart_conf.o
 .debug_aranges
                0x00000978       0xa8 ./Dave/Generated/SYSTIMER/systimer.o
 .debug_aranges
                0x00000a20       0x18 ./Dave/Generated/SYSTIMER/systimer_conf.o
 .debug_aranges
                0x00000a38       0x30 ./Dave/Generated/GLOBAL_ADC/global_adc.o
 .debug_aranges
                0x00000a68       0x18 ./Dave/Generated/GLOBAL_ADC/global_adc_conf.o
 .debug_aranges
                0x00000a80       0x28 ./Dave/Generated/DIGITAL_IO/digital_io.o
 .debug_aranges
                0x00000aa8       0x18 ./Dave/Generated/DIGITAL_IO/digital_io_conf.o
 .debug_aranges
                0x00000ac0       0x28 ./Dave/Generated/CPU_CTRL_XMC4/cpu_ctrl_xmc4_conf.o
 .debug_aranges
                0x00000ae8       0x38 ./Dave/Generated/CLOCK_XMC4/clock_xmc4.o
 .debug_aranges
                0x00000b20       0x20 ./Dave/Generated/CLOCK_XMC4/clock_xmc4_conf.o
 .debug_aranges
                0x00000b40       0x88 ./Dave/Generated/ADC_MEASUREMENT/adc_measurement.o
 .debug_aranges
                0x00000bc8       0x18 ./Dave/Generated/ADC_MEASUREMENT/adc_measurement_conf.o
 .debug_aranges
                0x00000be0       0x20 ./Dave/Generated/DAVE.o
 .debug_aranges
                0x00000c00       0x28 ./main.o

.debug_pubnames
 *(.debug_pubnames)

.debug_pubtypes
 *(.debug_pubtypes)

.debug_info     0x00000000    0x13f34
 *(.debug_info .gnu.linkonce.wi.*)
 .debug_info    0x00000000       0x86 ./Startup/startup_XMC4500.o
 .debug_info    0x00000086      0x8d1 ./Startup/system_XMC4500.o
 .debug_info    0x00000957      0x422 ./Libraries/XMCLib/src/xmc4_gpio.o
 .debug_info    0x00000d79     0x20c3 ./Libraries/XMCLib/src/xmc4_scu.o
 .debug_info    0x00002e3c      0x39d ./Libraries/XMCLib/src/xmc_gpio.o
 .debug_info    0x000031d9      0x88c ./Libraries/XMCLib/src/xmc_uart.o
 .debug_info    0x00003a65      0xb5d ./Libraries/XMCLib/src/xmc_usic.o
 .debug_info    0x000045c2     0x2e68 ./Libraries/XMCLib/src/xmc_vadc.o
 .debug_info    0x0000742a      0x11f ./Libraries/Newlib/syscalls.o
 .debug_info    0x00007549     0x14c6 ./Dave/Generated/UART/uart.o
 .debug_info    0x00008a0f     0x136d ./Dave/Generated/UART/uart_conf.o
 .debug_info    0x00009d7c      0xd6b ./Dave/Generated/SYSTIMER/systimer.o
 .debug_info    0x0000aae7       0xda ./Dave/Generated/SYSTIMER/systimer_conf.o
 .debug_info    0x0000abc1      0xfae ./Dave/Generated/GLOBAL_ADC/global_adc.o
 .debug_info    0x0000bb6f      0xfb0 ./Dave/Generated/GLOBAL_ADC/global_adc_conf.o
 .debug_info    0x0000cb1f      0x4dc ./Dave/Generated/DIGITAL_IO/digital_io.o
 .debug_info    0x0000cffb      0x429 ./Dave/Generated/DIGITAL_IO/digital_io_conf.o
 .debug_info    0x0000d424      0x475 ./Dave/Generated/CPU_CTRL_XMC4/cpu_ctrl_xmc4_conf.o
 .debug_info    0x0000d899      0x224 ./Dave/Generated/CLOCK_XMC4/clock_xmc4.o
 .debug_info    0x0000dabd      0x385 ./Dave/Generated/CLOCK_XMC4/clock_xmc4_conf.o
 .debug_info    0x0000de42     0x1e02 ./Dave/Generated/ADC_MEASUREMENT/adc_measurement.o
 .debug_info    0x0000fc44     0x1789 ./Dave/Generated/ADC_MEASUREMENT/adc_measurement_conf.o
 .debug_info    0x000113cd     0x1f36 ./Dave/Generated/DAVE.o
 .debug_info    0x00013303      0xc31 ./main.o

.debug_abbrev   0x00000000     0x25f3
 *(.debug_abbrev)
 .debug_abbrev  0x00000000       0x14 ./Startup/startup_XMC4500.o
 .debug_abbrev  0x00000014      0x1a1 ./Startup/system_XMC4500.o
 .debug_abbrev  0x000001b5      0x11b ./Libraries/XMCLib/src/xmc4_gpio.o
 .debug_abbrev  0x000002d0      0x2a7 ./Libraries/XMCLib/src/xmc4_scu.o
 .debug_abbrev  0x00000577      0x10c ./Libraries/XMCLib/src/xmc_gpio.o
 .debug_abbrev  0x00000683      0x1fe ./Libraries/XMCLib/src/xmc_uart.o
 .debug_abbrev  0x00000881      0x1eb ./Libraries/XMCLib/src/xmc_usic.o
 .debug_abbrev  0x00000a6c      0x266 ./Libraries/XMCLib/src/xmc_vadc.o
 .debug_abbrev  0x00000cd2       0xbd ./Libraries/Newlib/syscalls.o
 .debug_abbrev  0x00000d8f      0x266 ./Dave/Generated/UART/uart.o
 .debug_abbrev  0x00000ff5      0x24b ./Dave/Generated/UART/uart_conf.o
 .debug_abbrev  0x00001240      0x295 ./Dave/Generated/SYSTIMER/systimer.o
 .debug_abbrev  0x000014d5       0x7a ./Dave/Generated/SYSTIMER/systimer_conf.o
 .debug_abbrev  0x0000154f      0x1e6 ./Dave/Generated/GLOBAL_ADC/global_adc.o
 .debug_abbrev  0x00001735      0x185 ./Dave/Generated/GLOBAL_ADC/global_adc_conf.o
 .debug_abbrev  0x000018ba      0x148 ./Dave/Generated/DIGITAL_IO/digital_io.o
 .debug_abbrev  0x00001a02       0xfd ./Dave/Generated/DIGITAL_IO/digital_io_conf.o
 .debug_abbrev  0x00001aff      0x184 ./Dave/Generated/CPU_CTRL_XMC4/cpu_ctrl_xmc4_conf.o
 .debug_abbrev  0x00001c83      0x10f ./Dave/Generated/CLOCK_XMC4/clock_xmc4.o
 .debug_abbrev  0x00001d92      0x104 ./Dave/Generated/CLOCK_XMC4/clock_xmc4_conf.o
 .debug_abbrev  0x00001e96      0x26d ./Dave/Generated/ADC_MEASUREMENT/adc_measurement.o
 .debug_abbrev  0x00002103      0x17b ./Dave/Generated/ADC_MEASUREMENT/adc_measurement_conf.o
 .debug_abbrev  0x0000227e      0x1c2 ./Dave/Generated/DAVE.o
 .debug_abbrev  0x00002440      0x1b3 ./main.o

.debug_line     0x00000000     0x55e3
 *(.debug_line)
 .debug_line    0x00000000       0x88 ./Startup/startup_XMC4500.o
 .debug_line    0x00000088      0x2e3 ./Startup/system_XMC4500.o
 .debug_line    0x0000036b      0x1ef ./Libraries/XMCLib/src/xmc4_gpio.o
 .debug_line    0x0000055a      0xd7c ./Libraries/XMCLib/src/xmc4_scu.o
 .debug_line    0x000012d6      0x1dd ./Libraries/XMCLib/src/xmc_gpio.o
 .debug_line    0x000014b3      0x346 ./Libraries/XMCLib/src/xmc_uart.o
 .debug_line    0x000017f9      0x3f5 ./Libraries/XMCLib/src/xmc_usic.o
 .debug_line    0x00001bee      0xacf ./Libraries/XMCLib/src/xmc_vadc.o
 .debug_line    0x000026bd       0xb7 ./Libraries/Newlib/syscalls.o
 .debug_line    0x00002774      0x587 ./Dave/Generated/UART/uart.o
 .debug_line    0x00002cfb      0x34d ./Dave/Generated/UART/uart_conf.o
 .debug_line    0x00003048      0x473 ./Dave/Generated/SYSTIMER/systimer.o
 .debug_line    0x000034bb      0x15e ./Dave/Generated/SYSTIMER/systimer_conf.o
 .debug_line    0x00003619      0x303 ./Dave/Generated/GLOBAL_ADC/global_adc.o
 .debug_line    0x0000391c      0x24e ./Dave/Generated/GLOBAL_ADC/global_adc_conf.o
 .debug_line    0x00003b6a      0x251 ./Dave/Generated/DIGITAL_IO/digital_io.o
 .debug_line    0x00003dbb      0x1d1 ./Dave/Generated/DIGITAL_IO/digital_io_conf.o
 .debug_line    0x00003f8c      0x256 ./Dave/Generated/CPU_CTRL_XMC4/cpu_ctrl_xmc4_conf.o
 .debug_line    0x000041e2      0x287 ./Dave/Generated/CLOCK_XMC4/clock_xmc4.o
 .debug_line    0x00004469      0x25d ./Dave/Generated/CLOCK_XMC4/clock_xmc4_conf.o
 .debug_line    0x000046c6      0x4b5 ./Dave/Generated/ADC_MEASUREMENT/adc_measurement.o
 .debug_line    0x00004b7b      0x2d9 ./Dave/Generated/ADC_MEASUREMENT/adc_measurement_conf.o
 .debug_line    0x00004e54      0x3ff ./Dave/Generated/DAVE.o
 .debug_line    0x00005253      0x390 ./main.o

.debug_frame    0x00000000     0x31b0
 *(.debug_frame)
 .debug_frame   0x00000000       0xec ./Startup/system_XMC4500.o
 .debug_frame   0x000000ec       0x60 ./Libraries/XMCLib/src/xmc4_gpio.o
 .debug_frame   0x0000014c     0x11a4 ./Libraries/XMCLib/src/xmc4_scu.o
 .debug_frame   0x000012f0       0x60 ./Libraries/XMCLib/src/xmc_gpio.o
 .debug_frame   0x00001350      0x1c8 ./Libraries/XMCLib/src/xmc_uart.o
 .debug_frame   0x00001518      0x268 ./Libraries/XMCLib/src/xmc_usic.o
 .debug_frame   0x00001780      0xc00 ./Libraries/XMCLib/src/xmc_vadc.o
 .debug_frame   0x00002380       0x5c ./Libraries/Newlib/syscalls.o
 .debug_frame   0x000023dc      0x474 ./Dave/Generated/UART/uart.o
 .debug_frame   0x00002850      0x15c ./Dave/Generated/UART/uart_conf.o
 .debug_frame   0x000029ac      0x2dc ./Dave/Generated/SYSTIMER/systimer.o
 .debug_frame   0x00002c88       0x88 ./Dave/Generated/GLOBAL_ADC/global_adc.o
 .debug_frame   0x00002d10       0x60 ./Dave/Generated/DIGITAL_IO/digital_io.o
 .debug_frame   0x00002d70       0x60 ./Dave/Generated/CPU_CTRL_XMC4/cpu_ctrl_xmc4_conf.o
 .debug_frame   0x00002dd0       0xac ./Dave/Generated/CLOCK_XMC4/clock_xmc4.o
 .debug_frame   0x00002e7c       0x3c ./Dave/Generated/CLOCK_XMC4/clock_xmc4_conf.o
 .debug_frame   0x00002eb8      0x240 ./Dave/Generated/ADC_MEASUREMENT/adc_measurement.o
 .debug_frame   0x000030f8       0x38 ./Dave/Generated/DAVE.o
 .debug_frame   0x00003130       0x54 ./main.o
 .debug_frame   0x00003184       0x2c c:/davev4/dave-4.3.2/eclipse/arm-gcc-49/bin/../lib/gcc/arm-none-eabi/4.9.3/../../../../arm-none-eabi/lib/armv7e-m/softfp\libg_nano.a(lib_a-init.o)

.debug_str      0x00000000     0x8308
 *(.debug_str)
 .debug_str     0x00000000      0x4fe ./Startup/system_XMC4500.o
                                0x57e (size before relaxing)
 .debug_str     0x000004fe      0x544 ./Libraries/XMCLib/src/xmc4_gpio.o
                                0x76d (size before relaxing)
 .debug_str     0x00000a42     0x1f63 ./Libraries/XMCLib/src/xmc4_scu.o
                               0x241d (size before relaxing)
 .debug_str     0x000029a5       0xca ./Libraries/XMCLib/src/xmc_gpio.o
                                0x61b (size before relaxing)
 .debug_str     0x00002a6f      0x889 ./Libraries/XMCLib/src/xmc_uart.o
                                0xaf1 (size before relaxing)
 .debug_str     0x000032f8      0x961 ./Libraries/XMCLib/src/xmc_usic.o
                               0x1060 (size before relaxing)
 .debug_str     0x00003c59     0x20cd ./Libraries/XMCLib/src/xmc_vadc.o
                               0x26f3 (size before relaxing)
 .debug_str     0x00005d26       0x6f ./Libraries/Newlib/syscalls.o
                                0x221 (size before relaxing)
 .debug_str     0x00005d95      0xbcd ./Dave/Generated/UART/uart.o
                               0x1c66 (size before relaxing)
 .debug_str     0x00006962      0x7b7 ./Dave/Generated/UART/uart_conf.o
                               0x19b4 (size before relaxing)
 .debug_str     0x00007119      0x383 ./Dave/Generated/SYSTIMER/systimer.o
                                0xd46 (size before relaxing)
 .debug_str     0x0000749c       0x38 ./Dave/Generated/SYSTIMER/systimer_conf.o
                                0x229 (size before relaxing)
 .debug_str     0x000074d4      0x1c8 ./Dave/Generated/GLOBAL_ADC/global_adc.o
                                0xa1c (size before relaxing)
 .debug_str     0x0000769c      0x21d ./Dave/Generated/GLOBAL_ADC/global_adc_conf.o
                                0xb1b (size before relaxing)
 .debug_str     0x000078b9       0xdf ./Dave/Generated/DIGITAL_IO/digital_io.o
                                0x8aa (size before relaxing)
 .debug_str     0x00007998       0x4e ./Dave/Generated/DIGITAL_IO/digital_io_conf.o
                                0x80a (size before relaxing)
 .debug_str     0x000079e6       0x92 ./Dave/Generated/CPU_CTRL_XMC4/cpu_ctrl_xmc4_conf.o
                                0x3ab (size before relaxing)
 .debug_str     0x00007a78       0xe7 ./Dave/Generated/CLOCK_XMC4/clock_xmc4.o
                                0x35e (size before relaxing)
 .debug_str     0x00007b5f       0x50 ./Dave/Generated/CLOCK_XMC4/clock_xmc4_conf.o
                                0x73e (size before relaxing)
 .debug_str     0x00007baf      0x3df ./Dave/Generated/ADC_MEASUREMENT/adc_measurement.o
                               0x1830 (size before relaxing)
 .debug_str     0x00007f8e      0x2ca ./Dave/Generated/ADC_MEASUREMENT/adc_measurement_conf.o
                               0x179e (size before relaxing)
 .debug_str     0x00008258       0x65 ./Dave/Generated/DAVE.o
                               0x1b4a (size before relaxing)
 .debug_str     0x000082bd       0x4b ./main.o
                                0xfdf (size before relaxing)

.debug_loc      0x00000000     0x67de
 *(.debug_loc)
 .debug_loc     0x00000000      0x1a4 ./Startup/system_XMC4500.o
 .debug_loc     0x000001a4       0xb8 ./Libraries/XMCLib/src/xmc4_gpio.o
 .debug_loc     0x0000025c     0x24d8 ./Libraries/XMCLib/src/xmc4_scu.o
 .debug_loc     0x00002734       0xb8 ./Libraries/XMCLib/src/xmc_gpio.o
 .debug_loc     0x000027ec      0x3c4 ./Libraries/XMCLib/src/xmc_uart.o
 .debug_loc     0x00002bb0      0x52a ./Libraries/XMCLib/src/xmc_usic.o
 .debug_loc     0x000030da     0x1ac8 ./Libraries/XMCLib/src/xmc_vadc.o
 .debug_loc     0x00004ba2       0x94 ./Libraries/Newlib/syscalls.o
 .debug_loc     0x00004c36      0x98c ./Dave/Generated/UART/uart.o
 .debug_loc     0x000055c2      0x2b8 ./Dave/Generated/UART/uart_conf.o
 .debug_loc     0x0000587a      0x5dc ./Dave/Generated/SYSTIMER/systimer.o
 .debug_loc     0x00005e56      0x108 ./Dave/Generated/GLOBAL_ADC/global_adc.o
 .debug_loc     0x00005f5e       0xac ./Dave/Generated/DIGITAL_IO/digital_io.o
 .debug_loc     0x0000600a       0xac ./Dave/Generated/CPU_CTRL_XMC4/cpu_ctrl_xmc4_conf.o
 .debug_loc     0x000060b6      0x14c ./Dave/Generated/CLOCK_XMC4/clock_xmc4.o
 .debug_loc     0x00006202       0x50 ./Dave/Generated/CLOCK_XMC4/clock_xmc4_conf.o
 .debug_loc     0x00006252      0x4c0 ./Dave/Generated/ADC_MEASUREMENT/adc_measurement.o
 .debug_loc     0x00006712       0x50 ./Dave/Generated/DAVE.o
 .debug_loc     0x00006762       0x7c ./main.o

.debug_macinfo
 *(.debug_macinfo)

.debug_ranges   0x00000000      0xa78
 *(.debug_ranges)
 .debug_ranges  0x00000000       0x38 ./Startup/system_XMC4500.o
 .debug_ranges  0x00000038       0x18 ./Libraries/XMCLib/src/xmc4_gpio.o
 .debug_ranges  0x00000050      0x3b0 ./Libraries/XMCLib/src/xmc4_scu.o
 .debug_ranges  0x00000400       0x18 ./Libraries/XMCLib/src/xmc_gpio.o
 .debug_ranges  0x00000418       0x60 ./Libraries/XMCLib/src/xmc_uart.o
 .debug_ranges  0x00000478       0x80 ./Libraries/XMCLib/src/xmc_usic.o
 .debug_ranges  0x000004f8      0x270 ./Libraries/XMCLib/src/xmc_vadc.o
 .debug_ranges  0x00000768       0x18 ./Libraries/Newlib/syscalls.o
 .debug_ranges  0x00000780       0xe8 ./Dave/Generated/UART/uart.o
 .debug_ranges  0x00000868       0x50 ./Dave/Generated/UART/uart_conf.o
 .debug_ranges  0x000008b8       0x98 ./Dave/Generated/SYSTIMER/systimer.o
 .debug_ranges  0x00000950       0x20 ./Dave/Generated/GLOBAL_ADC/global_adc.o
 .debug_ranges  0x00000970       0x18 ./Dave/Generated/DIGITAL_IO/digital_io.o
 .debug_ranges  0x00000988       0x18 ./Dave/Generated/CPU_CTRL_XMC4/cpu_ctrl_xmc4_conf.o
 .debug_ranges  0x000009a0       0x28 ./Dave/Generated/CLOCK_XMC4/clock_xmc4.o
 .debug_ranges  0x000009c8       0x10 ./Dave/Generated/CLOCK_XMC4/clock_xmc4_conf.o
 .debug_ranges  0x000009d8       0x78 ./Dave/Generated/ADC_MEASUREMENT/adc_measurement.o
 .debug_ranges  0x00000a50       0x10 ./Dave/Generated/DAVE.o
 .debug_ranges  0x00000a60       0x18 ./main.o

.debug_weaknames
 *(.debug_weaknames)

.debug_funcnames
 *(.debug_funcnames)

.debug_typenames
 *(.debug_typenames)

.debug_varnames
 *(.debug_varnames)

.build_attributes
                0x00000000      0x548
 *(.ARM.attributes)
 .ARM.attributes
                0x00000000       0x25 ./Startup/startup_XMC4500.o
 .ARM.attributes
                0x00000025       0x37 ./Startup/system_XMC4500.o
 .ARM.attributes
                0x0000005c       0x37 ./Libraries/XMCLib/src/xmc4_gpio.o
 .ARM.attributes
                0x00000093       0x37 ./Libraries/XMCLib/src/xmc4_scu.o
 .ARM.attributes
                0x000000ca       0x37 ./Libraries/XMCLib/src/xmc_gpio.o
 .ARM.attributes
                0x00000101       0x37 ./Libraries/XMCLib/src/xmc_uart.o
 .ARM.attributes
                0x00000138       0x37 ./Libraries/XMCLib/src/xmc_usic.o
 .ARM.attributes
                0x0000016f       0x37 ./Libraries/XMCLib/src/xmc_vadc.o
 .ARM.attributes
                0x000001a6       0x37 ./Libraries/Newlib/syscalls.o
 .ARM.attributes
                0x000001dd       0x37 ./Dave/Generated/UART/uart.o
 .ARM.attributes
                0x00000214       0x37 ./Dave/Generated/UART/uart_conf.o
 .ARM.attributes
                0x0000024b       0x37 ./Dave/Generated/SYSTIMER/systimer.o
 .ARM.attributes
                0x00000282       0x37 ./Dave/Generated/SYSTIMER/systimer_conf.o
 .ARM.attributes
                0x000002b9       0x37 ./Dave/Generated/GLOBAL_ADC/global_adc.o
 .ARM.attributes
                0x000002f0       0x37 ./Dave/Generated/GLOBAL_ADC/global_adc_conf.o
 .ARM.attributes
                0x00000327       0x37 ./Dave/Generated/DIGITAL_IO/digital_io.o
 .ARM.attributes
                0x0000035e       0x37 ./Dave/Generated/DIGITAL_IO/digital_io_conf.o
 .ARM.attributes
                0x00000395       0x37 ./Dave/Generated/CPU_CTRL_XMC4/cpu_ctrl_xmc4_conf.o
 .ARM.attributes
                0x000003cc       0x37 ./Dave/Generated/CLOCK_XMC4/clock_xmc4.o
 .ARM.attributes
                0x00000403       0x37 ./Dave/Generated/CLOCK_XMC4/clock_xmc4_conf.o
 .ARM.attributes
                0x0000043a       0x37 ./Dave/Generated/ADC_MEASUREMENT/adc_measurement.o
 .ARM.attributes
                0x00000471       0x37 ./Dave/Generated/ADC_MEASUREMENT/adc_measurement_conf.o
 .ARM.attributes
                0x000004a8       0x37 ./Dave/Generated/DAVE.o
 .ARM.attributes
                0x000004df       0x37 ./main.o
 .ARM.attributes
                0x00000516       0x32 c:/davev4/dave-4.3.2/eclipse/arm-gcc-49/bin/../lib/gcc/arm-none-eabi/4.9.3/../../../../arm-none-eabi/lib/armv7e-m/softfp\libg_nano.a(lib_a-init.o)
OUTPUT(UART_Serial_Test.elf elf32-littlearm)
