Archive member included because of file (symbol)

c:/davev4/dave-4.3.2/eclipse/arm-gcc-49/bin/../lib/gcc/arm-none-eabi/4.9.3/../../../../arm-none-eabi/lib/armv7e-m/softfp\libg_nano.a(lib_a-errno.o)
                              ./Libraries/Newlib/syscalls.o (__errno)
c:/davev4/dave-4.3.2/eclipse/arm-gcc-49/bin/../lib/gcc/arm-none-eabi/4.9.3/../../../../arm-none-eabi/lib/armv7e-m/softfp\libg_nano.a(lib_a-impure.o)
                              c:/davev4/dave-4.3.2/eclipse/arm-gcc-49/bin/../lib/gcc/arm-none-eabi/4.9.3/../../../../arm-none-eabi/lib/armv7e-m/softfp\libg_nano.a(lib_a-errno.o) (_impure_ptr)
c:/davev4/dave-4.3.2/eclipse/arm-gcc-49/bin/../lib/gcc/arm-none-eabi/4.9.3/../../../../arm-none-eabi/lib/armv7e-m/softfp\libg_nano.a(lib_a-init.o)
                              ./Startup/startup_XMC4500.o (__libc_init_array)
c:/davev4/dave-4.3.2/eclipse/arm-gcc-49/bin/../lib/gcc/arm-none-eabi/4.9.3/../../../../arm-none-eabi/lib/armv7e-m/softfp\libg_nano.a(lib_a-memcpy.o)
                              ./Libraries/XMCLib/src/xmc_eth_mac.o (memcpy)
c:/davev4/dave-4.3.2/eclipse/arm-gcc-49/bin/../lib/gcc/arm-none-eabi/4.9.3/../../../../arm-none-eabi/lib/armv7e-m/softfp\libg_nano.a(lib_a-memset.o)
                              ./Libraries/XMCLib/src/xmc_usbd.o (memset)

Allocating common symbols
Common symbol       size              file

Timer_20ms_Id       0x4               ./main.o
dma0_event_handlers
                    0x20              ./Libraries/XMCLib/src/xmc_dma.o
g_timer_tbl         0x120             ./Dave/Generated/SYSTIMER/systimer.o
pipe                0x1c0             ./Libraries/XMCLib/src/xmc_usbh.o
dma1_event_handlers
                    0x10              ./Libraries/XMCLib/src/xmc_dma.o
event_handler_list  0x80              ./Libraries/XMCLib/src/xmc4_scu.o
is_nack             0xe               ./Libraries/XMCLib/src/xmc_usbh.o
usbd_init           0x4               ./Libraries/XMCLib/src/xmc_usbd.o
xmc_device          0x208             ./Libraries/XMCLib/src/xmc_usbd.o

Discarded input sections

 .text          0x00000000        0x0 ./Startup/startup_XMC4500.o
 .data          0x00000000        0x0 ./Startup/startup_XMC4500.o
 .bss           0x00000000        0x0 ./Startup/startup_XMC4500.o
 .text          0x00000000        0x0 ./Startup/system_XMC4500.o
 .data          0x00000000        0x0 ./Startup/system_XMC4500.o
 .bss           0x00000000        0x0 ./Startup/system_XMC4500.o
 .text.delay    0x00000000       0x28 ./Startup/system_XMC4500.o
 .text.SystemCoreSetup
                0x00000000       0x70 ./Startup/system_XMC4500.o
 .text.SystemCoreClockSetup
                0x00000000      0x208 ./Startup/system_XMC4500.o
 .text.OSCHP_GetFrequency
                0x00000000       0x14 ./Startup/system_XMC4500.o
 .comment       0x00000000       0x71 ./Startup/system_XMC4500.o
 .text          0x00000000        0x0 ./Libraries/XMCLib/src/xmc4_eru.o
 .data          0x00000000        0x0 ./Libraries/XMCLib/src/xmc4_eru.o
 .bss           0x00000000        0x0 ./Libraries/XMCLib/src/xmc4_eru.o
 .text.XMC_ERU_Enable
                0x00000000       0x24 ./Libraries/XMCLib/src/xmc4_eru.o
 .text.XMC_ERU_Disable
                0x00000000       0x24 ./Libraries/XMCLib/src/xmc4_eru.o
 .debug_info    0x00000000      0x4ae ./Libraries/XMCLib/src/xmc4_eru.o
 .debug_abbrev  0x00000000      0x13b ./Libraries/XMCLib/src/xmc4_eru.o
 .debug_loc     0x00000000       0xa0 ./Libraries/XMCLib/src/xmc4_eru.o
 .debug_aranges
                0x00000000       0x28 ./Libraries/XMCLib/src/xmc4_eru.o
 .debug_ranges  0x00000000       0x18 ./Libraries/XMCLib/src/xmc4_eru.o
 .debug_line    0x00000000      0x24e ./Libraries/XMCLib/src/xmc4_eru.o
 .debug_str     0x00000000      0x5fb ./Libraries/XMCLib/src/xmc4_eru.o
 .comment       0x00000000       0x71 ./Libraries/XMCLib/src/xmc4_eru.o
 .debug_frame   0x00000000       0x60 ./Libraries/XMCLib/src/xmc4_eru.o
 .ARM.attributes
                0x00000000       0x37 ./Libraries/XMCLib/src/xmc4_eru.o
 .text          0x00000000        0x0 ./Libraries/XMCLib/src/xmc4_flash.o
 .data          0x00000000        0x0 ./Libraries/XMCLib/src/xmc4_flash.o
 .bss           0x00000000        0x0 ./Libraries/XMCLib/src/xmc4_flash.o
 .text.XMC_FLASH_lEnterPageModeCommand
                0x00000000       0x20 ./Libraries/XMCLib/src/xmc4_flash.o
 .text.XMC_FLASH_lLoadPageCommand
                0x00000000       0x30 ./Libraries/XMCLib/src/xmc4_flash.o
 .text.XMC_FLASH_lWritePageCommand
                0x00000000       0x44 ./Libraries/XMCLib/src/xmc4_flash.o
 .text.XMC_FLASH_lWriteUCBPageCommand
                0x00000000       0x44 ./Libraries/XMCLib/src/xmc4_flash.o
 .text.XMC_FLASH_lEraseSectorCommand
                0x00000000       0x58 ./Libraries/XMCLib/src/xmc4_flash.o
 .text.XMC_FLASH_lDisableSectorWriteProtectionCommand
                0x00000000       0x64 ./Libraries/XMCLib/src/xmc4_flash.o
 .text.XMC_FLASH_lDisableReadProtectionCommand
[...]
Memory Configuration

Name             Origin             Length             Attributes
FLASH_1_cached   0x08000000         0x00100000         xr
FLASH_1_uncached 0x0c000000         0x00100000         xr
PSRAM_1          0x10000000         0x00010000         !xr
DSRAM_1_system   0x20000000         0x00010000         !xr
DSRAM_2_comm     0x30000000         0x00008000         !xr
*default*        0x00000000         0xffffffff

Linker script and memory map

LOAD ./Startup/startup_XMC4500.o
LOAD ./Startup/system_XMC4500.o
LOAD ./Libraries/XMCLib/src/xmc4_eru.o
LOAD ./Libraries/XMCLib/src/xmc4_flash.o
LOAD ./Libraries/XMCLib/src/xmc4_gpio.o
LOAD ./Libraries/XMCLib/src/xmc4_rtc.o
LOAD ./Libraries/XMCLib/src/xmc4_scu.o
LOAD ./Libraries/XMCLib/src/xmc_can.o
LOAD ./Libraries/XMCLib/src/xmc_ccu4.o
LOAD ./Libraries/XMCLib/src/xmc_ccu8.o
LOAD ./Libraries/XMCLib/src/xmc_common.o
LOAD ./Libraries/XMCLib/src/xmc_dac.o
LOAD ./Libraries/XMCLib/src/xmc_dma.o
LOAD ./Libraries/XMCLib/src/xmc_dsd.o
LOAD ./Libraries/XMCLib/src/xmc_ebu.o
LOAD ./Libraries/XMCLib/src/xmc_ecat.o
LOAD ./Libraries/XMCLib/src/xmc_eru.o
LOAD ./Libraries/XMCLib/src/xmc_eth_mac.o
LOAD ./Libraries/XMCLib/src/xmc_fce.o
LOAD ./Libraries/XMCLib/src/xmc_gpio.o
LOAD ./Libraries/XMCLib/src/xmc_hrpwm.o
LOAD ./Libraries/XMCLib/src/xmc_i2c.o
LOAD ./Libraries/XMCLib/src/xmc_i2s.o
LOAD ./Libraries/XMCLib/src/xmc_ledts.o
LOAD ./Libraries/XMCLib/src/xmc_posif.o
LOAD ./Libraries/XMCLib/src/xmc_rtc.o
LOAD ./Libraries/XMCLib/src/xmc_sdmmc.o
LOAD ./Libraries/XMCLib/src/xmc_spi.o
LOAD ./Libraries/XMCLib/src/xmc_uart.o
LOAD ./Libraries/XMCLib/src/xmc_usbd.o
LOAD ./Libraries/XMCLib/src/xmc_usbh.o
LOAD ./Libraries/XMCLib/src/xmc_usic.o
LOAD ./Libraries/XMCLib/src/xmc_vadc.o
LOAD ./Libraries/XMCLib/src/xmc_wdt.o
LOAD ./Libraries/Newlib/syscalls.o
LOAD ./Dave/Generated/UART/uart.o
LOAD ./Dave/Generated/UART/uart_conf.o
LOAD ./Dave/Generated/SYSTIMER/systimer.o
LOAD ./Dave/Generated/SYSTIMER/systimer_conf.o
LOAD ./Dave/Generated/DIGITAL_IO/digital_io.o
LOAD ./Dave/Generated/DIGITAL_IO/digital_io_conf.o
LOAD ./Dave/Generated/CPU_CTRL_XMC4/cpu_ctrl_xmc4.o
LOAD ./Dave/Generated/CPU_CTRL_XMC4/cpu_ctrl_xmc4_conf.o
LOAD ./Dave/Generated/CLOCK_XMC4/clock_xmc4.o
LOAD ./Dave/Generated/CLOCK_XMC4/clock_xmc4_conf.o
LOAD ./Dave/Generated/DAVE.o
LOAD ./main.o
LOAD c:/davev4/dave-4.3.2/eclipse/arm-gcc-49/bin/../lib/gcc/arm-none-eabi/4.9.3/../../../../arm-none-eabi/lib/armv7e-m/softfp\libm.a
START GROUP
LOAD c:/davev4/dave-4.3.2/eclipse/arm-gcc-49/bin/../lib/gcc/arm-none-eabi/4.9.3/armv7e-m/softfp\libgcc.a
LOAD c:/davev4/dave-4.3.2/eclipse/arm-gcc-49/bin/../lib/gcc/arm-none-eabi/4.9.3/../../../../arm-none-eabi/lib/armv7e-m/softfp\libg_nano.a
LOAD c:/davev4/dave-4.3.2/eclipse/arm-gcc-49/bin/../lib/gcc/arm-none-eabi/4.9.3/../../../../arm-none-eabi/lib/armv7e-m/softfp\libc_nano.a
END GROUP
START GROUP
LOAD c:/davev4/dave-4.3.2/eclipse/arm-gcc-49/bin/../lib/gcc/arm-none-eabi/4.9.3/armv7e-m/softfp\libgcc.a
LOAD c:/davev4/dave-4.3.2/eclipse/arm-gcc-49/bin/../lib/gcc/arm-none-eabi/4.9.3/../../../../arm-none-eabi/lib/armv7e-m/softfp\libc_nano.a
LOAD c:/davev4/dave-4.3.2/eclipse/arm-gcc-49/bin/../lib/gcc/arm-none-eabi/4.9.3/../../../../arm-none-eabi/lib/armv7e-m/softfp\libnosys.a
END GROUP
START GROUP
LOAD c:/davev4/dave-4.3.2/eclipse/arm-gcc-49/bin/../lib/gcc/arm-none-eabi/4.9.3/armv7e-m/softfp\libgcc.a
LOAD c:/davev4/dave-4.3.2/eclipse/arm-gcc-49/bin/../lib/gcc/arm-none-eabi/4.9.3/../../../../arm-none-eabi/lib/armv7e-m/softfp\libc_nano.a
LOAD c:/davev4/dave-4.3.2/eclipse/arm-gcc-49/bin/../lib/gcc/arm-none-eabi/4.9.3/../../../../arm-none-eabi/lib/armv7e-m/softfp\libnosys.a
END GROUP
                0x00000800                stack_size = DEFINED (stack_size)?stack_size:0x800
                0x00000040                no_init_size = 0x40

.text           0x08000000     0x2404 load address 0x0c000000
                0x08000000                sText = .
 *(.reset)
 .reset         0x08000000      0x2b4 ./Startup/startup_XMC4500.o
                0x08000000                __Vectors
                0x08000200                Reset_Handler
                0x080002b0                DSD0_7_IRQHandler
                0x080002b0                DebugMon_Handler
                0x080002b0                VADC0_C0_0_IRQHandler
                0x080002b0                CAN0_4_IRQHandler
                0x080002b0                VADC0_G2_0_IRQHandler
                0x080002b0                POSIF0_0_IRQHandler
                0x080002b0                POSIF1_0_IRQHandler
                0x080002b0                HardFault_Handler
                0x080002b0                VADC0_G1_1_IRQHandler
                0x080002b0                PendSV_Handler
                0x080002b0                NMI_Handler
                0x080002b0                USIC1_3_IRQHandler
                0x080002b0                CCU40_2_IRQHandler
                0x080002b0                SCU_0_IRQHandler
                0x080002b0                ERU0_0_IRQHandler
                0x080002b0                CCU41_0_IRQHandler
                0x080002b0                USIC1_5_IRQHandler
                0x080002b0                DSD0_4_IRQHandler
                0x080002b0                CCU80_1_IRQHandler
                0x080002b0                CCU81_0_IRQHandler
                0x080002b0                UsageFault_Handler
                0x080002b0                USIC0_0_IRQHandler
                0x080002b0                POSIF1_1_IRQHandler
                0x080002b0                ERU0_2_IRQHandler
                0x080002b0                CCU81_1_IRQHandler
                0x080002b0                ERU1_1_IRQHandler
                0x080002b0                VADC0_G2_3_IRQHandler
                0x080002b0                VADC0_G2_2_IRQHandler
                0x080002b0                CCU42_3_IRQHandler
                0x080002b0                ERU0_3_IRQHandler
                0x080002b0                DSD0_5_IRQHandler
                0x080002b0                VADC0_C0_3_IRQHandler
                0x080002b0                CAN0_6_IRQHandler
                0x080002b0                CCU43_0_IRQHandler
                0x080002b0                VADC0_G0_1_IRQHandler
                0x080002b0                CCU81_2_IRQHandler
                0x080002b0                USIC2_4_IRQHandler
                0x080002b0                CCU81_3_IRQHandler
                0x080002b0                CCU42_1_IRQHandler
                0x080002b0                USIC1_1_IRQHandler
                0x080002b0                USIC2_5_IRQHandler
                0x080002b0                CCU40_0_IRQHandler
                0x080002b0                CAN0_0_IRQHandler
                0x080002b0                ERU1_0_IRQHandler
                0x080002b0                CCU42_2_IRQHandler
                0x080002b0                Default_Handler
                0x080002b0                USIC1_4_IRQHandler
                0x080002b0                ERU1_3_IRQHandler
                0x080002b0                USIC1_0_IRQHandler
                0x080002b0                POSIF0_1_IRQHandler
                0x080002b0                VADC0_G0_0_IRQHandler
                0x080002b0                DSD0_2_IRQHandler
                0x080002b0                CCU80_3_IRQHandler
                0x080002b0                CCU41_3_IRQHandler
                0x080002b0                CCU80_2_IRQHandler
                0x080002b0                VADC0_G1_3_IRQHandler
                0x080002b0                VADC0_G0_3_IRQHandler
                0x080002b0                GPDMA0_0_IRQHandler
                0x080002b0                PMU0_0_IRQHandler
                0x080002b0                CAN0_7_IRQHandler
                0x080002b0                DSD0_1_IRQHandler
                0x080002b0                CCU41_2_IRQHandler
                0x080002b0                VADC0_C0_1_IRQHandler
                0x080002b0                CCU43_2_IRQHandler
                0x080002b0                USIC2_2_IRQHandler
                0x080002b0                MemManage_Handler
                0x080002b0                VADC0_G3_1_IRQHandler
                0x080002b0                DAC0_0_IRQHandler
                0x080002b0                SVC_Handler
                0x080002b0                VADC0_G3_3_IRQHandler
                0x080002b0                ERU1_2_IRQHandler
                0x080002b0                CCU41_1_IRQHandler
                0x080002b0                DSD0_6_IRQHandler
                0x080002b0                CCU43_1_IRQHandler
                0x080002b0                VADC0_G1_2_IRQHandler
                0x080002b0                USIC2_3_IRQHandler
                0x080002b0                CAN0_2_IRQHandler
                0x080002b0                USIC2_0_IRQHandler
                0x080002b0                VADC0_G0_2_IRQHandler
                0x080002b0                VADC0_G2_1_IRQHandler
                0x080002b0                CAN0_3_IRQHandler
                0x080002b0                ETH0_0_IRQHandler
                0x080002b0                DSD0_0_IRQHandler
                0x080002b0                VADC0_C0_2_IRQHandler
                0x080002b0                CCU42_0_IRQHandler
                0x080002b0                FCE0_0_IRQHandler
                0x080002b0                VADC0_G1_0_IRQHandler
                0x080002b0                USB0_0_IRQHandler
                0x080002b0                CAN0_5_IRQHandler
                0x080002b0                CCU80_0_IRQHandler
                0x080002b0                CCU40_1_IRQHandler
                0x080002b0                USIC2_1_IRQHandler
                0x080002b0                USIC0_1_IRQHandler
                0x080002b0                VADC0_G3_2_IRQHandler
                0x080002b0                CCU40_3_IRQHandler
                0x080002b0                BusFault_Handler
                0x080002b0                LEDTS0_0_IRQHandler
                0x080002b0                USIC0_4_IRQHandler
                0x080002b0                CCU43_3_IRQHandler
                0x080002b0                ERU0_1_IRQHandler
                0x080002b0                VADC0_G3_0_IRQHandler
                0x080002b0                USIC1_2_IRQHandler
                0x080002b0                DSD0_3_IRQHandler
                0x080002b0                SDMMC0_0_IRQHandler
                0x080002b0                CAN0_1_IRQHandler
                0x080002b0                USIC0_2_IRQHandler
                0x080002b0                DAC0_1_IRQHandler
                0x080002b0                GPDMA1_0_IRQHandler
 *(.text .text.* .gnu.linkonce.t.*)
 .text.SystemInit
                0x080002b4       0x20 ./Startup/system_XMC4500.o
                0x080002b4                SystemInit
 .text.SystemCoreClockUpdate
                0x080002d4       0xd4 ./Startup/system_XMC4500.o
                0x080002d4                SystemCoreClockUpdate
 .text.XMC_GPIO_Init
                0x080003a8      0x140 ./Libraries/XMCLib/src/xmc4_gpio.o
                0x080003a8                XMC_GPIO_Init
 .text.XMC_SCU_CLOCK_GetCpuClockFrequency
                0x080004e8       0x18 ./Libraries/XMCLib/src/xmc4_scu.o
 .text.XMC_SCU_lDelay
                0x08000500       0x44 ./Libraries/XMCLib/src/xmc4_scu.o
 .text.XMC_SCU_CLOCK_Init
                0x08000544       0xe0 ./Libraries/XMCLib/src/xmc4_scu.o
                0x08000544                XMC_SCU_CLOCK_Init
 .text.XMC_SCU_RESET_DeassertPeripheralReset
                0x08000624       0x38 ./Libraries/XMCLib/src/xmc4_scu.o
                0x08000624                XMC_SCU_RESET_DeassertPeripheralReset
 .text.XMC_SCU_CLOCK_GetPeripheralClockFrequency
                0x0800065c       0x20 ./Libraries/XMCLib/src/xmc4_scu.o
                0x0800065c                XMC_SCU_CLOCK_GetPeripheralClockFrequency
 .text.XMC_SCU_CLOCK_SetSystemClockSource
                0x0800067c       0x28 ./Libraries/XMCLib/src/xmc4_scu.o
                0x0800067c                XMC_SCU_CLOCK_SetSystemClockSource
 .text.XMC_SCU_CLOCK_SetUsbClockSource
                0x080006a4       0x28 ./Libraries/XMCLib/src/xmc4_scu.o
                0x080006a4                XMC_SCU_CLOCK_SetUsbClockSource
 .text.XMC_SCU_CLOCK_SetWdtClockSource
                0x080006cc       0x28 ./Libraries/XMCLib/src/xmc4_scu.o
                0x080006cc                XMC_SCU_CLOCK_SetWdtClockSource
 .text.XMC_SCU_CLOCK_SetSystemPllClockSource
                0x080006f4       0x40 ./Libraries/XMCLib/src/xmc4_scu.o
                0x080006f4                XMC_SCU_CLOCK_SetSystemPllClockSource
 .text.XMC_SCU_HIB_SetRtcClockSource
                0x08000734       0x3c ./Libraries/XMCLib/src/xmc4_scu.o
                0x08000734                XMC_SCU_HIB_SetRtcClockSource
 .text.XMC_SCU_HIB_SetStandbyClockSource
                0x08000770       0x3c ./Libraries/XMCLib/src/xmc4_scu.o
                0x08000770                XMC_SCU_HIB_SetStandbyClockSource
 .text.XMC_SCU_CLOCK_SetSystemClockDivider
                0x080007ac       0x28 ./Libraries/XMCLib/src/xmc4_scu.o
                0x080007ac                XMC_SCU_CLOCK_SetSystemClockDivider
 .text.XMC_SCU_CLOCK_SetCcuClockDivider
                0x080007d4       0x28 ./Libraries/XMCLib/src/xmc4_scu.o
                0x080007d4                XMC_SCU_CLOCK_SetCcuClockDivider
 .text.XMC_SCU_CLOCK_SetCpuClockDivider
                0x080007fc       0x28 ./Libraries/XMCLib/src/xmc4_scu.o
                0x080007fc                XMC_SCU_CLOCK_SetCpuClockDivider
 .text.XMC_SCU_CLOCK_SetPeripheralClockDivider
                0x08000824       0x28 ./Libraries/XMCLib/src/xmc4_scu.o
                0x08000824                XMC_SCU_CLOCK_SetPeripheralClockDivider
 .text.XMC_SCU_CLOCK_SetUsbClockDivider
                0x0800084c       0x28 ./Libraries/XMCLib/src/xmc4_scu.o
                0x0800084c                XMC_SCU_CLOCK_SetUsbClockDivider
 .text.XMC_SCU_CLOCK_SetEbuClockDivider
                0x08000874       0x28 ./Libraries/XMCLib/src/xmc4_scu.o
                0x08000874                XMC_SCU_CLOCK_SetEbuClockDivider
 .text.XMC_SCU_CLOCK_SetWdtClockDivider
                0x0800089c       0x28 ./Libraries/XMCLib/src/xmc4_scu.o
                0x0800089c                XMC_SCU_CLOCK_SetWdtClockDivider
 .text.XMC_SCU_CLOCK_StartUsbPll
                0x080008c4       0x74 ./Libraries/XMCLib/src/xmc4_scu.o
                0x080008c4                XMC_SCU_CLOCK_StartUsbPll
 .text.XMC_SCU_CLOCK_SetBackupClockCalibrationMode
                0x08000938       0x4c ./Libraries/XMCLib/src/xmc4_scu.o
                0x08000938                XMC_SCU_CLOCK_SetBackupClockCalibrationMode
 .text.XMC_SCU_HIB_EnableHibernateDomain
                0x08000984       0x58 ./Libraries/XMCLib/src/xmc4_scu.o
                0x08000984                XMC_SCU_HIB_EnableHibernateDomain
 .text.XMC_SCU_CLOCK_IsLowPowerOscillatorStable
                0x080009dc       0x24 ./Libraries/XMCLib/src/xmc4_scu.o
                0x080009dc                XMC_SCU_CLOCK_IsLowPowerOscillatorStable
 .text.XMC_SCU_CLOCK_EnableLowPowerOscillator
                0x08000a00       0x64 ./Libraries/XMCLib/src/xmc4_scu.o
                0x08000a00                XMC_SCU_CLOCK_EnableLowPowerOscillator
 .text.XMC_SCU_CLOCK_EnableHighPerformanceOscillator
                0x08000a64       0x50 ./Libraries/XMCLib/src/xmc4_scu.o
                0x08000a64                XMC_SCU_CLOCK_EnableHighPerformanceOscillator
 .text.XMC_SCU_CLOCK_IsHighPerformanceOscillatorStable
                0x08000ab4       0x28 ./Libraries/XMCLib/src/xmc4_scu.o
                0x08000ab4                XMC_SCU_CLOCK_IsHighPerformanceOscillatorStable
 .text.XMC_SCU_CLOCK_EnableSystemPll
                0x08000adc       0x20 ./Libraries/XMCLib/src/xmc4_scu.o
                0x08000adc                XMC_SCU_CLOCK_EnableSystemPll
 .text.XMC_SCU_CLOCK_DisableSystemPll
                0x08000afc       0x20 ./Libraries/XMCLib/src/xmc4_scu.o
                0x08000afc                XMC_SCU_CLOCK_DisableSystemPll
 .text.XMC_SCU_CLOCK_StartSystemPll
                0x08000b1c      0x174 ./Libraries/XMCLib/src/xmc4_scu.o
                0x08000b1c                XMC_SCU_CLOCK_StartSystemPll
 .text.XMC_SCU_CLOCK_StepSystemPllFrequency
                0x08000c90       0x2c ./Libraries/XMCLib/src/xmc4_scu.o
                0x08000c90                XMC_SCU_CLOCK_StepSystemPllFrequency
 .text.XMC_GPIO_SetHardwareControl
                0x08000cbc       0x44 ./Libraries/XMCLib/src/xmc_gpio.o
                0x08000cbc                XMC_GPIO_SetHardwareControl
 .text.XMC_USIC_CH_GetTransmitBufferStatus
                0x08000d00       0x20 ./Libraries/XMCLib/src/xmc_uart.o
 .text.XMC_UART_CH_ClearStatusFlag
                0x08000d20       0x1c ./Libraries/XMCLib/src/xmc_uart.o
 .text.XMC_UART_CH_Init
                0x08000d3c       0xac ./Libraries/XMCLib/src/xmc_uart.o
                0x08000d3c                XMC_UART_CH_Init
 .text.XMC_UART_CH_Transmit
                0x08000de8       0x4c ./Libraries/XMCLib/src/xmc_uart.o
                0x08000de8                XMC_UART_CH_Transmit
 .text.XMC_UART_CH_GetReceivedData
                0x08000e34       0x34 ./Libraries/XMCLib/src/xmc_uart.o
                0x08000e34                XMC_UART_CH_GetReceivedData
 .text.XMC_USIC_CH_Enable
                0x08000e68       0x98 ./Libraries/XMCLib/src/xmc_usic.o
                0x08000e68                XMC_USIC_CH_Enable
 .text.XMC_USIC_CH_SetBaudrate
                0x08000f00       0xe0 ./Libraries/XMCLib/src/xmc_usic.o
                0x08000f00                XMC_USIC_CH_SetBaudrate
 .text.XMC_USIC_CH_TXFIFO_Configure
                0x08000fe0       0x50 ./Libraries/XMCLib/src/xmc_usic.o
                0x08000fe0                XMC_USIC_CH_TXFIFO_Configure
 .text.XMC_USIC_CH_RXFIFO_Configure
                0x08001030       0x54 ./Libraries/XMCLib/src/xmc_usic.o
                0x08001030                XMC_USIC_CH_RXFIFO_Configure
 .text.XMC_USIC_CH_RXFIFO_SetSizeTriggerLimit
                0x08001084       0x44 ./Libraries/XMCLib/src/xmc_usic.o
                0x08001084                XMC_USIC_CH_RXFIFO_SetSizeTriggerLimit
 .text.XMC_USIC_CH_SetInterruptNodePointer
                0x080010c8       0x38 ./Libraries/XMCLib/src/xmc_usic.o
                0x080010c8                XMC_USIC_CH_SetInterruptNodePointer
 .text.XMC_USIC_CH_TXFIFO_SetInterruptNodePointer
                0x08001100       0x3c ./Libraries/XMCLib/src/xmc_usic.o
                0x08001100                XMC_USIC_CH_TXFIFO_SetInterruptNodePointer
 .text.XMC_USIC_CH_RXFIFO_SetInterruptNodePointer
                0x0800113c       0x3c ./Libraries/XMCLib/src/xmc_usic.o
                0x0800113c                XMC_USIC_CH_RXFIFO_SetInterruptNodePointer
 .text.XMC_USIC_Enable
                0x08001178       0x54 ./Libraries/XMCLib/src/xmc_usic.o
                0x08001178                XMC_USIC_Enable
 .text._init    0x080011cc        0xc ./Libraries/Newlib/syscalls.o
                0x080011cc                _init
 .text.XMC_USIC_CH_EnableEvent
                0x080011d8       0x20 ./Dave/Generated/UART/uart.o
 .text.XMC_USIC_CH_DisableEvent
                0x080011f8       0x24 ./Dave/Generated/UART/uart.o
 .text.XMC_USIC_CH_GetTransmitBufferStatus
                0x0800121c       0x20 ./Dave/Generated/UART/uart.o
 .text.XMC_USIC_CH_TriggerServiceRequest
                0x0800123c       0x20 ./Dave/Generated/UART/uart.o
 .text.XMC_USIC_CH_TXFIFO_EnableEvent
                0x0800125c       0x24 ./Dave/Generated/UART/uart.o
 .text.XMC_USIC_CH_TXFIFO_DisableEvent
                0x08001280       0x28 ./Dave/Generated/UART/uart.o
 .text.XMC_USIC_CH_TXFIFO_Flush
                0x080012a8       0x1c ./Dave/Generated/UART/uart.o
 .text.XMC_USIC_CH_TXFIFO_IsFull
                0x080012c4       0x28 ./Dave/Generated/UART/uart.o
 .text.XMC_USIC_CH_TXFIFO_IsEmpty
                0x080012ec       0x28 ./Dave/Generated/UART/uart.o
 .text.XMC_USIC_CH_RXFIFO_DisableEvent
                0x08001314       0x28 ./Dave/Generated/UART/uart.o
 .text.XMC_USIC_CH_RXFIFO_IsEmpty
                0x0800133c       0x28 ./Dave/Generated/UART/uart.o
 .text.UART_Init
                0x08001364       0x24 ./Dave/Generated/UART/uart.o
                0x08001364                UART_Init
 .text.UART_Transmit
                0x08001388       0x38 ./Dave/Generated/UART/uart.o
                0x08001388                UART_Transmit
 .text.UART_StartTransmitIRQ
                0x080013c0       0xb8 ./Dave/Generated/UART/uart.o
                0x080013c0                UART_StartTransmitIRQ
 .text.UART_lTransmitHandler
                0x08001478      0x10c ./Dave/Generated/UART/uart.o
                0x08001478                UART_lTransmitHandler
 .text.UART_lReceiveHandler
                0x08001584      0x120 ./Dave/Generated/UART/uart.o
                0x08001584                UART_lReceiveHandler
 .text.UART_lReconfigureRxFIFO
                0x080016a4       0x50 ./Dave/Generated/UART/uart.o
 .text.NVIC_GetPriorityGrouping
                0x080016f4       0x1c ./Dave/Generated/UART/uart_conf.o
 .text.NVIC_EnableIRQ
                0x08001710       0x30 ./Dave/Generated/UART/uart_conf.o
 .text.NVIC_SetPriority
                0x08001740       0x54 ./Dave/Generated/UART/uart_conf.o
 .text.NVIC_EncodePriority
                0x08001794       0x64 ./Dave/Generated/UART/uart_conf.o
 .text.XMC_USIC_CH_SetInputSource
                0x080017f8       0x3c ./Dave/Generated/UART/uart_conf.o
 .text.XMC_UART_CH_Start
                0x08001834       0x24 ./Dave/Generated/UART/uart_conf.o
 .text.dhUART_0_init
                0x08001858       0xd4 ./Dave/Generated/UART/uart_conf.o
                0x08001858                dhUART_0_init
 .text.USIC0_3_IRQHandler
                0x0800192c       0x10 ./Dave/Generated/UART/uart_conf.o
                0x0800192c                USIC0_3_IRQHandler
 .text.USIC0_5_IRQHandler
                0x0800193c       0x10 ./Dave/Generated/UART/uart_conf.o
                0x0800193c                USIC0_5_IRQHandler
 .text.NVIC_GetPriorityGrouping
                0x0800194c       0x1c ./Dave/Generated/SYSTIMER/systimer.o
 .text.NVIC_SetPriority
                0x08001968       0x54 ./Dave/Generated/SYSTIMER/systimer.o
 .text.NVIC_EncodePriority
                0x080019bc       0x64 ./Dave/Generated/SYSTIMER/systimer.o
 .text.SysTick_Config
                0x08001a20       0x44 ./Dave/Generated/SYSTIMER/systimer.o
 .text.SYSTIMER_lInsertTimerList
                0x08001a64      0x1c4 ./Dave/Generated/SYSTIMER/systimer.o
 .text.SYSTIMER_lRemoveTimerList
                0x08001c28       0xc0 ./Dave/Generated/SYSTIMER/systimer.o
 .text.SYSTIMER_lTimerHandler
                0x08001ce8       0xcc ./Dave/Generated/SYSTIMER/systimer.o
 .text.SysTick_Handler
                0x08001db4       0x48 ./Dave/Generated/SYSTIMER/systimer.o
                0x08001db4                SysTick_Handler
 .text.SYSTIMER_Init
                0x08001dfc       0x74 ./Dave/Generated/SYSTIMER/systimer.o
                0x08001dfc                SYSTIMER_Init
 .text.SYSTIMER_CreateTimer
                0x08001e70      0x13c ./Dave/Generated/SYSTIMER/systimer.o
                0x08001e70                SYSTIMER_CreateTimer
 .text.SYSTIMER_StartTimer
                0x08001fac       0x80 ./Dave/Generated/SYSTIMER/systimer.o
                0x08001fac                SYSTIMER_StartTimer
 .text.DIGITAL_IO_Init
                0x0800202c       0x40 ./Dave/Generated/DIGITAL_IO/digital_io.o
                0x0800202c                DIGITAL_IO_Init
 .text.NVIC_SetPriorityGrouping
                0x0800206c       0x48 ./Dave/Generated/CPU_CTRL_XMC4/cpu_ctrl_xmc4_conf.o
 .text.SystemCoreSetup
                0x080020b4       0xa0 ./Dave/Generated/CPU_CTRL_XMC4/cpu_ctrl_xmc4_conf.o
                0x080020b4                SystemCoreSetup
 .text.CLOCK_XMC4_Init
                0x08002154       0x20 ./Dave/Generated/CLOCK_XMC4/clock_xmc4.o
                0x08002154                CLOCK_XMC4_Init
 .text.OSCHP_GetFrequency
                0x08002174       0x14 ./Dave/Generated/CLOCK_XMC4/clock_xmc4.o
                0x08002174                OSCHP_GetFrequency
 .text.SystemCoreClockSetup
                0x08002188       0x54 ./Dave/Generated/CLOCK_XMC4/clock_xmc4_conf.o
                0x08002188                SystemCoreClockSetup
 .text.DAVE_Init
                0x080021dc       0x74 ./Dave/Generated/DAVE.o
                0x080021dc                DAVE_Init
 .text.UART_IsTxBusy
                0x08002250       0x1c ./main.o
 .text.CB_Timer_20ms
                0x0800226c       0x28 ./main.o
                0x0800226c                CB_Timer_20ms
 .text.main     0x08002294       0x88 ./main.o
                0x08002294                main
 .text.__libc_init_array
                0x0800231c       0x4c c:/davev4/dave-4.3.2/eclipse/arm-gcc-49/bin/../lib/gcc/arm-none-eabi/4.9.3/../../../../arm-none-eabi/lib/armv7e-m/softfp\libg_nano.a(lib_a-init.o)
                0x0800231c                __libc_init_array
 *(.init)
 *(.fini)
 *crtbegin.o(.ctors)
 *crtbegin?.o(.ctors)
 *(EXCLUDE_FILE(*crtend.o *crtend?.o) .ctors)
 *(SORT(.ctors.*))
 *(.ctors)
 *crtbegin.o(.dtors)
 *crtbegin?.o(.dtors)
 *(EXCLUDE_FILE(*crtend.o *crtend?.o) .dtors)
 *(SORT(.dtors.*))
 *(.dtors)
 *(.rodata .rodata.*)
 .rodata.dhUART_0_channel_config
                0x08002368        0xc ./Dave/Generated/UART/uart_conf.o
                0x08002368                dhUART_0_channel_config
 .rodata.dhUART_0_tx_pin_config
                0x08002374        0xc ./Dave/Generated/UART/uart_conf.o
                0x08002374                dhUART_0_tx_pin_config
 .rodata.dhUART_0_tx_pin
                0x08002380        0xc ./Dave/Generated/UART/uart_conf.o
                0x08002380                dhUART_0_tx_pin
 .rodata.dhUART_0_config
                0x0800238c       0x30 ./Dave/Generated/UART/uart_conf.o
                0x0800238c                dhUART_0_config
 .rodata.dhUART_0_rx_pin_config
                0x080023bc        0xc ./Dave/Generated/UART/uart_conf.o
                0x080023bc                dhUART_0_rx_pin_config
 .rodata.dhDIGITAL_OUT_0
                0x080023c8       0x14 ./Dave/Generated/DIGITAL_IO/digital_io_conf.o
                0x080023c8                dhDIGITAL_OUT_0
 .rodata.dhDIGITAL_IN_0
                0x080023dc       0x14 ./Dave/Generated/DIGITAL_IO/digital_io_conf.o
                0x080023dc                dhDIGITAL_IN_0
 .rodata        0x080023f0       0x14 ./Dave/Generated/CLOCK_XMC4/clock_xmc4_conf.o
 *(.gnu.linkonce.r*)
                0x08002404                . = ALIGN (0x4)

.glue_7         0x08002404        0x0 load address 0x0c002404
 .glue_7        0x00000000        0x0 linker stubs

.glue_7t        0x08002404        0x0 load address 0x0c002404
 .glue_7t       0x00000000        0x0 linker stubs

.vfp11_veneer   0x08002404        0x0 load address 0x0c002404
 .vfp11_veneer  0x00000000        0x0 linker stubs

.v4_bx          0x08002404        0x0 load address 0x0c002404
 .v4_bx         0x00000000        0x0 linker stubs

.iplt           0x08002404        0x0 load address 0x0c002404
 .iplt          0x00000000        0x0 ./Startup/startup_XMC4500.o

.rel.dyn        0x08002404        0x0 load address 0x0c002404
 .rel.iplt      0x00000000        0x0 ./Startup/startup_XMC4500.o

.ARM.extab
 *(.ARM.extab* .gnu.linkonce.armextab.*)
                0x08002404                __exidx_start = .

.ARM.exidx
 *(.ARM.exidx* .gnu.linkonce.armexidx.*)
                0x08002404                __exidx_end = .

Stack           0x10000000      0x800
                0x10000000                __stack_start = .
                0x10000800                . = (. + stack_size)
 *fill*         0x10000000      0x800 
                0x10000800                __stack_end = .
                0x10000800                __initial_sp = .

.ram_code       0x10000800        0x0 load address 0x0c002404
                0x10000800                . = ALIGN (0x4)
                0x10000800                __ram_code_start = .
 *(.ram_code)
                0x10000800                . = ALIGN (0x4)
                0x10000800                __ram_code_end = .
                0x0c002404                __ram_code_load = LOADADDR (.ram_code)
                0x00000000                __ram_code_size = (__ram_code_end - __ram_code_start)

PSRAM_DATA      0x10000800        0x0 load address 0x0c002404
                0x10000800                . = ALIGN (0x4)
                0x10000800                __data3_start = .
 *(PSRAM_DATA)
                0x10000800                . = ALIGN (0x4)
                0x10000800                __data3_end = .
                0x0c002404                __data3_load = LOADADDR (PSRAM_DATA)
                0x00000000                __data3_size = (__data3_end - __data3_start)

PSRAM_BSS       0x10000800        0x0 load address 0x0c002404
                0x10000800                . = ALIGN (0x4)
                0x10000800                __bss3_start = .
 *(PSRAM_BSS)
                0x10000800                . = ALIGN (0x4)
                0x10000800                __bss3_end = .
                0x10000800                . = ALIGN (0x8)
                0x10000800                Heap_Bank3_Start = .
                0x00000000                __bss3_size = (__bss3_end - __bss3_start)

.data           0x20000000       0x20 load address 0x0c002404
                0x20000000                . = ALIGN (0x4)
                0x20000000                __data_start = .
 *(.data)
 *(.data*)
 .data.dhUART_0
                0x20000000        0xc ./Dave/Generated/UART/uart_conf.o
                0x20000000                dhUART_0
 .data.Tx_Data  0x2000000c       0x14 ./main.o
                0x2000000c                Tx_Data
 *(*.data)
 *(.gnu.linkonce.d*)
                0x20000020                . = ALIGN (0x4)
                0x20000020                PROVIDE (__preinit_array_start, .)
 *(.preinit_array)
                0x20000020                PROVIDE (__preinit_array_end, .)
                0x20000020                . = ALIGN (0x4)
                0x20000020                PROVIDE (__init_array_start, .)
 *(SORT(.init_array.*))
 *(.init_array)
                0x20000020                PROVIDE (__init_array_end, .)
                0x20000020                . = ALIGN (0x4)
                0x20000020                PROVIDE (__fini_array_start, .)
 *(SORT(.fini_array.*))
 *(.fini_array)
                0x20000020                PROVIDE (__fini_array_end, .)
                0x20000020                . = ALIGN (0x4)
                0x20000020                __data_end = .
                0x0c002404                __data_load = LOADADDR (.data)
                0x00000020                __data_size = (__data_end - __data_start)

.igot.plt       0x20000020        0x0 load address 0x0c002424
 .igot.plt      0x00000000        0x0 ./Startup/startup_XMC4500.o

.bss            0x20000020      0x158 load address 0x0c002424
                0x20000020                . = ALIGN (0x4)
                0x20000020                __bss_start = .
 *(.bss)
 *(.bss*)
 .bss.dhUART_0_runtime
                0x20000020       0x1c ./Dave/Generated/UART/uart_conf.o
                0x20000020                dhUART_0_runtime
 .bss.g_timer_list
                0x2000003c        0x4 ./Dave/Generated/SYSTIMER/systimer.o
                0x2000003c                g_timer_list
 .bss.g_timer_tracker
                0x20000040        0x4 ./Dave/Generated/SYSTIMER/systimer.o
                0x20000040                g_timer_tracker
 .bss.g_systick_count
                0x20000044        0x4 ./Dave/Generated/SYSTIMER/systimer.o
                0x20000044                g_systick_count
 .bss.dhSYSTIMER_0
                0x20000048        0x4 ./Dave/Generated/SYSTIMER/systimer_conf.o
                0x20000048                dhSYSTIMER_0
 .bss.CLOCK_XMC4_0
                0x2000004c        0x4 ./Dave/Generated/CLOCK_XMC4/clock_xmc4_conf.o
                0x2000004c                CLOCK_XMC4_0
 .bss.flag      0x20000050        0x1 ./main.o
                0x20000050                flag
 *(COMMON)
 *fill*         0x20000051        0x3 
 COMMON         0x20000054      0x120 ./Dave/Generated/SYSTIMER/systimer.o
                0x20000054                g_timer_tbl
 COMMON         0x20000174        0x4 ./main.o
                0x20000174                Timer_20ms_Id
 *(.gnu.linkonce.b*)
                0x20000178                . = ALIGN (0x4)
                0x20000178                __bss_end = .
                0x20000178                . = ALIGN (0x8)
                0x20000178                Heap_Bank1_Start = .
                0x00000158                __bss_size = (__bss_end - __bss_start)

.no_init        0x2000ffc0       0x14
                0x2000ffc0                Heap_Bank1_End = .
 *(.no_init)
 .no_init       0x2000ffc0       0x14 ./Startup/system_XMC4500.o
                0x2000ffc0                SystemCoreClock
                0x2000ffc4                g_chipid

DSRAM2_DATA     0x30000000        0x0 load address 0x0c002424
                0x30000000                . = ALIGN (0x4)
                0x30000000                __data2_start = .
 *(DSRAM2_DATA)
                0x30000000                . = ALIGN (0x4)
                0x30000000                __data2_end = .
                0x0c002424                __data2_load = LOADADDR (DSRAM2_DATA)
                0x00000000                __data2_size = (__data2_end - __data2_start)

DSRAM2_BSS      0x30000000        0x0 load address 0x0c002424
                0x30000000                . = ALIGN (0x4)
                0x30000000                __bss2_start = .
 *(ETH_RAM)
 *(USB_RAM)
 *(DSRAM2_BSS)
                0x30000000                . = ALIGN (0x4)
                0x30000000                __bss2_end = .
                0x30000000                . = ALIGN (0x8)
                0x30000000                Heap_Bank2_Start = .
                0x00000000                __bss2_size = (__bss2_end - __bss2_start)
                0x0000fe48                Heap_Bank1_Size = (Heap_Bank1_End - Heap_Bank1_Start)
                0x00008000                Heap_Bank2_Size = (0x8000 - (Heap_Bank2_Start - ORIGIN (DSRAM_2_comm)))
                0x0000f800                Heap_Bank3_Size = (0x10000 - (Heap_Bank3_Start - ORIGIN (PSRAM_1)))
                0x00000001                ASSERT ((Heap_Bank1_Start <= Heap_Bank1_End), region SRAM_combined overflowed no_init section)

/DISCARD/
 *(.comment)

.stab
 *(.stab)

.stabstr
 *(.stabstr)

.debug
 *(.debug)

.line
 *(.line)

.debug_srcinfo
 *(.debug_srcinfo)

.debug_sfnames
 *(.debug_sfnames)

.debug_aranges  0x00000000      0x8c8
 *(.debug_aranges)
 .debug_aranges
                0x00000000       0x20 ./Startup/startup_XMC4500.o
 .debug_aranges
                0x00000020       0x48 ./Startup/system_XMC4500.o
 .debug_aranges
                0x00000068       0x28 ./Libraries/XMCLib/src/xmc4_gpio.o
 .debug_aranges
                0x00000090      0x3c0 ./Libraries/XMCLib/src/xmc4_scu.o
 .debug_aranges
                0x00000450       0x28 ./Libraries/XMCLib/src/xmc_gpio.o
 .debug_aranges
                0x00000478       0x70 ./Libraries/XMCLib/src/xmc_uart.o
 .debug_aranges
                0x000004e8       0x90 ./Libraries/XMCLib/src/xmc_usic.o
 .debug_aranges
                0x00000578       0x28 ./Libraries/Newlib/syscalls.o
 .debug_aranges
                0x000005a0       0xf8 ./Dave/Generated/UART/uart.o
 .debug_aranges
                0x00000698       0x60 ./Dave/Generated/UART/uart_conf.o
 .debug_aranges
                0x000006f8       0xa8 ./Dave/Generated/SYSTIMER/systimer.o
 .debug_aranges
                0x000007a0       0x18 ./Dave/Generated/SYSTIMER/systimer_conf.o
 .debug_aranges
                0x000007b8       0x28 ./Dave/Generated/DIGITAL_IO/digital_io.o
 .debug_aranges
                0x000007e0       0x18 ./Dave/Generated/DIGITAL_IO/digital_io_conf.o
 .debug_aranges
                0x000007f8       0x28 ./Dave/Generated/CPU_CTRL_XMC4/cpu_ctrl_xmc4_conf.o
 .debug_aranges
                0x00000820       0x38 ./Dave/Generated/CLOCK_XMC4/clock_xmc4.o
 .debug_aranges
                0x00000858       0x20 ./Dave/Generated/CLOCK_XMC4/clock_xmc4_conf.o
 .debug_aranges
                0x00000878       0x20 ./Dave/Generated/DAVE.o
 .debug_aranges
                0x00000898       0x30 ./main.o

.debug_pubnames
 *(.debug_pubnames)

.debug_pubtypes
 *(.debug_pubtypes)

.debug_info     0x00000000     0xa87e
 *(.debug_info .gnu.linkonce.wi.*)
 .debug_info    0x00000000       0x83 ./Startup/startup_XMC4500.o
 .debug_info    0x00000083      0x8d1 ./Startup/system_XMC4500.o
 .debug_info    0x00000954      0x422 ./Libraries/XMCLib/src/xmc4_gpio.o
 .debug_info    0x00000d76     0x20c3 ./Libraries/XMCLib/src/xmc4_scu.o
 .debug_info    0x00002e39      0x39d ./Libraries/XMCLib/src/xmc_gpio.o
 .debug_info    0x000031d6      0x88c ./Libraries/XMCLib/src/xmc_uart.o
 .debug_info    0x00003a62      0xb5d ./Libraries/XMCLib/src/xmc_usic.o
 .debug_info    0x000045bf      0x11f ./Libraries/Newlib/syscalls.o
 .debug_info    0x000046de     0x14c6 ./Dave/Generated/UART/uart.o
 .debug_info    0x00005ba4     0x136d ./Dave/Generated/UART/uart_conf.o
 .debug_info    0x00006f11      0xd6b ./Dave/Generated/SYSTIMER/systimer.o
 .debug_info    0x00007c7c       0xda ./Dave/Generated/SYSTIMER/systimer_conf.o
 .debug_info    0x00007d56      0x4dc ./Dave/Generated/DIGITAL_IO/digital_io.o
 .debug_info    0x00008232      0x429 ./Dave/Generated/DIGITAL_IO/digital_io_conf.o
 .debug_info    0x0000865b      0x475 ./Dave/Generated/CPU_CTRL_XMC4/cpu_ctrl_xmc4_conf.o
 .debug_info    0x00008ad0      0x224 ./Dave/Generated/CLOCK_XMC4/clock_xmc4.o
 .debug_info    0x00008cf4      0x385 ./Dave/Generated/CLOCK_XMC4/clock_xmc4_conf.o
 .debug_info    0x00009079      0xbfe ./Dave/Generated/DAVE.o
 .debug_info    0x00009c77      0xc07 ./main.o

.debug_abbrev   0x00000000     0x1c2d
 *(.debug_abbrev)
 .debug_abbrev  0x00000000       0x14 ./Startup/startup_XMC4500.o
 .debug_abbrev  0x00000014      0x1a1 ./Startup/system_XMC4500.o
 .debug_abbrev  0x000001b5      0x11b ./Libraries/XMCLib/src/xmc4_gpio.o
 .debug_abbrev  0x000002d0      0x2a7 ./Libraries/XMCLib/src/xmc4_scu.o
 .debug_abbrev  0x00000577      0x10c ./Libraries/XMCLib/src/xmc_gpio.o
 .debug_abbrev  0x00000683      0x1fe ./Libraries/XMCLib/src/xmc_uart.o
 .debug_abbrev  0x00000881      0x1eb ./Libraries/XMCLib/src/xmc_usic.o
 .debug_abbrev  0x00000a6c       0xbd ./Libraries/Newlib/syscalls.o
 .debug_abbrev  0x00000b29      0x266 ./Dave/Generated/UART/uart.o
 .debug_abbrev  0x00000d8f      0x24b ./Dave/Generated/UART/uart_conf.o
 .debug_abbrev  0x00000fda      0x295 ./Dave/Generated/SYSTIMER/systimer.o
 .debug_abbrev  0x0000126f       0x7a ./Dave/Generated/SYSTIMER/systimer_conf.o
 .debug_abbrev  0x000012e9      0x148 ./Dave/Generated/DIGITAL_IO/digital_io.o
 .debug_abbrev  0x00001431       0xfd ./Dave/Generated/DIGITAL_IO/digital_io_conf.o
 .debug_abbrev  0x0000152e      0x184 ./Dave/Generated/CPU_CTRL_XMC4/cpu_ctrl_xmc4_conf.o
 .debug_abbrev  0x000016b2      0x10f ./Dave/Generated/CLOCK_XMC4/clock_xmc4.o
 .debug_abbrev  0x000017c1      0x104 ./Dave/Generated/CLOCK_XMC4/clock_xmc4_conf.o
 .debug_abbrev  0x000018c5      0x18c ./Dave/Generated/DAVE.o
 .debug_abbrev  0x00001a51      0x1dc ./main.o

.debug_line     0x00000000     0x3d13
 *(.debug_line)
 .debug_line    0x00000000       0x88 ./Startup/startup_XMC4500.o
 .debug_line    0x00000088      0x2dd ./Startup/system_XMC4500.o
 .debug_line    0x00000365      0x1e9 ./Libraries/XMCLib/src/xmc4_gpio.o
 .debug_line    0x0000054e      0xd73 ./Libraries/XMCLib/src/xmc4_scu.o
 .debug_line    0x000012c1      0x1d7 ./Libraries/XMCLib/src/xmc_gpio.o
 .debug_line    0x00001498      0x33d ./Libraries/XMCLib/src/xmc_uart.o
 .debug_line    0x000017d5      0x3ec ./Libraries/XMCLib/src/xmc_usic.o
 .debug_line    0x00001bc1       0xb7 ./Libraries/Newlib/syscalls.o
 .debug_line    0x00001c78      0x57b ./Dave/Generated/UART/uart.o
 .debug_line    0x000021f3      0x344 ./Dave/Generated/UART/uart_conf.o
 .debug_line    0x00002537      0x46a ./Dave/Generated/SYSTIMER/systimer.o
 .debug_line    0x000029a1      0x15b ./Dave/Generated/SYSTIMER/systimer_conf.o
 .debug_line    0x00002afc      0x248 ./Dave/Generated/DIGITAL_IO/digital_io.o
 .debug_line    0x00002d44      0x1cb ./Dave/Generated/DIGITAL_IO/digital_io_conf.o
 .debug_line    0x00002f0f      0x250 ./Dave/Generated/CPU_CTRL_XMC4/cpu_ctrl_xmc4_conf.o
 .debug_line    0x0000315f      0x27e ./Dave/Generated/CLOCK_XMC4/clock_xmc4.o
 .debug_line    0x000033dd      0x254 ./Dave/Generated/CLOCK_XMC4/clock_xmc4_conf.o
 .debug_line    0x00003631      0x35a ./Dave/Generated/DAVE.o
 .debug_line    0x0000398b      0x388 ./main.o

.debug_frame    0x00000000     0x2310
 *(.debug_frame)
 .debug_frame   0x00000000       0xec ./Startup/system_XMC4500.o
 .debug_frame   0x000000ec       0x60 ./Libraries/XMCLib/src/xmc4_gpio.o
 .debug_frame   0x0000014c     0x11a4 ./Libraries/XMCLib/src/xmc4_scu.o
 .debug_frame   0x000012f0       0x60 ./Libraries/XMCLib/src/xmc_gpio.o
 .debug_frame   0x00001350      0x1c8 ./Libraries/XMCLib/src/xmc_uart.o
 .debug_frame   0x00001518      0x268 ./Libraries/XMCLib/src/xmc_usic.o
 .debug_frame   0x00001780       0x5c ./Libraries/Newlib/syscalls.o
 .debug_frame   0x000017dc      0x474 ./Dave/Generated/UART/uart.o
 .debug_frame   0x00001c50      0x15c ./Dave/Generated/UART/uart_conf.o
 .debug_frame   0x00001dac      0x2dc ./Dave/Generated/SYSTIMER/systimer.o
 .debug_frame   0x00002088       0x60 ./Dave/Generated/DIGITAL_IO/digital_io.o
 .debug_frame   0x000020e8       0x60 ./Dave/Generated/CPU_CTRL_XMC4/cpu_ctrl_xmc4_conf.o
 .debug_frame   0x00002148       0xac ./Dave/Generated/CLOCK_XMC4/clock_xmc4.o
 .debug_frame   0x000021f4       0x3c ./Dave/Generated/CLOCK_XMC4/clock_xmc4_conf.o
 .debug_frame   0x00002230       0x38 ./Dave/Generated/DAVE.o
 .debug_frame   0x00002268       0x7c ./main.o
 .debug_frame   0x000022e4       0x2c c:/davev4/dave-4.3.2/eclipse/arm-gcc-49/bin/../lib/gcc/arm-none-eabi/4.9.3/../../../../arm-none-eabi/lib/armv7e-m/softfp\libg_nano.a(lib_a-init.o)

.debug_str      0x00000000     0x5810
 *(.debug_str)
 .debug_str     0x00000000      0x50f ./Startup/system_XMC4500.o
                                0x57b (size before relaxing)
 .debug_str     0x0000050f      0x544 ./Libraries/XMCLib/src/xmc4_gpio.o
                                0x76a (size before relaxing)
 .debug_str     0x00000a53     0x1f7c ./Libraries/XMCLib/src/xmc4_scu.o
                               0x241a (size before relaxing)
 .debug_str     0x000029cf       0xca ./Libraries/XMCLib/src/xmc_gpio.o
                                0x618 (size before relaxing)
 .debug_str     0x00002a99      0x889 ./Libraries/XMCLib/src/xmc_uart.o
                                0xaee (size before relaxing)
 .debug_str     0x00003322      0x96f ./Libraries/XMCLib/src/xmc_usic.o
                               0x105d (size before relaxing)
 .debug_str     0x00003c91       0x6f ./Libraries/Newlib/syscalls.o
                                0x21e (size before relaxing)
 .debug_str     0x00003d00      0xbd5 ./Dave/Generated/UART/uart.o
                               0x1c63 (size before relaxing)
 .debug_str     0x000048d5      0x7d0 ./Dave/Generated/UART/uart_conf.o
                               0x19c1 (size before relaxing)
 .debug_str     0x000050a5      0x393 ./Dave/Generated/SYSTIMER/systimer.o
                                0xd43 (size before relaxing)
 .debug_str     0x00005438       0x38 ./Dave/Generated/SYSTIMER/systimer_conf.o
                                0x226 (size before relaxing)
 .debug_str     0x00005470       0xdf ./Dave/Generated/DIGITAL_IO/digital_io.o
                                0x8a7 (size before relaxing)
 .debug_str     0x0000554f       0x4e ./Dave/Generated/DIGITAL_IO/digital_io_conf.o
                                0x807 (size before relaxing)
 .debug_str     0x0000559d       0x92 ./Dave/Generated/CPU_CTRL_XMC4/cpu_ctrl_xmc4_conf.o
                                0x3a8 (size before relaxing)
 .debug_str     0x0000562f       0xe7 ./Dave/Generated/CLOCK_XMC4/clock_xmc4.o
                                0x35b (size before relaxing)
 .debug_str     0x00005716       0x50 ./Dave/Generated/CLOCK_XMC4/clock_xmc4_conf.o
                                0x73b (size before relaxing)
 .debug_str     0x00005766       0x65 ./Dave/Generated/DAVE.o
                                0xee5 (size before relaxing)
 .debug_str     0x000057cb       0x45 ./main.o
                                0xfcf (size before relaxing)

.debug_loc      0x00000000     0x47aa
 *(.debug_loc)
 .debug_loc     0x00000000      0x1a4 ./Startup/system_XMC4500.o
 .debug_loc     0x000001a4       0xb8 ./Libraries/XMCLib/src/xmc4_gpio.o
 .debug_loc     0x0000025c     0x24d8 ./Libraries/XMCLib/src/xmc4_scu.o
 .debug_loc     0x00002734       0xb8 ./Libraries/XMCLib/src/xmc_gpio.o
 .debug_loc     0x000027ec      0x3c4 ./Libraries/XMCLib/src/xmc_uart.o
 .debug_loc     0x00002bb0      0x52a ./Libraries/XMCLib/src/xmc_usic.o
 .debug_loc     0x000030da       0x94 ./Libraries/Newlib/syscalls.o
 .debug_loc     0x0000316e      0x98c ./Dave/Generated/UART/uart.o
 .debug_loc     0x00003afa      0x2b8 ./Dave/Generated/UART/uart_conf.o
 .debug_loc     0x00003db2      0x5dc ./Dave/Generated/SYSTIMER/systimer.o
 .debug_loc     0x0000438e       0xac ./Dave/Generated/DIGITAL_IO/digital_io.o
 .debug_loc     0x0000443a       0xac ./Dave/Generated/CPU_CTRL_XMC4/cpu_ctrl_xmc4_conf.o
 .debug_loc     0x000044e6      0x14c ./Dave/Generated/CLOCK_XMC4/clock_xmc4.o
 .debug_loc     0x00004632       0x50 ./Dave/Generated/CLOCK_XMC4/clock_xmc4_conf.o
 .debug_loc     0x00004682       0x50 ./Dave/Generated/DAVE.o
 .debug_loc     0x000046d2       0xd8 ./main.o

.debug_macinfo
 *(.debug_macinfo)

.debug_ranges   0x00000000      0x778
 *(.debug_ranges)
 .debug_ranges  0x00000000       0x38 ./Startup/system_XMC4500.o
 .debug_ranges  0x00000038       0x18 ./Libraries/XMCLib/src/xmc4_gpio.o
 .debug_ranges  0x00000050      0x3b0 ./Libraries/XMCLib/src/xmc4_scu.o
 .debug_ranges  0x00000400       0x18 ./Libraries/XMCLib/src/xmc_gpio.o
 .debug_ranges  0x00000418       0x60 ./Libraries/XMCLib/src/xmc_uart.o
 .debug_ranges  0x00000478       0x80 ./Libraries/XMCLib/src/xmc_usic.o
 .debug_ranges  0x000004f8       0x18 ./Libraries/Newlib/syscalls.o
 .debug_ranges  0x00000510       0xe8 ./Dave/Generated/UART/uart.o
 .debug_ranges  0x000005f8       0x50 ./Dave/Generated/UART/uart_conf.o
 .debug_ranges  0x00000648       0x98 ./Dave/Generated/SYSTIMER/systimer.o
 .debug_ranges  0x000006e0       0x18 ./Dave/Generated/DIGITAL_IO/digital_io.o
 .debug_ranges  0x000006f8       0x18 ./Dave/Generated/CPU_CTRL_XMC4/cpu_ctrl_xmc4_conf.o
 .debug_ranges  0x00000710       0x28 ./Dave/Generated/CLOCK_XMC4/clock_xmc4.o
 .debug_ranges  0x00000738       0x10 ./Dave/Generated/CLOCK_XMC4/clock_xmc4_conf.o
 .debug_ranges  0x00000748       0x10 ./Dave/Generated/DAVE.o
 .debug_ranges  0x00000758       0x20 ./main.o

.debug_weaknames
 *(.debug_weaknames)

.debug_funcnames
 *(.debug_funcnames)

.debug_typenames
 *(.debug_typenames)

.debug_varnames
 *(.debug_varnames)

.build_attributes
                0x00000000      0x435
 *(.ARM.attributes)
 .ARM.attributes
                0x00000000       0x25 ./Startup/startup_XMC4500.o
 .ARM.attributes
                0x00000025       0x37 ./Startup/system_XMC4500.o
 .ARM.attributes
                0x0000005c       0x37 ./Libraries/XMCLib/src/xmc4_gpio.o
 .ARM.attributes
                0x00000093       0x37 ./Libraries/XMCLib/src/xmc4_scu.o
 .ARM.attributes
                0x000000ca       0x37 ./Libraries/XMCLib/src/xmc_gpio.o
 .ARM.attributes
                0x00000101       0x37 ./Libraries/XMCLib/src/xmc_uart.o
 .ARM.attributes
                0x00000138       0x37 ./Libraries/XMCLib/src/xmc_usic.o
 .ARM.attributes
                0x0000016f       0x37 ./Libraries/Newlib/syscalls.o
 .ARM.attributes
                0x000001a6       0x37 ./Dave/Generated/UART/uart.o
 .ARM.attributes
                0x000001dd       0x37 ./Dave/Generated/UART/uart_conf.o
 .ARM.attributes
                0x00000214       0x37 ./Dave/Generated/SYSTIMER/systimer.o
 .ARM.attributes
                0x0000024b       0x37 ./Dave/Generated/SYSTIMER/systimer_conf.o
 .ARM.attributes
                0x00000282       0x37 ./Dave/Generated/DIGITAL_IO/digital_io.o
 .ARM.attributes
                0x000002b9       0x37 ./Dave/Generated/DIGITAL_IO/digital_io_conf.o
 .ARM.attributes
                0x000002f0       0x37 ./Dave/Generated/CPU_CTRL_XMC4/cpu_ctrl_xmc4_conf.o
 .ARM.attributes
                0x00000327       0x37 ./Dave/Generated/CLOCK_XMC4/clock_xmc4.o
 .ARM.attributes
                0x0000035e       0x37 ./Dave/Generated/CLOCK_XMC4/clock_xmc4_conf.o
 .ARM.attributes
                0x00000395       0x37 ./Dave/Generated/DAVE.o
 .ARM.attributes
                0x000003cc       0x37 ./main.o
 .ARM.attributes
                0x00000403       0x32 c:/davev4/dave-4.3.2/eclipse/arm-gcc-49/bin/../lib/gcc/arm-none-eabi/4.9.3/../../../../arm-none-eabi/lib/armv7e-m/softfp\libg_nano.a(lib_a-init.o)
OUTPUT(UART_Serial_Test.elf elf32-littlearm)
